09-16 12:41:01 com_github_MitjaNemec_ReplicateLayout.action_replicate_layout 392:Plugin executed on: 'linux'
09-16 12:41:01 com_github_MitjaNemec_ReplicateLayout.action_replicate_layout 393:Plugin executed with python version: '3.11.4 (main, Jun  9 2023, 07:59:55) [GCC 12.3.0]'
09-16 12:41:01 com_github_MitjaNemec_ReplicateLayout.action_replicate_layout 394:KiCad build version: 7.0.7-7.0.7~ubuntu23.04.1
09-16 12:41:01 com_github_MitjaNemec_ReplicateLayout.action_replicate_layout 395:Plugin version: 2.1.3
09-16 12:41:01 com_github_MitjaNemec_ReplicateLayout.action_replicate_layout 396:Frame repr: <wx._core.Frame object at 0x7f7bc3ee48b0>
09-16 12:41:01 com_github_MitjaNemec_ReplicateLayout.action_replicate_layout 420:Preparing replicator with U3 as a reference
09-16 12:41:01 com_github_MitjaNemec_ReplicateLayout.replicate_layout 117:getting a list of all footprints on board
09-16 12:41:01 com_github_MitjaNemec_ReplicateLayout.action_replicate_layout 468:source anchor footprint is 'U3'
Located on: ['CAN1']
With filenames: ['CAN.kicad_sch']
With sheet_id:['CAN1']
09-16 12:41:01 com_github_MitjaNemec_ReplicateLayout.action_replicate_layout 475:Corresponding footprints are 
[('U2', ['CAN2']), ('U3', ['CAN1'])]
09-16 12:41:01 com_github_MitjaNemec_ReplicateLayout.action_replicate_layout 487:Showing dialog
09-16 12:41:01 com_github_MitjaNemec_ReplicateLayout.replicate_layout 424:constructing a list of sheets suitable for replication on level:'CAN1', file:'CAN.kicad_sch'
09-16 12:41:01 com_github_MitjaNemec_ReplicateLayout.replicate_layout 461:suitable sheets are:[['CAN2']]
09-16 12:41:01 com_github_MitjaNemec_ReplicateLayout.replicate_layout 1464:Level selected: ['CAN1']
09-16 12:41:01 com_github_MitjaNemec_ReplicateLayout.replicate_layout 1299:Filtering list of tracks
09-16 12:41:01 com_github_MitjaNemec_ReplicateLayout.action_replicate_layout 493:Toolbar position: wx.Point(1886, 123)
09-16 12:41:01 com_github_MitjaNemec_ReplicateLayout.action_replicate_layout 498:Dialog position: wx.Point(1447, 123)
09-16 12:41:10 com_github_MitjaNemec_ReplicateLayout.replicate_layout 424:constructing a list of sheets suitable for replication on level:'CAN1', file:'CAN.kicad_sch'
09-16 12:41:10 com_github_MitjaNemec_ReplicateLayout.replicate_layout 461:suitable sheets are:[['CAN2']]
09-16 12:41:10 com_github_MitjaNemec_ReplicateLayout.action_replicate_layout 240:Replicating layout
09-16 12:41:10 com_github_MitjaNemec_ReplicateLayout.replicate_layout 240:Starting replication of sheets: [['CAN2']]
on level: ['CAN1']
with tracks=True, zone=True, text=True, text=True, intersecting=False, remove=False, locked footprints=False, group_only=False
09-16 12:41:10 root 332:updating GUI message: 'Preparing for replication'
09-16 12:41:10 root 337:updating GUI with: 0
09-16 12:41:10 com_github_MitjaNemec_ReplicateLayout.replicate_layout 310:Getting the list of source footprints
09-16 12:41:10 root 337:updating GUI with: 0
09-16 12:41:10 com_github_MitjaNemec_ReplicateLayout.replicate_layout 320:Getting the list of all the remaining footprints
09-16 12:41:10 com_github_MitjaNemec_ReplicateLayout.replicate_layout 327:Getting source tracks
09-16 12:41:10 com_github_MitjaNemec_ReplicateLayout.replicate_layout 1299:Filtering list of tracks
09-16 12:41:10 com_github_MitjaNemec_ReplicateLayout.replicate_layout 331:Getting source zones
09-16 12:41:10 com_github_MitjaNemec_ReplicateLayout.replicate_layout 335:Getting source text items
09-16 12:41:10 com_github_MitjaNemec_ReplicateLayout.replicate_layout 339:Getting source drawing items
09-16 12:41:10 root 332:updating GUI message: 'Replicating footprints'
09-16 12:41:10 root 337:updating GUI with: 0
09-16 12:41:10 com_github_MitjaNemec_ReplicateLayout.replicate_layout 806:Replicating footprints
09-16 12:41:10 root 337:updating GUI with: 0
09-16 12:41:10 com_github_MitjaNemec_ReplicateLayout.replicate_layout 813:Replicating footprints on sheet ['CAN2']
09-16 12:41:10 root 332:updating GUI message: 'Replicating tracks'
09-16 12:41:10 com_github_MitjaNemec_ReplicateLayout.replicate_layout 977:Replicating tracks
09-16 12:41:10 com_github_MitjaNemec_ReplicateLayout.replicate_layout 983:Replicating tracks on sheet ['CAN2']
09-16 12:41:10 com_github_MitjaNemec_ReplicateLayout.replicate_layout 766:Net pairs for sheet ['CAN2'] :[('+3.3V', '+3.3V'), ('/CAN1/CAN-', '/CAN2/CAN-'), ('GND', 'GND'), ('/CAN1/CAN+', '/CAN2/CAN+'), ('Net-(JP4-A)', 'Net-(JP3-A)'), ('/CAN1/CAN_TX', '/CAN2/CAN_TX'), ('/CAN1/CAN_RX', '/CAN2/CAN_RX'), ('/CAN1/VREF', '/CAN2/VREF'), ('Net-(JP4-B)', 'Net-(JP3-B)')]
09-16 12:41:10 root 332:updating GUI message: 'Replicating zones'
09-16 12:41:10 com_github_MitjaNemec_ReplicateLayout.replicate_layout 1047:Replicating zones
09-16 12:41:10 com_github_MitjaNemec_ReplicateLayout.replicate_layout 1054:Replicating zones on sheet ['CAN2']
09-16 12:41:10 com_github_MitjaNemec_ReplicateLayout.replicate_layout 766:Net pairs for sheet ['CAN2'] :[('+3.3V', '+3.3V'), ('/CAN1/CAN-', '/CAN2/CAN-'), ('GND', 'GND'), ('/CAN1/CAN+', '/CAN2/CAN+'), ('Net-(JP4-A)', 'Net-(JP3-A)'), ('/CAN1/CAN_TX', '/CAN2/CAN_TX'), ('/CAN1/CAN_RX', '/CAN2/CAN_RX'), ('/CAN1/VREF', '/CAN2/VREF'), ('Net-(JP4-B)', 'Net-(JP3-B)')]
09-16 12:41:10 root 332:updating GUI message: 'Replicating text'
09-16 12:41:10 root 337:updating GUI with: 0
09-16 12:41:10 com_github_MitjaNemec_ReplicateLayout.replicate_layout 1136:Replicating text
09-16 12:41:10 com_github_MitjaNemec_ReplicateLayout.replicate_layout 1143:Replicating text on sheet ['CAN2']
09-16 12:41:10 root 332:updating GUI message: 'Replicating drawings'
09-16 12:41:10 com_github_MitjaNemec_ReplicateLayout.replicate_layout 1187:Replicating drawings
09-16 12:41:10 com_github_MitjaNemec_ReplicateLayout.replicate_layout 1193:Replicating drawings on sheet ['CAN2']
09-16 12:41:10 com_github_MitjaNemec_ReplicateLayout.action_replicate_layout 256:Replication complete
