../TER_DATABASES/ter.c:35:23:pack_left_shift_u8	16	static
../TER_DATABASES/ter.c:43:23:pack_left_shift_u16	16	static
../TER_DATABASES/ter.c:51:23:pack_left_shift_u32	16	static
../TER_DATABASES/ter.c:59:23:pack_right_shift_u16	16	static
../TER_DATABASES/ter.c:67:23:pack_right_shift_u32	16	static
../TER_DATABASES/ter.c:75:24:unpack_left_shift_u16	16	static
../TER_DATABASES/ter.c:83:24:unpack_left_shift_u32	16	static
../TER_DATABASES/ter.c:91:23:unpack_right_shift_u8	16	static
../TER_DATABASES/ter.c:99:24:unpack_right_shift_u16	16	static
../TER_DATABASES/ter.c:107:24:unpack_right_shift_u32	16	static
../TER_DATABASES/ter.c:115:5:ter_rr_temp_pack	32	static
../TER_DATABASES/ter.c:147:5:ter_rr_temp_unpack	32	static
../TER_DATABASES/ter.c:177:5:ter_rr_temp_init	16	static
../TER_DATABASES/ter.c:186:9:ter_rr_temp_tw1_encode	16	static
../TER_DATABASES/ter.c:191:7:ter_rr_temp_tw1_decode	16	static
../TER_DATABASES/ter.c:196:6:ter_rr_temp_tw1_is_in_range	16	static
../TER_DATABASES/ter.c:203:9:ter_rr_temp_tw2_encode	16	static
../TER_DATABASES/ter.c:208:7:ter_rr_temp_tw2_decode	16	static
../TER_DATABASES/ter.c:213:6:ter_rr_temp_tw2_is_in_range	16	static
../TER_DATABASES/ter.c:220:9:ter_rr_temp_tw3_encode	16	static
../TER_DATABASES/ter.c:225:7:ter_rr_temp_tw3_decode	16	static
../TER_DATABASES/ter.c:230:6:ter_rr_temp_tw3_is_in_range	16	static
../TER_DATABASES/ter.c:237:9:ter_rr_temp_tw4_encode	16	static
../TER_DATABASES/ter.c:242:7:ter_rr_temp_tw4_decode	16	static
../TER_DATABASES/ter.c:247:6:ter_rr_temp_tw4_is_in_range	16	static
../TER_DATABASES/ter.c:254:5:ter_rl_temp_pack	32	static
../TER_DATABASES/ter.c:286:5:ter_rl_temp_unpack	32	static
../TER_DATABASES/ter.c:316:5:ter_rl_temp_init	16	static
../TER_DATABASES/ter.c:325:9:ter_rl_temp_tw1_encode	16	static
../TER_DATABASES/ter.c:330:7:ter_rl_temp_tw1_decode	16	static
../TER_DATABASES/ter.c:335:6:ter_rl_temp_tw1_is_in_range	16	static
../TER_DATABASES/ter.c:342:9:ter_rl_temp_tw2_encode	16	static
../TER_DATABASES/ter.c:347:7:ter_rl_temp_tw2_decode	16	static
../TER_DATABASES/ter.c:352:6:ter_rl_temp_tw2_is_in_range	16	static
../TER_DATABASES/ter.c:359:9:ter_rl_temp_tw3_encode	16	static
../TER_DATABASES/ter.c:364:7:ter_rl_temp_tw3_decode	16	static
../TER_DATABASES/ter.c:369:6:ter_rl_temp_tw3_is_in_range	16	static
../TER_DATABASES/ter.c:376:9:ter_rl_temp_tw4_encode	16	static
../TER_DATABASES/ter.c:381:7:ter_rl_temp_tw4_decode	16	static
../TER_DATABASES/ter.c:386:6:ter_rl_temp_tw4_is_in_range	16	static
../TER_DATABASES/ter.c:393:5:ter_fr_temp_pack	32	static
../TER_DATABASES/ter.c:425:5:ter_fr_temp_unpack	32	static
../TER_DATABASES/ter.c:455:5:ter_fr_temp_init	16	static
../TER_DATABASES/ter.c:464:9:ter_fr_temp_tw1_encode	16	static
../TER_DATABASES/ter.c:469:7:ter_fr_temp_tw1_decode	16	static
../TER_DATABASES/ter.c:474:6:ter_fr_temp_tw1_is_in_range	16	static
../TER_DATABASES/ter.c:481:9:ter_fr_temp_tw2_encode	16	static
../TER_DATABASES/ter.c:486:7:ter_fr_temp_tw2_decode	16	static
../TER_DATABASES/ter.c:491:6:ter_fr_temp_tw2_is_in_range	16	static
../TER_DATABASES/ter.c:498:9:ter_fr_temp_tw3_encode	16	static
../TER_DATABASES/ter.c:503:7:ter_fr_temp_tw3_decode	16	static
../TER_DATABASES/ter.c:508:6:ter_fr_temp_tw3_is_in_range	16	static
../TER_DATABASES/ter.c:515:9:ter_fr_temp_tw4_encode	16	static
../TER_DATABASES/ter.c:520:7:ter_fr_temp_tw4_decode	16	static
../TER_DATABASES/ter.c:525:6:ter_fr_temp_tw4_is_in_range	16	static
../TER_DATABASES/ter.c:532:5:ter_fl_temp_pack	32	static
../TER_DATABASES/ter.c:564:5:ter_fl_temp_unpack	32	static
../TER_DATABASES/ter.c:594:5:ter_fl_temp_init	16	static
../TER_DATABASES/ter.c:603:9:ter_fl_temp_tw1_encode	16	static
../TER_DATABASES/ter.c:608:7:ter_fl_temp_tw1_decode	16	static
../TER_DATABASES/ter.c:613:6:ter_fl_temp_tw1_is_in_range	16	static
../TER_DATABASES/ter.c:620:9:ter_fl_temp_tw2_encode	16	static
../TER_DATABASES/ter.c:625:7:ter_fl_temp_tw2_decode	16	static
../TER_DATABASES/ter.c:630:6:ter_fl_temp_tw2_is_in_range	16	static
../TER_DATABASES/ter.c:637:9:ter_fl_temp_tw3_encode	16	static
../TER_DATABASES/ter.c:642:7:ter_fl_temp_tw3_decode	16	static
../TER_DATABASES/ter.c:647:6:ter_fl_temp_tw3_is_in_range	16	static
../TER_DATABASES/ter.c:654:9:ter_fl_temp_tw4_encode	16	static
../TER_DATABASES/ter.c:659:7:ter_fl_temp_tw4_decode	16	static
../TER_DATABASES/ter.c:664:6:ter_fl_temp_tw4_is_in_range	16	static
../TER_DATABASES/ter.c:671:5:ter_buttons_bit_map_pack	24	static
../TER_DATABASES/ter.c:694:5:ter_buttons_bit_map_unpack	24	static
../TER_DATABASES/ter.c:715:5:ter_buttons_bit_map_init	16	static
../TER_DATABASES/ter.c:724:9:ter_buttons_bit_map_ld_encode	16	static
../TER_DATABASES/ter.c:729:7:ter_buttons_bit_map_ld_decode	16	static
../TER_DATABASES/ter.c:734:6:ter_buttons_bit_map_ld_is_in_range	16	static
../TER_DATABASES/ter.c:739:9:ter_buttons_bit_map_li_encode	16	static
../TER_DATABASES/ter.c:744:7:ter_buttons_bit_map_li_decode	16	static
../TER_DATABASES/ter.c:749:6:ter_buttons_bit_map_li_is_in_range	16	static
../TER_DATABASES/ter.c:754:9:ter_buttons_bit_map_r1_encode	16	static
../TER_DATABASES/ter.c:759:7:ter_buttons_bit_map_r1_decode	16	static
../TER_DATABASES/ter.c:764:6:ter_buttons_bit_map_r1_is_in_range	16	static
../TER_DATABASES/ter.c:769:9:ter_buttons_bit_map_r2_encode	16	static
../TER_DATABASES/ter.c:774:7:ter_buttons_bit_map_r2_decode	16	static
../TER_DATABASES/ter.c:779:6:ter_buttons_bit_map_r2_is_in_range	16	static
../TER_DATABASES/ter.c:784:9:ter_buttons_bit_map_r3_encode	16	static
../TER_DATABASES/ter.c:789:7:ter_buttons_bit_map_r3_decode	16	static
../TER_DATABASES/ter.c:794:6:ter_buttons_bit_map_r3_is_in_range	16	static
../TER_DATABASES/ter.c:799:9:ter_buttons_bit_map_r4_encode	16	static
../TER_DATABASES/ter.c:804:7:ter_buttons_bit_map_r4_decode	16	static
../TER_DATABASES/ter.c:809:6:ter_buttons_bit_map_r4_is_in_range	16	static
../TER_DATABASES/ter.c:814:9:ter_buttons_bit_map_r5_encode	16	static
../TER_DATABASES/ter.c:819:7:ter_buttons_bit_map_r5_decode	16	static
../TER_DATABASES/ter.c:824:6:ter_buttons_bit_map_r5_is_in_range	16	static
../TER_DATABASES/ter.c:829:9:ter_buttons_bit_map_r6_encode	16	static
../TER_DATABASES/ter.c:834:7:ter_buttons_bit_map_r6_decode	16	static
../TER_DATABASES/ter.c:839:6:ter_buttons_bit_map_r6_is_in_range	16	static
../TER_DATABASES/ter.c:844:5:ter_apps_pack	24	static
../TER_DATABASES/ter.c:863:5:ter_apps_unpack	24	static
../TER_DATABASES/ter.c:880:5:ter_apps_init	16	static
../TER_DATABASES/ter.c:889:9:ter_apps_apps_1_encode	16	static
../TER_DATABASES/ter.c:894:7:ter_apps_apps_1_decode	16	static
../TER_DATABASES/ter.c:899:6:ter_apps_apps_1_is_in_range	16	static
../TER_DATABASES/ter.c:906:9:ter_apps_apps_2_encode	16	static
../TER_DATABASES/ter.c:911:7:ter_apps_apps_2_decode	16	static
../TER_DATABASES/ter.c:916:6:ter_apps_apps_2_is_in_range	16	static
../TER_DATABASES/ter.c:923:9:ter_apps_apps_av_encode	16	static
../TER_DATABASES/ter.c:928:7:ter_apps_apps_av_decode	16	static
../TER_DATABASES/ter.c:933:6:ter_apps_apps_av_is_in_range	16	static
../TER_DATABASES/ter.c:940:9:ter_apps_imp_flag_encode	16	static
../TER_DATABASES/ter.c:945:7:ter_apps_imp_flag_decode	16	static
../TER_DATABASES/ter.c:950:6:ter_apps_imp_flag_is_in_range	16	static
../TER_DATABASES/ter.c:957:5:ter_command_pack	24	static
../TER_DATABASES/ter.c:1044:5:ter_command_unpack	24	static
../TER_DATABASES/ter.c:1129:5:ter_command_init	16	static
../TER_DATABASES/ter.c:1138:9:ter_command_cmd_encode	16	static
../TER_DATABASES/ter.c:1143:7:ter_command_cmd_decode	16	static
../TER_DATABASES/ter.c:1148:6:ter_command_cmd_is_in_range	16	static
../TER_DATABASES/ter.c:1153:9:ter_command_kw_limit_encode	16	static
../TER_DATABASES/ter.c:1158:7:ter_command_kw_limit_decode	16	static
../TER_DATABASES/ter.c:1163:6:ter_command_kw_limit_is_in_range	16	static
../TER_DATABASES/ter.c:1168:9:ter_command_cfg_limiter_encode	16	static
../TER_DATABASES/ter.c:1173:7:ter_command_cfg_limiter_decode	16	static
../TER_DATABASES/ter.c:1178:6:ter_command_cfg_limiter_is_in_range	16	static
../TER_DATABASES/ter.c:1183:9:ter_command_onoff_encode	16	static
../TER_DATABASES/ter.c:1188:7:ter_command_onoff_decode	16	static
../TER_DATABASES/ter.c:1193:6:ter_command_onoff_is_in_range	16	static
../TER_DATABASES/ter.c:1198:10:ter_command_value_encode	16	static
../TER_DATABASES/ter.c:1203:7:ter_command_value_decode	16	static
../TER_DATABASES/ter.c:1208:6:ter_command_value_is_in_range	16	static
../TER_DATABASES/ter.c:1213:9:ter_command_trq_limit_encode	16	static
../TER_DATABASES/ter.c:1218:7:ter_command_trq_limit_decode	16	static
../TER_DATABASES/ter.c:1223:6:ter_command_trq_limit_is_in_range	16	static
../TER_DATABASES/ter.c:1228:9:ter_command_cfg_mode_encode	16	static
../TER_DATABASES/ter.c:1233:7:ter_command_cfg_mode_decode	16	static
../TER_DATABASES/ter.c:1238:6:ter_command_cfg_mode_is_in_range	16	static
../TER_DATABASES/ter.c:1243:9:ter_command_speed_limit_encode	16	static
../TER_DATABASES/ter.c:1248:7:ter_command_speed_limit_decode	16	static
../TER_DATABASES/ter.c:1253:6:ter_command_speed_limit_is_in_range	16	static
../TER_DATABASES/ter.c:1258:9:ter_command_cfg_traction_control_encode	16	static
../TER_DATABASES/ter.c:1263:7:ter_command_cfg_traction_control_decode	16	static
../TER_DATABASES/ter.c:1268:6:ter_command_cfg_traction_control_is_in_range	16	static
../TER_DATABASES/ter.c:1273:5:ter_bpps_pack	24	static
../TER_DATABASES/ter.c:1289:5:ter_bpps_unpack	24	static
../TER_DATABASES/ter.c:1303:5:ter_bpps_init	16	static
../TER_DATABASES/ter.c:1312:9:ter_bpps_bpps_encode	16	static
../TER_DATABASES/ter.c:1317:7:ter_bpps_bpps_decode	16	static
../TER_DATABASES/ter.c:1322:6:ter_bpps_bpps_is_in_range	16	static
../TER_DATABASES/ter.c:1327:5:ter_steer_pack	32	static
../TER_DATABASES/ter.c:1347:5:ter_steer_unpack	32	static
../TER_DATABASES/ter.c:1365:5:ter_steer_init	16	static
../TER_DATABASES/ter.c:1374:9:ter_steer_angle_encode	16	static
../TER_DATABASES/ter.c:1379:7:ter_steer_angle_decode	16	static
../TER_DATABASES/ter.c:1384:6:ter_steer_angle_is_in_range	16	static
../TER_DATABASES/ter.c:1389:5:ter_front_rpm_pack	24	static
../TER_DATABASES/ter.c:1408:5:ter_front_rpm_unpack	24	static
../TER_DATABASES/ter.c:1425:5:ter_front_rpm_init	16	static
../TER_DATABASES/ter.c:1434:10:ter_front_rpm_rpm_l_encode	16	static
../TER_DATABASES/ter.c:1439:7:ter_front_rpm_rpm_l_decode	16	static
../TER_DATABASES/ter.c:1444:6:ter_front_rpm_rpm_l_is_in_range	16	static
../TER_DATABASES/ter.c:1449:10:ter_front_rpm_rpm_r_encode	16	static
../TER_DATABASES/ter.c:1454:7:ter_front_rpm_rpm_r_decode	16	static
../TER_DATABASES/ter.c:1459:6:ter_front_rpm_rpm_r_is_in_range	16	static
../TER_DATABASES/ter.c:1464:5:ter_front_v_pack	24	static
../TER_DATABASES/ter.c:1485:5:ter_front_v_unpack	24	static
../TER_DATABASES/ter.c:1504:5:ter_front_v_init	16	static
../TER_DATABASES/ter.c:1513:10:ter_front_v_vx_l_encode	16	static
../TER_DATABASES/ter.c:1518:7:ter_front_v_vx_l_decode	16	static
../TER_DATABASES/ter.c:1523:6:ter_front_v_vx_l_is_in_range	16	static
../TER_DATABASES/ter.c:1528:10:ter_front_v_vx_r_encode	16	static
../TER_DATABASES/ter.c:1533:7:ter_front_v_vx_r_decode	16	static
../TER_DATABASES/ter.c:1538:6:ter_front_v_vx_r_is_in_range	16	static
../TER_DATABASES/ter.c:1543:10:ter_front_v_vx_av_encode	16	static
../TER_DATABASES/ter.c:1548:7:ter_front_v_vx_av_decode	16	static
../TER_DATABASES/ter.c:1553:6:ter_front_v_vx_av_is_in_range	16	static
../TER_DATABASES/ter.c:1558:5:ter_ypr_pack	40	static
../TER_DATABASES/ter.c:1589:5:ter_ypr_unpack	40	static
../TER_DATABASES/ter.c:1633:5:ter_ypr_init	16	static
../TER_DATABASES/ter.c:1642:9:ter_ypr_pitch_encode	16	static
../TER_DATABASES/ter.c:1647:7:ter_ypr_pitch_decode	16	static
../TER_DATABASES/ter.c:1652:6:ter_ypr_pitch_is_in_range	16	static
../TER_DATABASES/ter.c:1657:9:ter_ypr_roll_encode	16	static
../TER_DATABASES/ter.c:1662:7:ter_ypr_roll_decode	16	static
../TER_DATABASES/ter.c:1667:6:ter_ypr_roll_is_in_range	16	static
../TER_DATABASES/ter.c:1672:9:ter_ypr_yaw_encode	16	static
../TER_DATABASES/ter.c:1677:7:ter_ypr_yaw_decode	16	static
../TER_DATABASES/ter.c:1682:6:ter_ypr_yaw_is_in_range	16	static
../TER_DATABASES/ter.c:1687:5:ter_lv_voltages_pack	24	static
../TER_DATABASES/ter.c:1714:5:ter_lv_voltages_unpack	24	static
../TER_DATABASES/ter.c:1739:5:ter_lv_voltages_init	16	static
../TER_DATABASES/ter.c:1748:10:ter_lv_voltages_v1_encode	16	static
../TER_DATABASES/ter.c:1753:7:ter_lv_voltages_v1_decode	16	static
../TER_DATABASES/ter.c:1758:6:ter_lv_voltages_v1_is_in_range	16	static
../TER_DATABASES/ter.c:1763:10:ter_lv_voltages_v2_encode	16	static
../TER_DATABASES/ter.c:1768:7:ter_lv_voltages_v2_decode	16	static
../TER_DATABASES/ter.c:1773:6:ter_lv_voltages_v2_is_in_range	16	static
../TER_DATABASES/ter.c:1778:10:ter_lv_voltages_v3_encode	16	static
../TER_DATABASES/ter.c:1783:7:ter_lv_voltages_v3_decode	16	static
../TER_DATABASES/ter.c:1788:6:ter_lv_voltages_v3_is_in_range	16	static
../TER_DATABASES/ter.c:1793:10:ter_lv_voltages_v4_encode	16	static
../TER_DATABASES/ter.c:1798:7:ter_lv_voltages_v4_decode	16	static
../TER_DATABASES/ter.c:1803:6:ter_lv_voltages_v4_is_in_range	16	static
../TER_DATABASES/ter.c:1808:10:ter_lv_voltages_v5_encode	16	static
../TER_DATABASES/ter.c:1813:7:ter_lv_voltages_v5_decode	16	static
../TER_DATABASES/ter.c:1818:6:ter_lv_voltages_v5_is_in_range	16	static
../TER_DATABASES/ter.c:1823:10:ter_lv_voltages_v6_encode	16	static
../TER_DATABASES/ter.c:1828:7:ter_lv_voltages_v6_decode	16	static
../TER_DATABASES/ter.c:1833:6:ter_lv_voltages_v6_is_in_range	16	static
../TER_DATABASES/ter.c:1838:5:ter_lv_temps_pack	24	static
../TER_DATABASES/ter.c:1856:5:ter_lv_temps_unpack	24	static
../TER_DATABASES/ter.c:1872:5:ter_lv_temps_init	16	static
../TER_DATABASES/ter.c:1881:9:ter_lv_temps_t1_encode	16	static
../TER_DATABASES/ter.c:1886:7:ter_lv_temps_t1_decode	16	static
../TER_DATABASES/ter.c:1891:6:ter_lv_temps_t1_is_in_range	16	static
../TER_DATABASES/ter.c:1896:9:ter_lv_temps_t2_encode	16	static
../TER_DATABASES/ter.c:1901:7:ter_lv_temps_t2_decode	16	static
../TER_DATABASES/ter.c:1906:6:ter_lv_temps_t2_is_in_range	16	static
../TER_DATABASES/ter.c:1911:9:ter_lv_temps_t3_encode	16	static
../TER_DATABASES/ter.c:1916:7:ter_lv_temps_t3_decode	16	static
../TER_DATABASES/ter.c:1921:6:ter_lv_temps_t3_is_in_range	16	static
../TER_DATABASES/ter.c:1926:5:ter_lv_status_pack	24	static
../TER_DATABASES/ter.c:1958:5:ter_lv_status_unpack	24	static
../TER_DATABASES/ter.c:1988:5:ter_lv_status_init	16	static
../TER_DATABASES/ter.c:1997:9:ter_lv_status_lv_status_encode	16	static
../TER_DATABASES/ter.c:2002:7:ter_lv_status_lv_status_decode	16	static
../TER_DATABASES/ter.c:2007:6:ter_lv_status_lv_status_is_in_range	16	static
../TER_DATABASES/ter.c:2012:9:ter_lv_status_lv_voltage_ok_encode	16	static
../TER_DATABASES/ter.c:2017:7:ter_lv_status_lv_voltage_ok_decode	16	static
../TER_DATABASES/ter.c:2022:6:ter_lv_status_lv_voltage_ok_is_in_range	16	static
../TER_DATABASES/ter.c:2027:9:ter_lv_status_lv_temp_ok_encode	16	static
../TER_DATABASES/ter.c:2032:7:ter_lv_status_lv_temp_ok_decode	16	static
../TER_DATABASES/ter.c:2037:6:ter_lv_status_lv_temp_ok_is_in_range	16	static
../TER_DATABASES/ter.c:2042:9:ter_lv_status_lv_current_ok_encode	16	static
../TER_DATABASES/ter.c:2047:7:ter_lv_status_lv_current_ok_decode	16	static
../TER_DATABASES/ter.c:2052:6:ter_lv_status_lv_current_ok_is_in_range	16	static
../TER_DATABASES/ter.c:2057:9:ter_lv_status_refri_on_encode	16	static
../TER_DATABASES/ter.c:2062:7:ter_lv_status_refri_on_decode	16	static
../TER_DATABASES/ter.c:2067:6:ter_lv_status_refri_on_is_in_range	16	static
../TER_DATABASES/ter.c:2072:9:ter_lv_status_lv_on_encode	16	static
../TER_DATABASES/ter.c:2077:7:ter_lv_status_lv_on_decode	16	static
../TER_DATABASES/ter.c:2082:6:ter_lv_status_lv_on_is_in_range	16	static
../TER_DATABASES/ter.c:2087:10:ter_lv_status_lv_current_encode	16	static
../TER_DATABASES/ter.c:2092:7:ter_lv_status_lv_current_decode	16	static
../TER_DATABASES/ter.c:2097:6:ter_lv_status_lv_current_is_in_range	16	static
../TER_DATABASES/ter.c:2102:10:ter_lv_status_v_max_encode	16	static
../TER_DATABASES/ter.c:2107:7:ter_lv_status_v_max_decode	16	static
../TER_DATABASES/ter.c:2112:6:ter_lv_status_v_max_is_in_range	16	static
../TER_DATABASES/ter.c:2117:10:ter_lv_status_v_mean_encode	16	static
../TER_DATABASES/ter.c:2122:7:ter_lv_status_v_mean_decode	16	static
../TER_DATABASES/ter.c:2127:6:ter_lv_status_v_mean_is_in_range	16	static
../TER_DATABASES/ter.c:2132:10:ter_lv_status_v_min_encode	16	static
../TER_DATABASES/ter.c:2137:7:ter_lv_status_v_min_decode	16	static
../TER_DATABASES/ter.c:2142:6:ter_lv_status_v_min_is_in_range	16	static
../TER_DATABASES/ter.c:2147:10:ter_lv_status_v_tot_encode	16	static
../TER_DATABASES/ter.c:2152:7:ter_lv_status_v_tot_decode	16	static
../TER_DATABASES/ter.c:2157:6:ter_lv_status_v_tot_is_in_range	16	static
../TER_DATABASES/ter.c:2162:5:ter_ang_rate_pack	40	static
../TER_DATABASES/ter.c:2193:5:ter_ang_rate_unpack	40	static
../TER_DATABASES/ter.c:2237:5:ter_ang_rate_init	16	static
../TER_DATABASES/ter.c:2246:9:ter_ang_rate_roll_rate_x_encode	16	static
../TER_DATABASES/ter.c:2251:7:ter_ang_rate_roll_rate_x_decode	16	static
../TER_DATABASES/ter.c:2256:6:ter_ang_rate_roll_rate_x_is_in_range	16	static
../TER_DATABASES/ter.c:2261:9:ter_ang_rate_pitch_rate_y_encode	16	static
../TER_DATABASES/ter.c:2266:7:ter_ang_rate_pitch_rate_y_decode	16	static
../TER_DATABASES/ter.c:2271:6:ter_ang_rate_pitch_rate_y_is_in_range	16	static
../TER_DATABASES/ter.c:2276:9:ter_ang_rate_yaw_rate_z_encode	16	static
../TER_DATABASES/ter.c:2281:7:ter_ang_rate_yaw_rate_z_decode	16	static
../TER_DATABASES/ter.c:2286:6:ter_ang_rate_yaw_rate_z_is_in_range	16	static
../TER_DATABASES/ter.c:2291:5:ter_gps_lat_long_pack	32	static
../TER_DATABASES/ter.c:2319:5:ter_gps_lat_long_unpack	32	static
../TER_DATABASES/ter.c:2345:5:ter_gps_lat_long_init	16	static
../TER_DATABASES/ter.c:2354:9:ter_gps_lat_long_latitude_encode	16	static
../TER_DATABASES/ter.c:2359:7:ter_gps_lat_long_latitude_decode	16	static
../TER_DATABASES/ter.c:2364:6:ter_gps_lat_long_latitude_is_in_range	16	static
../TER_DATABASES/ter.c:2369:9:ter_gps_lat_long_longitude_encode	16	static
../TER_DATABASES/ter.c:2374:7:ter_gps_lat_long_longitude_decode	16	static
../TER_DATABASES/ter.c:2379:6:ter_gps_lat_long_longitude_is_in_range	16	static
../TER_DATABASES/ter.c:2384:5:ter_gps_altitude_pres_pack	32	static
../TER_DATABASES/ter.c:2410:5:ter_gps_altitude_pres_unpack	32	static
../TER_DATABASES/ter.c:2434:5:ter_gps_altitude_pres_init	16	static
../TER_DATABASES/ter.c:2443:9:ter_gps_altitude_pres_altidude_encode	16	static
../TER_DATABASES/ter.c:2448:7:ter_gps_altitude_pres_altidude_decode	16	static
../TER_DATABASES/ter.c:2453:6:ter_gps_altitude_pres_altidude_is_in_range	16	static
../TER_DATABASES/ter.c:2458:9:ter_gps_altitude_pres_barometric_pressure_encode	16	static
../TER_DATABASES/ter.c:2463:7:ter_gps_altitude_pres_barometric_pressure_decode	16	static
../TER_DATABASES/ter.c:2468:6:ter_gps_altitude_pres_barometric_pressure_is_in_range	16	static
../TER_DATABASES/ter.c:2473:5:ter_accel_pack	32	static
../TER_DATABASES/ter.c:2501:5:ter_accel_unpack	32	static
../TER_DATABASES/ter.c:2527:5:ter_accel_init	16	static
../TER_DATABASES/ter.c:2536:9:ter_accel_a_x_encode	16	static
../TER_DATABASES/ter.c:2541:7:ter_accel_a_x_decode	16	static
../TER_DATABASES/ter.c:2546:6:ter_accel_a_x_is_in_range	16	static
../TER_DATABASES/ter.c:2551:9:ter_accel_a_y_encode	16	static
../TER_DATABASES/ter.c:2556:7:ter_accel_a_y_decode	16	static
../TER_DATABASES/ter.c:2561:6:ter_accel_a_y_is_in_range	16	static
../TER_DATABASES/ter.c:2566:9:ter_accel_a_z_encode	16	static
../TER_DATABASES/ter.c:2571:7:ter_accel_a_z_decode	16	static
../TER_DATABASES/ter.c:2576:6:ter_accel_a_z_is_in_range	16	static
../TER_DATABASES/ter.c:2581:5:ter_mag_pack	32	static
../TER_DATABASES/ter.c:2601:5:ter_mag_unpack	32	static
../TER_DATABASES/ter.c:2619:5:ter_mag_init	16	static
../TER_DATABASES/ter.c:2628:9:ter_mag_heading_encode	16	static
../TER_DATABASES/ter.c:2633:7:ter_mag_heading_decode	16	static
../TER_DATABASES/ter.c:2638:6:ter_mag_heading_is_in_range	16	static
../TER_DATABASES/ter.c:2643:5:ter_vel_body_pack	32	static
../TER_DATABASES/ter.c:2671:5:ter_vel_body_unpack	32	static
../TER_DATABASES/ter.c:2697:5:ter_vel_body_init	16	static
../TER_DATABASES/ter.c:2706:9:ter_vel_body_v_x_encode	16	static
../TER_DATABASES/ter.c:2711:7:ter_vel_body_v_x_decode	16	static
../TER_DATABASES/ter.c:2716:6:ter_vel_body_v_x_is_in_range	16	static
../TER_DATABASES/ter.c:2721:9:ter_vel_body_v_y_encode	16	static
../TER_DATABASES/ter.c:2726:7:ter_vel_body_v_y_decode	16	static
../TER_DATABASES/ter.c:2731:6:ter_vel_body_v_y_is_in_range	16	static
../TER_DATABASES/ter.c:2736:9:ter_vel_body_v_z_encode	16	static
../TER_DATABASES/ter.c:2741:7:ter_vel_body_v_z_decode	16	static
../TER_DATABASES/ter.c:2746:6:ter_vel_body_v_z_is_in_range	16	static
../TER_DATABASES/ter.c:2751:5:ter_imu_status_pack	32	static
../TER_DATABASES/ter.c:2779:5:ter_imu_status_unpack	32	static
../TER_DATABASES/ter.c:2805:5:ter_imu_status_init	16	static
../TER_DATABASES/ter.c:2814:9:ter_imu_status_status_encode	16	static
../TER_DATABASES/ter.c:2819:7:ter_imu_status_status_decode	16	static
../TER_DATABASES/ter.c:2824:6:ter_imu_status_status_is_in_range	16	static
../TER_DATABASES/ter.c:2829:9:ter_imu_status_pos_u_encode	16	static
../TER_DATABASES/ter.c:2834:7:ter_imu_status_pos_u_decode	16	static
../TER_DATABASES/ter.c:2839:6:ter_imu_status_pos_u_is_in_range	16	static
../TER_DATABASES/ter.c:2844:9:ter_imu_status_vel_u_encode	16	static
../TER_DATABASES/ter.c:2849:7:ter_imu_status_vel_u_decode	16	static
../TER_DATABASES/ter.c:2854:6:ter_imu_status_vel_u_is_in_range	16	static
../TER_DATABASES/ter.c:2859:5:ter_ter_status_pack	24	static
../TER_DATABASES/ter.c:2886:5:ter_ter_status_unpack	24	static
../TER_DATABASES/ter.c:2911:5:ter_ter_status_init	16	static
../TER_DATABASES/ter.c:2920:9:ter_ter_status_state_encode	16	static
../TER_DATABASES/ter.c:2925:7:ter_ter_status_state_decode	16	static
../TER_DATABASES/ter.c:2930:6:ter_ter_status_state_is_in_range	16	static
../TER_DATABASES/ter.c:2935:9:ter_ter_status_r2_d_encode	16	static
../TER_DATABASES/ter.c:2940:7:ter_ter_status_r2_d_decode	16	static
../TER_DATABASES/ter.c:2945:6:ter_ter_status_r2_d_is_in_range	16	static
../TER_DATABASES/ter.c:2950:9:ter_ter_status_scs_encode	16	static
../TER_DATABASES/ter.c:2955:7:ter_ter_status_scs_decode	16	static
../TER_DATABASES/ter.c:2960:6:ter_ter_status_scs_is_in_range	16	static
../TER_DATABASES/ter.c:2965:9:ter_ter_status_sl_encode	16	static
../TER_DATABASES/ter.c:2970:7:ter_ter_status_sl_decode	16	static
../TER_DATABASES/ter.c:2975:6:ter_ter_status_sl_is_in_range	16	static
../TER_DATABASES/ter.c:2980:9:ter_ter_status_bspd_encode	16	static
../TER_DATABASES/ter.c:2985:7:ter_ter_status_bspd_decode	16	static
../TER_DATABASES/ter.c:2990:6:ter_ter_status_bspd_is_in_range	16	static
../TER_DATABASES/ter.c:2995:9:ter_ter_status_imd_encode	16	static
../TER_DATABASES/ter.c:3000:7:ter_ter_status_imd_decode	16	static
../TER_DATABASES/ter.c:3005:6:ter_ter_status_imd_is_in_range	16	static
../TER_DATABASES/ter.c:3010:9:ter_ter_status_ams_encode	16	static
../TER_DATABASES/ter.c:3015:7:ter_ter_status_ams_decode	16	static
../TER_DATABASES/ter.c:3020:6:ter_ter_status_ams_is_in_range	16	static
../TER_DATABASES/ter.c:3025:9:ter_ter_status_apps_encode	16	static
../TER_DATABASES/ter.c:3030:7:ter_ter_status_apps_decode	16	static
../TER_DATABASES/ter.c:3035:6:ter_ter_status_apps_is_in_range	16	static
../TER_DATABASES/ter.c:3040:9:ter_ter_status_imu_encode	16	static
../TER_DATABASES/ter.c:3045:7:ter_ter_status_imu_decode	16	static
../TER_DATABASES/ter.c:3050:6:ter_ter_status_imu_is_in_range	16	static
../TER_DATABASES/ter.c:3055:9:ter_ter_status_refri_encode	16	static
../TER_DATABASES/ter.c:3060:7:ter_ter_status_refri_decode	16	static
../TER_DATABASES/ter.c:3065:6:ter_ter_status_refri_is_in_range	16	static
../TER_DATABASES/ter.c:3070:9:ter_ter_status_right_inv_encode	16	static
../TER_DATABASES/ter.c:3075:7:ter_ter_status_right_inv_decode	16	static
../TER_DATABASES/ter.c:3080:6:ter_ter_status_right_inv_is_in_range	16	static
../TER_DATABASES/ter.c:3085:9:ter_ter_status_left_inv_encode	16	static
../TER_DATABASES/ter.c:3090:7:ter_ter_status_left_inv_decode	16	static
../TER_DATABASES/ter.c:3095:6:ter_ter_status_left_inv_is_in_range	16	static
../TER_DATABASES/ter.c:3100:5:ter_response_pack	24	static
../TER_DATABASES/ter.c:3117:5:ter_response_unpack	24	static
../TER_DATABASES/ter.c:3132:5:ter_response_init	16	static
../TER_DATABASES/ter.c:3141:9:ter_response_cmd_encode	16	static
../TER_DATABASES/ter.c:3146:7:ter_response_cmd_decode	16	static
../TER_DATABASES/ter.c:3151:6:ter_response_cmd_is_in_range	16	static
../TER_DATABASES/ter.c:3156:9:ter_response_code_encode	16	static
../TER_DATABASES/ter.c:3161:7:ter_response_code_decode	16	static
../TER_DATABASES/ter.c:3166:6:ter_response_code_is_in_range	16	static
../TER_DATABASES/ter.c:3171:5:ter_chrg_status_pack	24	static
../TER_DATABASES/ter.c:3192:5:ter_chrg_status_unpack	24	static
../TER_DATABASES/ter.c:3211:5:ter_chrg_status_init	16	static
../TER_DATABASES/ter.c:3220:9:ter_chrg_status_state_encode	16	static
../TER_DATABASES/ter.c:3225:7:ter_chrg_status_state_decode	16	static
../TER_DATABASES/ter.c:3230:6:ter_chrg_status_state_is_in_range	16	static
../TER_DATABASES/ter.c:3235:10:ter_chrg_status_voltage_encode	16	static
../TER_DATABASES/ter.c:3240:7:ter_chrg_status_voltage_decode	16	static
../TER_DATABASES/ter.c:3245:6:ter_chrg_status_voltage_is_in_range	16	static
../TER_DATABASES/ter.c:3250:9:ter_chrg_status_current_encode	16	static
../TER_DATABASES/ter.c:3255:7:ter_chrg_status_current_decode	16	static
../TER_DATABASES/ter.c:3260:6:ter_chrg_status_current_is_in_range	16	static
../TER_DATABASES/ter.c:3265:9:ter_chrg_status_ams_encode	16	static
../TER_DATABASES/ter.c:3270:7:ter_chrg_status_ams_decode	16	static
../TER_DATABASES/ter.c:3275:6:ter_chrg_status_ams_is_in_range	16	static
../TER_DATABASES/ter.c:3280:9:ter_chrg_status_imd_encode	16	static
../TER_DATABASES/ter.c:3285:7:ter_chrg_status_imd_decode	16	static
../TER_DATABASES/ter.c:3290:6:ter_chrg_status_imd_is_in_range	16	static
../TER_DATABASES/ter.c:3295:5:ter_dynamic_config_pack	24	static
../TER_DATABASES/ter.c:3334:5:ter_dynamic_config_unpack	24	static
../TER_DATABASES/ter.c:3371:5:ter_dynamic_config_init	16	static
../TER_DATABASES/ter.c:3380:9:ter_dynamic_config_limiter_encode	16	static
../TER_DATABASES/ter.c:3385:7:ter_dynamic_config_limiter_decode	16	static
../TER_DATABASES/ter.c:3390:6:ter_dynamic_config_limiter_is_in_range	16	static
../TER_DATABASES/ter.c:3395:9:ter_dynamic_config_mode_encode	16	static
../TER_DATABASES/ter.c:3400:7:ter_dynamic_config_mode_decode	16	static
../TER_DATABASES/ter.c:3405:6:ter_dynamic_config_mode_is_in_range	16	static
../TER_DATABASES/ter.c:3410:9:ter_dynamic_config_traction_control_encode	16	static
../TER_DATABASES/ter.c:3415:7:ter_dynamic_config_traction_control_decode	16	static
../TER_DATABASES/ter.c:3420:6:ter_dynamic_config_traction_control_is_in_range	16	static
../TER_DATABASES/ter.c:3425:9:ter_dynamic_config_kw_limit_encode	16	static
../TER_DATABASES/ter.c:3430:7:ter_dynamic_config_kw_limit_decode	16	static
../TER_DATABASES/ter.c:3435:6:ter_dynamic_config_kw_limit_is_in_range	16	static
../TER_DATABASES/ter.c:3440:9:ter_dynamic_config_trq_limit_encode	16	static
../TER_DATABASES/ter.c:3445:7:ter_dynamic_config_trq_limit_decode	16	static
../TER_DATABASES/ter.c:3450:6:ter_dynamic_config_trq_limit_is_in_range	16	static
../TER_DATABASES/ter.c:3455:9:ter_dynamic_config_speed_limit_encode	16	static
../TER_DATABASES/ter.c:3460:7:ter_dynamic_config_speed_limit_decode	16	static
../TER_DATABASES/ter.c:3465:6:ter_dynamic_config_speed_limit_is_in_range	16	static
../TER_DATABASES/ter.c:3470:5:ter_wheel_info_pack	24	static
../TER_DATABASES/ter.c:3491:5:ter_wheel_info_unpack	24	static
../TER_DATABASES/ter.c:3510:5:ter_wheel_info_init	16	static
../TER_DATABASES/ter.c:3519:10:ter_wheel_info_rr_rpm_encode	16	static
../TER_DATABASES/ter.c:3524:7:ter_wheel_info_rr_rpm_decode	16	static
../TER_DATABASES/ter.c:3529:6:ter_wheel_info_rr_rpm_is_in_range	16	static
../TER_DATABASES/ter.c:3534:9:ter_wheel_info_rr_trq_encode	16	static
../TER_DATABASES/ter.c:3539:7:ter_wheel_info_rr_trq_decode	16	static
../TER_DATABASES/ter.c:3544:6:ter_wheel_info_rr_trq_is_in_range	16	static
../TER_DATABASES/ter.c:3549:10:ter_wheel_info_rl_rpm_encode	16	static
../TER_DATABASES/ter.c:3554:7:ter_wheel_info_rl_rpm_decode	16	static
../TER_DATABASES/ter.c:3559:6:ter_wheel_info_rl_rpm_is_in_range	16	static
../TER_DATABASES/ter.c:3564:9:ter_wheel_info_rl_trq_encode	16	static
../TER_DATABASES/ter.c:3569:7:ter_wheel_info_rl_trq_decode	16	static
../TER_DATABASES/ter.c:3574:6:ter_wheel_info_rl_trq_is_in_range	16	static
