../Core/Src/stm32f4xx_it.c:76:6:NMI_Handler	0	static
../Core/Src/stm32f4xx_it.c:91:6:HardFault_Handler	0	static
../Core/Src/stm32f4xx_it.c:106:6:MemManage_Handler	0	static
../Core/Src/stm32f4xx_it.c:121:6:BusFault_Handler	0	static
../Core/Src/stm32f4xx_it.c:136:6:UsageFault_Handler	0	static
../Core/Src/stm32f4xx_it.c:151:6:DebugMon_Handler	0	static
../Core/Src/stm32f4xx_it.c:171:6:CAN1_RX0_IRQHandler	0	static
../Core/Src/stm32f4xx_it.c:185:6:TIM1_UP_TIM10_IRQHandler	0	static
../Core/Src/stm32f4xx_it.c:198:6:TIM2_IRQHandler	0	static
../Core/Src/stm32f4xx_it.c:212:6:TIM3_IRQHandler	0	static
../Core/Src/stm32f4xx_it.c:226:6:TIM4_IRQHandler	0	static
../Core/Src/stm32f4xx_it.c:240:6:TIM8_UP_TIM13_IRQHandler	8	static
../Core/Src/stm32f4xx_it.c:254:6:CAN2_RX0_IRQHandler	0	static
