Archive member included to satisfy reference by file (symbol)

/opt/st/stm32cubeide_1.13.2/plugins/com.st.stm32cube.ide.mcu.externaltools.gnu-tools-for-stm32.12.3.rel1.linux64_1.0.100.202403111256/tools/bin/../lib/gcc/arm-none-eabi/12.3.1/../../../../arm-none-eabi/lib/thumb/v7e-m+fp/hard/libc_nano.a(libc_a-calloc.o)
                              ./Core/Src/pid.o (calloc)
/opt/st/stm32cubeide_1.13.2/plugins/com.st.stm32cube.ide.mcu.externaltools.gnu-tools-for-stm32.12.3.rel1.linux64_1.0.100.202403111256/tools/bin/../lib/gcc/arm-none-eabi/12.3.1/../../../../arm-none-eabi/lib/thumb/v7e-m+fp/hard/libc_nano.a(libc_a-callocr.o)
                              /opt/st/stm32cubeide_1.13.2/plugins/com.st.stm32cube.ide.mcu.externaltools.gnu-tools-for-stm32.12.3.rel1.linux64_1.0.100.202403111256/tools/bin/../lib/gcc/arm-none-eabi/12.3.1/../../../../arm-none-eabi/lib/thumb/v7e-m+fp/hard/libc_nano.a(libc_a-calloc.o) (_calloc_r)
/opt/st/stm32cubeide_1.13.2/plugins/com.st.stm32cube.ide.mcu.externaltools.gnu-tools-for-stm32.12.3.rel1.linux64_1.0.100.202403111256/tools/bin/../lib/gcc/arm-none-eabi/12.3.1/../../../../arm-none-eabi/lib/thumb/v7e-m+fp/hard/libc_nano.a(libc_a-exit.o)
                              /opt/st/stm32cubeide_1.13.2/plugins/com.st.stm32cube.ide.mcu.externaltools.gnu-tools-for-stm32.12.3.rel1.linux64_1.0.100.202403111256/tools/bin/../lib/gcc/arm-none-eabi/12.3.1/../../../../arm-none-eabi/lib/thumb/v7e-m+fp/hard/crt0.o (exit)
/opt/st/stm32cubeide_1.13.2/plugins/com.st.stm32cube.ide.mcu.externaltools.gnu-tools-for-stm32.12.3.rel1.linux64_1.0.100.202403111256/tools/bin/../lib/gcc/arm-none-eabi/12.3.1/../../../../arm-none-eabi/lib/thumb/v7e-m+fp/hard/libc_nano.a(libc_a-malloc.o)
                              ./Core/Src/pid.o (free)
/opt/st/stm32cubeide_1.13.2/plugins/com.st.stm32cube.ide.mcu.externaltools.gnu-tools-for-stm32.12.3.rel1.linux64_1.0.100.202403111256/tools/bin/../lib/gcc/arm-none-eabi/12.3.1/../../../../arm-none-eabi/lib/thumb/v7e-m+fp/hard/libc_nano.a(libc_a-mallocr.o)
                              /opt/st/stm32cubeide_1.13.2/plugins/com.st.stm32cube.ide.mcu.externaltools.gnu-tools-for-stm32.12.3.rel1.linux64_1.0.100.202403111256/tools/bin/../lib/gcc/arm-none-eabi/12.3.1/../../../../arm-none-eabi/lib/thumb/v7e-m+fp/hard/libc_nano.a(libc_a-callocr.o) (_malloc_r)
/opt/st/stm32cubeide_1.13.2/plugins/com.st.stm32cube.ide.mcu.externaltools.gnu-tools-for-stm32.12.3.rel1.linux64_1.0.100.202403111256/tools/bin/../lib/gcc/arm-none-eabi/12.3.1/../../../../arm-none-eabi/lib/thumb/v7e-m+fp/hard/libc_nano.a(libc_a-mlock.o)
                              /opt/st/stm32cubeide_1.13.2/plugins/com.st.stm32cube.ide.mcu.externaltools.gnu-tools-for-stm32.12.3.rel1.linux64_1.0.100.202403111256/tools/bin/../lib/gcc/arm-none-eabi/12.3.1/../../../../arm-none-eabi/lib/thumb/v7e-m+fp/hard/libc_nano.a(libc_a-mallocr.o) (__malloc_lock)
/opt/st/stm32cubeide_1.13.2/plugins/com.st.stm32cube.ide.mcu.externaltools.gnu-tools-for-stm32.12.3.rel1.linux64_1.0.100.202403111256/tools/bin/../lib/gcc/arm-none-eabi/12.3.1/../../../../arm-none-eabi/lib/thumb/v7e-m+fp/hard/libc_nano.a(libc_a-findfp.o)
                              /opt/st/stm32cubeide_1.13.2/plugins/com.st.stm32cube.ide.mcu.externaltools.gnu-tools-for-stm32.12.3.rel1.linux64_1.0.100.202403111256/tools/bin/../lib/gcc/arm-none-eabi/12.3.1/../../../../arm-none-eabi/lib/thumb/v7e-m+fp/hard/libc_nano.a(libc_a-exit.o) (__stdio_exit_handler)
/opt/st/stm32cubeide_1.13.2/plugins/com.st.stm32cube.ide.mcu.externaltools.gnu-tools-for-stm32.12.3.rel1.linux64_1.0.100.202403111256/tools/bin/../lib/gcc/arm-none-eabi/12.3.1/../../../../arm-none-eabi/lib/thumb/v7e-m+fp/hard/libc_nano.a(libc_a-fwalk.o)
                              /opt/st/stm32cubeide_1.13.2/plugins/com.st.stm32cube.ide.mcu.externaltools.gnu-tools-for-stm32.12.3.rel1.linux64_1.0.100.202403111256/tools/bin/../lib/gcc/arm-none-eabi/12.3.1/../../../../arm-none-eabi/lib/thumb/v7e-m+fp/hard/libc_nano.a(libc_a-findfp.o) (_fwalk_sglue)
/opt/st/stm32cubeide_1.13.2/plugins/com.st.stm32cube.ide.mcu.externaltools.gnu-tools-for-stm32.12.3.rel1.linux64_1.0.100.202403111256/tools/bin/../lib/gcc/arm-none-eabi/12.3.1/../../../../arm-none-eabi/lib/thumb/v7e-m+fp/hard/libc_nano.a(libc_a-stdio.o)
                              /opt/st/stm32cubeide_1.13.2/plugins/com.st.stm32cube.ide.mcu.externaltools.gnu-tools-for-stm32.12.3.rel1.linux64_1.0.100.202403111256/tools/bin/../lib/gcc/arm-none-eabi/12.3.1/../../../../arm-none-eabi/lib/thumb/v7e-m+fp/hard/libc_nano.a(libc_a-findfp.o) (__sread)
/opt/st/stm32cubeide_1.13.2/plugins/com.st.stm32cube.ide.mcu.externaltools.gnu-tools-for-stm32.12.3.rel1.linux64_1.0.100.202403111256/tools/bin/../lib/gcc/arm-none-eabi/12.3.1/../../../../arm-none-eabi/lib/thumb/v7e-m+fp/hard/libc_nano.a(libc_a-memset.o)
[...]
Memory Configuration

Name             Origin             Length             Attributes
RAM              0x20000000         0x00020000         xrw
FLASH            0x08000000         0x00080000         xr
*default*        0x00000000         0xffffffff

Linker script and memory map

LOAD /opt/st/stm32cubeide_1.13.2/plugins/com.st.stm32cube.ide.mcu.externaltools.gnu-tools-for-stm32.12.3.rel1.linux64_1.0.100.202403111256/tools/bin/../lib/gcc/arm-none-eabi/12.3.1/thumb/v7e-m+fp/hard/crti.o
LOAD /opt/st/stm32cubeide_1.13.2/plugins/com.st.stm32cube.ide.mcu.externaltools.gnu-tools-for-stm32.12.3.rel1.linux64_1.0.100.202403111256/tools/bin/../lib/gcc/arm-none-eabi/12.3.1/thumb/v7e-m+fp/hard/crtbegin.o
LOAD /opt/st/stm32cubeide_1.13.2/plugins/com.st.stm32cube.ide.mcu.externaltools.gnu-tools-for-stm32.12.3.rel1.linux64_1.0.100.202403111256/tools/bin/../lib/gcc/arm-none-eabi/12.3.1/../../../../arm-none-eabi/lib/thumb/v7e-m+fp/hard/crt0.o
LOAD ./Core/Src/TeR_CAN.o
LOAD ./Core/Src/TeR_COMMAND.o
LOAD ./Core/Src/TeR_SCS.o
LOAD ./Core/Src/TeR_STATEMACHINE.o
LOAD ./Core/Src/TeR_TRQMANAGER.o
LOAD ./Core/Src/TeR_UTILS.o
LOAD ./Core/Src/can.o
LOAD ./Core/Src/gpio.o
LOAD ./Core/Src/main.o
LOAD ./Core/Src/pid.o
LOAD ./Core/Src/stm32f4xx_hal_msp.o
LOAD ./Core/Src/stm32f4xx_it.o
LOAD ./Core/Src/syscalls.o
LOAD ./Core/Src/sysmem.o
LOAD ./Core/Src/system_stm32f4xx.o
LOAD ./Core/Src/tim.o
LOAD ./Core/Src/tv_mds.o
LOAD ./Core/Startup/startup_stm32f446retx.o
LOAD ./Drivers/STM32F4xx_HAL_Driver/Src/stm32f4xx_hal.o
LOAD ./Drivers/STM32F4xx_HAL_Driver/Src/stm32f4xx_hal_can.o
LOAD ./Drivers/STM32F4xx_HAL_Driver/Src/stm32f4xx_hal_cortex.o
LOAD ./Drivers/STM32F4xx_HAL_Driver/Src/stm32f4xx_hal_dma.o
LOAD ./Drivers/STM32F4xx_HAL_Driver/Src/stm32f4xx_hal_dma_ex.o
LOAD ./Drivers/STM32F4xx_HAL_Driver/Src/stm32f4xx_hal_exti.o
LOAD ./Drivers/STM32F4xx_HAL_Driver/Src/stm32f4xx_hal_flash.o
LOAD ./Drivers/STM32F4xx_HAL_Driver/Src/stm32f4xx_hal_flash_ex.o
LOAD ./Drivers/STM32F4xx_HAL_Driver/Src/stm32f4xx_hal_flash_ramfunc.o
LOAD ./Drivers/STM32F4xx_HAL_Driver/Src/stm32f4xx_hal_gpio.o
LOAD ./Drivers/STM32F4xx_HAL_Driver/Src/stm32f4xx_hal_pwr.o
LOAD ./Drivers/STM32F4xx_HAL_Driver/Src/stm32f4xx_hal_pwr_ex.o
LOAD ./Drivers/STM32F4xx_HAL_Driver/Src/stm32f4xx_hal_rcc.o
LOAD ./Drivers/STM32F4xx_HAL_Driver/Src/stm32f4xx_hal_rcc_ex.o
LOAD ./Drivers/STM32F4xx_HAL_Driver/Src/stm32f4xx_hal_tim.o
LOAD ./Drivers/STM32F4xx_HAL_Driver/Src/stm32f4xx_hal_tim_ex.o
LOAD ./TER_DATABASES/charger.o
LOAD ./TER_DATABASES/hvbms.o
LOAD ./TER_DATABASES/inverter.o
LOAD ./TER_DATABASES/ter.o
START GROUP
LOAD /opt/st/stm32cubeide_1.13.2/plugins/com.st.stm32cube.ide.mcu.externaltools.gnu-tools-for-stm32.12.3.rel1.linux64_1.0.100.202403111256/tools/bin/../lib/gcc/arm-none-eabi/12.3.1/../../../../arm-none-eabi/lib/thumb/v7e-m+fp/hard/libc_nano.a
LOAD /opt/st/stm32cubeide_1.13.2/plugins/com.st.stm32cube.ide.mcu.externaltools.gnu-tools-for-stm32.12.3.rel1.linux64_1.0.100.202403111256/tools/bin/../lib/gcc/arm-none-eabi/12.3.1/../../../../arm-none-eabi/lib/thumb/v7e-m+fp/hard/libm.a
END GROUP
START GROUP
LOAD /opt/st/stm32cubeide_1.13.2/plugins/com.st.stm32cube.ide.mcu.externaltools.gnu-tools-for-stm32.12.3.rel1.linux64_1.0.100.202403111256/tools/bin/../lib/gcc/arm-none-eabi/12.3.1/thumb/v7e-m+fp/hard/libgcc.a
LOAD /opt/st/stm32cubeide_1.13.2/plugins/com.st.stm32cube.ide.mcu.externaltools.gnu-tools-for-stm32.12.3.rel1.linux64_1.0.100.202403111256/tools/bin/../lib/gcc/arm-none-eabi/12.3.1/../../../../arm-none-eabi/lib/thumb/v7e-m+fp/hard/libc_nano.a
END GROUP
START GROUP
LOAD /opt/st/stm32cubeide_1.13.2/plugins/com.st.stm32cube.ide.mcu.externaltools.gnu-tools-for-stm32.12.3.rel1.linux64_1.0.100.202403111256/tools/bin/../lib/gcc/arm-none-eabi/12.3.1/thumb/v7e-m+fp/hard/libgcc.a
LOAD /opt/st/stm32cubeide_1.13.2/plugins/com.st.stm32cube.ide.mcu.externaltools.gnu-tools-for-stm32.12.3.rel1.linux64_1.0.100.202403111256/tools/bin/../lib/gcc/arm-none-eabi/12.3.1/../../../../arm-none-eabi/lib/thumb/v7e-m+fp/hard/libc_nano.a
LOAD /opt/st/stm32cubeide_1.13.2/plugins/com.st.stm32cube.ide.mcu.externaltools.gnu-tools-for-stm32.12.3.rel1.linux64_1.0.100.202403111256/tools/bin/../lib/gcc/arm-none-eabi/12.3.1/../../../../arm-none-eabi/lib/thumb/v7e-m+fp/hard/libnosys.a
END GROUP
START GROUP
LOAD /opt/st/stm32cubeide_1.13.2/plugins/com.st.stm32cube.ide.mcu.externaltools.gnu-tools-for-stm32.12.3.rel1.linux64_1.0.100.202403111256/tools/bin/../lib/gcc/arm-none-eabi/12.3.1/thumb/v7e-m+fp/hard/libgcc.a
LOAD /opt/st/stm32cubeide_1.13.2/plugins/com.st.stm32cube.ide.mcu.externaltools.gnu-tools-for-stm32.12.3.rel1.linux64_1.0.100.202403111256/tools/bin/../lib/gcc/arm-none-eabi/12.3.1/../../../../arm-none-eabi/lib/thumb/v7e-m+fp/hard/libc_nano.a
LOAD /opt/st/stm32cubeide_1.13.2/plugins/com.st.stm32cube.ide.mcu.externaltools.gnu-tools-for-stm32.12.3.rel1.linux64_1.0.100.202403111256/tools/bin/../lib/gcc/arm-none-eabi/12.3.1/../../../../arm-none-eabi/lib/thumb/v7e-m+fp/hard/libnosys.a
END GROUP
LOAD /opt/st/stm32cubeide_1.13.2/plugins/com.st.stm32cube.ide.mcu.externaltools.gnu-tools-for-stm32.12.3.rel1.linux64_1.0.100.202403111256/tools/bin/../lib/gcc/arm-none-eabi/12.3.1/thumb/v7e-m+fp/hard/crtend.o
LOAD /opt/st/stm32cubeide_1.13.2/plugins/com.st.stm32cube.ide.mcu.externaltools.gnu-tools-for-stm32.12.3.rel1.linux64_1.0.100.202403111256/tools/bin/../lib/gcc/arm-none-eabi/12.3.1/thumb/v7e-m+fp/hard/crtn.o
                0x20020000                        _estack = (ORIGIN (RAM) + LENGTH (RAM))
                0x00000200                        _Min_Heap_Size = 0x200
                0x00000400                        _Min_Stack_Size = 0x400

.isr_vector     0x08000000      0x1c4
                0x08000000                        . = ALIGN (0x4)
 *(.isr_vector)
 .isr_vector    0x08000000      0x1c4 ./Core/Startup/startup_stm32f446retx.o
                0x08000000                g_pfnVectors
                0x080001c4                        . = ALIGN (0x4)

.text           0x080001c8     0x6c70
                0x080001c8                        . = ALIGN (0x4)
 *(.text)
 .text          0x080001c8       0x40 /opt/st/stm32cubeide_1.13.2/plugins/com.st.stm32cube.ide.mcu.externaltools.gnu-tools-for-stm32.12.3.rel1.linux64_1.0.100.202403111256/tools/bin/../lib/gcc/arm-none-eabi/12.3.1/thumb/v7e-m+fp/hard/crtbegin.o
 .text          0x08000208      0x378 /opt/st/stm32cubeide_1.13.2/plugins/com.st.stm32cube.ide.mcu.externaltools.gnu-tools-for-stm32.12.3.rel1.linux64_1.0.100.202403111256/tools/bin/../lib/gcc/arm-none-eabi/12.3.1/thumb/v7e-m+fp/hard/libgcc.a(_arm_addsubdf3.o)
                0x08000208                __aeabi_drsub
                0x08000210                __aeabi_dsub
                0x08000210                __subdf3
                0x08000214                __adddf3
                0x08000214                __aeabi_dadd
                0x0800048c                __aeabi_ui2d
                0x0800048c                __floatunsidf
                0x080004ac                __aeabi_i2d
                0x080004ac                __floatsidf
                0x080004d0                __extendsfdf2
                0x080004d0                __aeabi_f2d
                0x08000514                __aeabi_ul2d
                0x08000514                __floatundidf
                0x08000524                __floatdidf
                0x08000524                __aeabi_l2d
 .text          0x08000580      0x424 /opt/st/stm32cubeide_1.13.2/plugins/com.st.stm32cube.ide.mcu.externaltools.gnu-tools-for-stm32.12.3.rel1.linux64_1.0.100.202403111256/tools/bin/../lib/gcc/arm-none-eabi/12.3.1/thumb/v7e-m+fp/hard/libgcc.a(_arm_muldivdf3.o)
                0x08000580                __aeabi_dmul
                0x08000580                __muldf3
                0x080007d4                __aeabi_ddiv
                0x080007d4                __divdf3
 .text          0x080009a4       0x50 /opt/st/stm32cubeide_1.13.2/plugins/com.st.stm32cube.ide.mcu.externaltools.gnu-tools-for-stm32.12.3.rel1.linux64_1.0.100.202403111256/tools/bin/../lib/gcc/arm-none-eabi/12.3.1/thumb/v7e-m+fp/hard/libgcc.a(_arm_fixdfsi.o)
                0x080009a4                __aeabi_d2iz
                0x080009a4                __fixdfsi
 .text          0x080009f4       0x40 /opt/st/stm32cubeide_1.13.2/plugins/com.st.stm32cube.ide.mcu.externaltools.gnu-tools-for-stm32.12.3.rel1.linux64_1.0.100.202403111256/tools/bin/../lib/gcc/arm-none-eabi/12.3.1/thumb/v7e-m+fp/hard/libgcc.a(_arm_fixunsdfsi.o)
                0x080009f4                __aeabi_d2uiz
                0x080009f4                __fixunsdfsi
 .text          0x08000a34       0x30 /opt/st/stm32cubeide_1.13.2/plugins/com.st.stm32cube.ide.mcu.externaltools.gnu-tools-for-stm32.12.3.rel1.linux64_1.0.100.202403111256/tools/bin/../lib/gcc/arm-none-eabi/12.3.1/thumb/v7e-m+fp/hard/libgcc.a(_aeabi_uldivmod.o)
                0x08000a34                __aeabi_uldivmod
 .text          0x08000a64      0x2bc /opt/st/stm32cubeide_1.13.2/plugins/com.st.stm32cube.ide.mcu.externaltools.gnu-tools-for-stm32.12.3.rel1.linux64_1.0.100.202403111256/tools/bin/../lib/gcc/arm-none-eabi/12.3.1/thumb/v7e-m+fp/hard/libgcc.a(_udivmoddi4.o)
                0x08000a64                __udivmoddi4
 .text          0x08000d20        0x4 /opt/st/stm32cubeide_1.13.2/plugins/com.st.stm32cube.ide.mcu.externaltools.gnu-tools-for-stm32.12.3.rel1.linux64_1.0.100.202403111256/tools/bin/../lib/gcc/arm-none-eabi/12.3.1/thumb/v7e-m+fp/hard/libgcc.a(_dvmd_tls.o)
                0x08000d20                __aeabi_ldiv0
                0x08000d20                __aeabi_idiv0
 *(.text*)
 .text.initCAN  0x08000d24       0xcc ./Core/Src/TeR_CAN.o
                0x08000d24                initCAN
 .text.configFilter
                0x08000df0       0x7a ./Core/Src/TeR_CAN.o
                0x08000df0                configFilter
 *fill*         0x08000e6a        0x2 
 .text.sendInvCAN
                0x08000e6c      0x17c ./Core/Src/TeR_CAN.o
                0x08000e6c                sendInvCAN
 .text.sendMainCAN
                0x08000fe8       0xbc ./Core/Src/TeR_CAN.o
                0x08000fe8                sendMainCAN
 .text.decodeMsg
                0x080010a4      0x244 ./Core/Src/TeR_CAN.o
                0x080010a4                decodeMsg
 .text.command  0x080012e8      0x278 ./Core/Src/TeR_COMMAND.o
                0x080012e8                command
 .text.easyCommand
                0x08001560       0x2e ./Core/Src/TeR_COMMAND.o
                0x08001560                easyCommand
 *fill*         0x0800158e        0x2 
 .text.initSCS  0x08001590       0x20 ./Core/Src/TeR_SCS.o
                0x08001590                initSCS
 .text.startSCS
                0x080015b0       0x30 ./Core/Src/TeR_SCS.o
                0x080015b0                startSCS
 .text.stopSCS  0x080015e0       0x18 ./Core/Src/TeR_SCS.o
                0x080015e0                stopSCS
 .text.logSCS   0x080015f8       0x60 ./Core/Src/TeR_SCS.o
                0x080015f8                logSCS
 .text.checkSCS
                0x08001658       0x68 ./Core/Src/TeR_SCS.o
                0x08001658                checkSCS
 .text.initStateMachine
                0x080016c0       0x38 ./Core/Src/TeR_STATEMACHINE.o
                0x080016c0                initStateMachine
 .text.getState
                0x080016f8       0xb4 ./Core/Src/TeR_STATEMACHINE.o
                0x080016f8                getState
 .text.stateMachine
                0x080017ac      0x184 ./Core/Src/TeR_STATEMACHINE.o
                0x080017ac                stateMachine
 .text.waitSL   0x08001930        0xe ./Core/Src/TeR_STATEMACHINE.o
                0x08001930                waitSL
 .text.rdy2Prech
                0x0800193e        0xe ./Core/Src/TeR_STATEMACHINE.o
                0x0800193e                rdy2Prech
 .text.precharging
                0x0800194c        0xe ./Core/Src/TeR_STATEMACHINE.o
                0x0800194c                precharging
 .text.precharged
                0x0800195a        0xe ./Core/Src/TeR_STATEMACHINE.o
                0x0800195a                precharged
 .text.driving  0x08001968        0xc ./Core/Src/TeR_STATEMACHINE.o
                0x08001968                driving
 .text.permaTask
                0x08001974      0x100 ./Core/Src/TeR_STATEMACHINE.o
                0x08001974                permaTask
 .text.trqManager
                0x08001a74       0x74 ./Core/Src/TeR_TRQMANAGER.o
                0x08001a74                trqManager
 .text.limitTorque
                0x08001ae8       0x18 ./Core/Src/TeR_TRQMANAGER.o
                0x08001ae8                limitTorque
 .text.limitMechPWR
                0x08001b00       0x64 ./Core/Src/TeR_TRQMANAGER.o
                0x08001b00                limitMechPWR
 .text.lineal   0x08001b64       0x98 ./Core/Src/TeR_TRQMANAGER.o
                0x08001b64                lineal
 .text.tractionControlOFF
                0x08001bfc       0x28 ./Core/Src/TeR_TRQMANAGER.o
                0x08001bfc                tractionControlOFF
 .text.map      0x08001c24       0x54 ./Core/Src/TeR_TRQMANAGER.o
                0x08001c24                map
 .text.checkPersistance
                0x08001c78       0x58 ./Core/Src/TeR_UTILS.o
                0x08001c78                checkPersistance
 .text.MX_CAN1_Init
                0x08001cd0       0x6c ./Core/Src/can.o
                0x08001cd0                MX_CAN1_Init
 .text.MX_CAN2_Init
                0x08001d3c       0x6c ./Core/Src/can.o
                0x08001d3c                MX_CAN2_Init
 .text.HAL_CAN_MspInit
                0x08001da8      0x15c ./Core/Src/can.o
                0x08001da8                HAL_CAN_MspInit
 .text.MX_GPIO_Init
                0x08001f04       0xa8 ./Core/Src/gpio.o
                0x08001f04                MX_GPIO_Init
 .text.main     0x08001fac       0x70 ./Core/Src/main.o
                0x08001fac                main
 .text.SystemClock_Config
                0x0800201c       0xdc ./Core/Src/main.o
                0x0800201c                SystemClock_Config
 .text.Error_Handler
                0x080020f8        0xc ./Core/Src/main.o
                0x080020f8                Error_Handler
 .text.HAL_MspInit
                0x08002104       0x50 ./Core/Src/stm32f4xx_hal_msp.o
                0x08002104                HAL_MspInit
 .text.NMI_Handler
                0x08002154        0x8 ./Core/Src/stm32f4xx_it.o
                0x08002154                NMI_Handler
 .text.HardFault_Handler
                0x0800215c        0x8 ./Core/Src/stm32f4xx_it.o
                0x0800215c                HardFault_Handler
 .text.MemManage_Handler
                0x08002164        0x8 ./Core/Src/stm32f4xx_it.o
                0x08002164                MemManage_Handler
 .text.BusFault_Handler
                0x0800216c        0x8 ./Core/Src/stm32f4xx_it.o
                0x0800216c                BusFault_Handler
 .text.UsageFault_Handler
                0x08002174        0x8 ./Core/Src/stm32f4xx_it.o
                0x08002174                UsageFault_Handler
 .text.SVC_Handler
                0x0800217c        0xe ./Core/Src/stm32f4xx_it.o
                0x0800217c                SVC_Handler
 .text.DebugMon_Handler
                0x0800218a        0xe ./Core/Src/stm32f4xx_it.o
                0x0800218a                DebugMon_Handler
 .text.PendSV_Handler
                0x08002198        0xe ./Core/Src/stm32f4xx_it.o
                0x08002198                PendSV_Handler
 .text.SysTick_Handler
                0x080021a6        0xc ./Core/Src/stm32f4xx_it.o
                0x080021a6                SysTick_Handler
 *fill*         0x080021b2        0x2 
 .text.CAN1_RX0_IRQHandler
                0x080021b4       0x14 ./Core/Src/stm32f4xx_it.o
                0x080021b4                CAN1_RX0_IRQHandler
 .text.TIM2_IRQHandler
                0x080021c8       0x14 ./Core/Src/stm32f4xx_it.o
                0x080021c8                TIM2_IRQHandler
 .text.TIM3_IRQHandler
                0x080021dc       0x14 ./Core/Src/stm32f4xx_it.o
                0x080021dc                TIM3_IRQHandler
 .text.TIM4_IRQHandler
                0x080021f0       0x14 ./Core/Src/stm32f4xx_it.o
                0x080021f0                TIM4_IRQHandler
 .text.CAN2_RX0_IRQHandler
                0x08002204       0x14 ./Core/Src/stm32f4xx_it.o
                0x08002204                CAN2_RX0_IRQHandler
 .text.SystemInit
                0x08002218       0x24 ./Core/Src/system_stm32f4xx.o
                0x08002218                SystemInit
 .text.MX_TIM2_Init
                0x0800223c       0x98 ./Core/Src/tim.o
                0x0800223c                MX_TIM2_Init
 .text.MX_TIM3_Init
                0x080022d4       0x9c ./Core/Src/tim.o
                0x080022d4                MX_TIM3_Init
 .text.MX_TIM4_Init
                0x08002370       0x9c ./Core/Src/tim.o
                0x08002370                MX_TIM4_Init
 .text.MX_TIM5_Init
                0x0800240c       0x9c ./Core/Src/tim.o
                0x0800240c                MX_TIM5_Init
 .text.HAL_TIM_Base_MspInit
                0x080024a8       0xf0 ./Core/Src/tim.o
                0x080024a8                HAL_TIM_Base_MspInit
 .text.Reset_Handler
                0x08002598       0x50 ./Core/Startup/startup_stm32f446retx.o
                0x08002598                Reset_Handler
 .text.Default_Handler
                0x080025e8        0x2 ./Core/Startup/startup_stm32f446retx.o
                0x080025e8                DMA2_Stream5_IRQHandler
                0x080025e8                OTG_HS_WKUP_IRQHandler
                0x080025e8                EXTI1_IRQHandler
                0x080025e8                TIM8_UP_TIM13_IRQHandler
                0x080025e8                USART6_IRQHandler
                0x080025e8                DMA2_Stream7_IRQHandler
                0x080025e8                SAI2_IRQHandler
                0x080025e8                UART4_IRQHandler
                0x080025e8                OTG_FS_WKUP_IRQHandler
                0x080025e8                TIM8_CC_IRQHandler
                0x080025e8                SPI2_IRQHandler
                0x080025e8                EXTI9_5_IRQHandler
                0x080025e8                SPI1_IRQHandler
                0x080025e8                PVD_IRQHandler
                0x080025e8                TIM5_IRQHandler
                0x080025e8                ADC_IRQHandler
                0x080025e8                DMA1_Stream6_IRQHandler
                0x080025e8                DMA1_Stream1_IRQHandler
                0x080025e8                WWDG_IRQHandler
                0x080025e8                DMA2_Stream0_IRQHandler
                0x080025e8                I2C3_EV_IRQHandler
                0x080025e8                SPI4_IRQHandler
                0x080025e8                DMA1_Stream2_IRQHandler
                0x080025e8                RCC_IRQHandler
                0x080025e8                I2C1_ER_IRQHandler
                0x080025e8                DMA2_Stream3_IRQHandler
                0x080025e8                TIM1_UP_TIM10_IRQHandler
                0x080025e8                OTG_HS_EP1_OUT_IRQHandler
                0x080025e8                DMA2_Stream4_IRQHandler
                0x080025e8                SAI1_IRQHandler
                0x080025e8                I2C2_EV_IRQHandler
                0x080025e8                CEC_IRQHandler
                0x080025e8                USART2_IRQHandler
                0x080025e8                DMA1_Stream0_IRQHandler
                0x080025e8                FMPI2C1_ER_IRQHandler
                0x080025e8                DMA1_Stream7_IRQHandler
                0x080025e8                TIM6_DAC_IRQHandler
                0x080025e8                DMA1_Stream4_IRQHandler
                0x080025e8                TIM8_TRG_COM_TIM14_IRQHandler
                0x080025e8                FMC_IRQHandler
                0x080025e8                CAN2_TX_IRQHandler
                0x080025e8                FLASH_IRQHandler
                0x080025e8                CAN1_TX_IRQHandler
                0x080025e8                QUADSPI_IRQHandler
                0x080025e8                SDIO_IRQHandler
                0x080025e8                EXTI15_10_IRQHandler
                0x080025e8                TIM8_BRK_TIM12_IRQHandler
                0x080025e8                USART1_IRQHandler
                0x080025e8                RTC_WKUP_IRQHandler
                0x080025e8                CAN1_SCE_IRQHandler
                0x080025e8                TAMP_STAMP_IRQHandler
                0x080025e8                DMA2_Stream6_IRQHandler
                0x080025e8                OTG_HS_EP1_IN_IRQHandler
                0x080025e8                Default_Handler
                0x080025e8                EXTI2_IRQHandler
                0x080025e8                OTG_FS_IRQHandler
                0x080025e8                UART5_IRQHandler
                0x080025e8                DMA1_Stream5_IRQHandler
                0x080025e8                USART3_IRQHandler
                0x080025e8                TIM1_TRG_COM_TIM11_IRQHandler
                0x080025e8                I2C3_ER_IRQHandler
                0x080025e8                TIM1_BRK_TIM9_IRQHandler
                0x080025e8                EXTI3_IRQHandler
                0x080025e8                I2C2_ER_IRQHandler
                0x080025e8                SPDIF_RX_IRQHandler
                0x080025e8                DMA2_Stream2_IRQHandler
                0x080025e8                FMPI2C1_EV_IRQHandler
                0x080025e8                DMA2_Stream1_IRQHandler
                0x080025e8                FPU_IRQHandler
                0x080025e8                DCMI_IRQHandler
                0x080025e8                CAN2_RX1_IRQHandler
                0x080025e8                I2C1_EV_IRQHandler
                0x080025e8                TIM1_CC_IRQHandler
                0x080025e8                SPI3_IRQHandler
                0x080025e8                OTG_HS_IRQHandler
                0x080025e8                DMA1_Stream3_IRQHandler
                0x080025e8                TIM7_IRQHandler
                0x080025e8                EXTI0_IRQHandler
                0x080025e8                RTC_Alarm_IRQHandler
                0x080025e8                EXTI4_IRQHandler
                0x080025e8                CAN1_RX1_IRQHandler
                0x080025e8                CAN2_SCE_IRQHandler
 *fill*         0x080025ea        0x2 
 .text.HAL_Init
                0x080025ec       0x44 ./Drivers/STM32F4xx_HAL_Driver/Src/stm32f4xx_hal.o
                0x080025ec                HAL_Init
 .text.HAL_InitTick
                0x08002630       0x60 ./Drivers/STM32F4xx_HAL_Driver/Src/stm32f4xx_hal.o
                0x08002630                HAL_InitTick
 .text.HAL_IncTick
                0x08002690       0x28 ./Drivers/STM32F4xx_HAL_Driver/Src/stm32f4xx_hal.o
                0x08002690                HAL_IncTick
 .text.HAL_GetTick
                0x080026b8       0x18 ./Drivers/STM32F4xx_HAL_Driver/Src/stm32f4xx_hal.o
                0x080026b8                HAL_GetTick
 .text.HAL_Delay
                0x080026d0       0x48 ./Drivers/STM32F4xx_HAL_Driver/Src/stm32f4xx_hal.o
                0x080026d0                HAL_Delay
 .text.HAL_CAN_Init
                0x08002718      0x28c ./Drivers/STM32F4xx_HAL_Driver/Src/stm32f4xx_hal_can.o
                0x08002718                HAL_CAN_Init
 .text.HAL_CAN_RegisterCallback
                0x080029a4      0x160 ./Drivers/STM32F4xx_HAL_Driver/Src/stm32f4xx_hal_can.o
                0x080029a4                HAL_CAN_RegisterCallback
 .text.HAL_CAN_ConfigFilter
                0x08002b04      0x1c0 ./Drivers/STM32F4xx_HAL_Driver/Src/stm32f4xx_hal_can.o
                0x08002b04                HAL_CAN_ConfigFilter
 .text.HAL_CAN_Start
                0x08002cc4       0x88 ./Drivers/STM32F4xx_HAL_Driver/Src/stm32f4xx_hal_can.o
                0x08002cc4                HAL_CAN_Start
 .text.HAL_CAN_AddTxMessage
                0x08002d4c      0x1b6 ./Drivers/STM32F4xx_HAL_Driver/Src/stm32f4xx_hal_can.o
                0x08002d4c                HAL_CAN_AddTxMessage
 .text.HAL_CAN_GetTxMailboxesFreeLevel
                0x08002f02       0x6a ./Drivers/STM32F4xx_HAL_Driver/Src/stm32f4xx_hal_can.o
                0x08002f02                HAL_CAN_GetTxMailboxesFreeLevel
 .text.HAL_CAN_GetRxMessage
                0x08002f6c      0x224 ./Drivers/STM32F4xx_HAL_Driver/Src/stm32f4xx_hal_can.o
                0x08002f6c                HAL_CAN_GetRxMessage
 .text.HAL_CAN_ActivateNotification
                0x08003190       0x4c ./Drivers/STM32F4xx_HAL_Driver/Src/stm32f4xx_hal_can.o
                0x08003190                HAL_CAN_ActivateNotification
 .text.HAL_CAN_IRQHandler
                0x080031dc      0x38a ./Drivers/STM32F4xx_HAL_Driver/Src/stm32f4xx_hal_can.o
                0x080031dc                HAL_CAN_IRQHandler
 .text.HAL_CAN_TxMailbox0CompleteCallback
                0x08003566       0x14 ./Drivers/STM32F4xx_HAL_Driver/Src/stm32f4xx_hal_can.o
                0x08003566                HAL_CAN_TxMailbox0CompleteCallback
 .text.HAL_CAN_TxMailbox1CompleteCallback
                0x0800357a       0x14 ./Drivers/STM32F4xx_HAL_Driver/Src/stm32f4xx_hal_can.o
                0x0800357a                HAL_CAN_TxMailbox1CompleteCallback
 .text.HAL_CAN_TxMailbox2CompleteCallback
                0x0800358e       0x14 ./Drivers/STM32F4xx_HAL_Driver/Src/stm32f4xx_hal_can.o
                0x0800358e                HAL_CAN_TxMailbox2CompleteCallback
 .text.HAL_CAN_TxMailbox0AbortCallback
                0x080035a2       0x14 ./Drivers/STM32F4xx_HAL_Driver/Src/stm32f4xx_hal_can.o
                0x080035a2                HAL_CAN_TxMailbox0AbortCallback
 .text.HAL_CAN_TxMailbox1AbortCallback
                0x080035b6       0x14 ./Drivers/STM32F4xx_HAL_Driver/Src/stm32f4xx_hal_can.o
                0x080035b6                HAL_CAN_TxMailbox1AbortCallback
 .text.HAL_CAN_TxMailbox2AbortCallback
                0x080035ca       0x14 ./Drivers/STM32F4xx_HAL_Driver/Src/stm32f4xx_hal_can.o
                0x080035ca                HAL_CAN_TxMailbox2AbortCallback
 .text.HAL_CAN_RxFifo0MsgPendingCallback
                0x080035de       0x14 ./Drivers/STM32F4xx_HAL_Driver/Src/stm32f4xx_hal_can.o
                0x080035de                HAL_CAN_RxFifo0MsgPendingCallback
 .text.HAL_CAN_RxFifo0FullCallback
                0x080035f2       0x14 ./Drivers/STM32F4xx_HAL_Driver/Src/stm32f4xx_hal_can.o
                0x080035f2                HAL_CAN_RxFifo0FullCallback
 .text.HAL_CAN_RxFifo1MsgPendingCallback
                0x08003606       0x14 ./Drivers/STM32F4xx_HAL_Driver/Src/stm32f4xx_hal_can.o
                0x08003606                HAL_CAN_RxFifo1MsgPendingCallback
 .text.HAL_CAN_RxFifo1FullCallback
                0x0800361a       0x14 ./Drivers/STM32F4xx_HAL_Driver/Src/stm32f4xx_hal_can.o
                0x0800361a                HAL_CAN_RxFifo1FullCallback
 .text.HAL_CAN_SleepCallback
                0x0800362e       0x14 ./Drivers/STM32F4xx_HAL_Driver/Src/stm32f4xx_hal_can.o
                0x0800362e                HAL_CAN_SleepCallback
 .text.HAL_CAN_WakeUpFromRxMsgCallback
                0x08003642       0x14 ./Drivers/STM32F4xx_HAL_Driver/Src/stm32f4xx_hal_can.o
                0x08003642                HAL_CAN_WakeUpFromRxMsgCallback
 .text.HAL_CAN_ErrorCallback
                0x08003656       0x14 ./Drivers/STM32F4xx_HAL_Driver/Src/stm32f4xx_hal_can.o
                0x08003656                HAL_CAN_ErrorCallback
 *fill*         0x0800366a        0x2 
 .text.__NVIC_SetPriorityGrouping
                0x0800366c       0x48 ./Drivers/STM32F4xx_HAL_Driver/Src/stm32f4xx_hal_cortex.o
 .text.__NVIC_GetPriorityGrouping
                0x080036b4       0x1c ./Drivers/STM32F4xx_HAL_Driver/Src/stm32f4xx_hal_cortex.o
 .text.__NVIC_EnableIRQ
                0x080036d0       0x3c ./Drivers/STM32F4xx_HAL_Driver/Src/stm32f4xx_hal_cortex.o
 .text.__NVIC_SetPriority
                0x0800370c       0x54 ./Drivers/STM32F4xx_HAL_Driver/Src/stm32f4xx_hal_cortex.o
 .text.NVIC_EncodePriority
                0x08003760       0x66 ./Drivers/STM32F4xx_HAL_Driver/Src/stm32f4xx_hal_cortex.o
 *fill*         0x080037c6        0x2 
 .text.SysTick_Config
                0x080037c8       0x44 ./Drivers/STM32F4xx_HAL_Driver/Src/stm32f4xx_hal_cortex.o
 .text.HAL_NVIC_SetPriorityGrouping
                0x0800380c       0x16 ./Drivers/STM32F4xx_HAL_Driver/Src/stm32f4xx_hal_cortex.o
                0x0800380c                HAL_NVIC_SetPriorityGrouping
 .text.HAL_NVIC_SetPriority
                0x08003822       0x38 ./Drivers/STM32F4xx_HAL_Driver/Src/stm32f4xx_hal_cortex.o
                0x08003822                HAL_NVIC_SetPriority
 .text.HAL_NVIC_EnableIRQ
                0x0800385a       0x1c ./Drivers/STM32F4xx_HAL_Driver/Src/stm32f4xx_hal_cortex.o
                0x0800385a                HAL_NVIC_EnableIRQ
 .text.HAL_SYSTICK_Config
                0x08003876       0x18 ./Drivers/STM32F4xx_HAL_Driver/Src/stm32f4xx_hal_cortex.o
                0x08003876                HAL_SYSTICK_Config
 *fill*         0x0800388e        0x2 
 .text.HAL_GPIO_Init
                0x08003890      0x328 ./Drivers/STM32F4xx_HAL_Driver/Src/stm32f4xx_hal_gpio.o
                0x08003890                HAL_GPIO_Init
 .text.HAL_GPIO_ReadPin
                0x08003bb8       0x30 ./Drivers/STM32F4xx_HAL_Driver/Src/stm32f4xx_hal_gpio.o
                0x08003bb8                HAL_GPIO_ReadPin
 .text.HAL_GPIO_WritePin
                0x08003be8       0x32 ./Drivers/STM32F4xx_HAL_Driver/Src/stm32f4xx_hal_gpio.o
                0x08003be8                HAL_GPIO_WritePin
 *fill*         0x08003c1a        0x2 
 .text.HAL_RCC_ClockConfig
                0x08003c1c      0x1cc ./Drivers/STM32F4xx_HAL_Driver/Src/stm32f4xx_hal_rcc.o
                0x08003c1c                HAL_RCC_ClockConfig
 .text.HAL_RCC_GetSysClockFreq
                0x08003de8      0x354 ./Drivers/STM32F4xx_HAL_Driver/Src/stm32f4xx_hal_rcc_ex.o
                0x08003de8                HAL_RCC_GetSysClockFreq
 .text.HAL_RCC_OscConfig
                0x0800413c      0x53c ./Drivers/STM32F4xx_HAL_Driver/Src/stm32f4xx_hal_rcc_ex.o
                0x0800413c                HAL_RCC_OscConfig
 .text.HAL_TIM_Base_Init
                0x08004678       0xb8 ./Drivers/STM32F4xx_HAL_Driver/Src/stm32f4xx_hal_tim.o
                0x08004678                HAL_TIM_Base_Init
 .text.HAL_TIM_Base_Start
                0x08004730       0xd0 ./Drivers/STM32F4xx_HAL_Driver/Src/stm32f4xx_hal_tim.o
                0x08004730                HAL_TIM_Base_Start
 .text.HAL_TIM_Base_Stop
                0x08004800       0x4e ./Drivers/STM32F4xx_HAL_Driver/Src/stm32f4xx_hal_tim.o
                0x08004800                HAL_TIM_Base_Stop
 *fill*         0x0800484e        0x2 
 .text.HAL_TIM_Base_Start_IT
                0x08004850       0xe0 ./Drivers/STM32F4xx_HAL_Driver/Src/stm32f4xx_hal_tim.o
                0x08004850                HAL_TIM_Base_Start_IT
 .text.HAL_TIM_IRQHandler
                0x08004930      0x250 ./Drivers/STM32F4xx_HAL_Driver/Src/stm32f4xx_hal_tim.o
                0x08004930                HAL_TIM_IRQHandler
 .text.HAL_TIM_ConfigClockSource
                0x08004b80      0x18e ./Drivers/STM32F4xx_HAL_Driver/Src/stm32f4xx_hal_tim.o
                0x08004b80                HAL_TIM_ConfigClockSource
 .text.HAL_TIM_PeriodElapsedCallback
                0x08004d0e       0x14 ./Drivers/STM32F4xx_HAL_Driver/Src/stm32f4xx_hal_tim.o
                0x08004d0e                HAL_TIM_PeriodElapsedCallback
 .text.HAL_TIM_PeriodElapsedHalfCpltCallback
                0x08004d22       0x14 ./Drivers/STM32F4xx_HAL_Driver/Src/stm32f4xx_hal_tim.o
                0x08004d22                HAL_TIM_PeriodElapsedHalfCpltCallback
 .text.HAL_TIM_OC_DelayElapsedCallback
                0x08004d36       0x14 ./Drivers/STM32F4xx_HAL_Driver/Src/stm32f4xx_hal_tim.o
                0x08004d36                HAL_TIM_OC_DelayElapsedCallback
 .text.HAL_TIM_IC_CaptureCallback
                0x08004d4a       0x14 ./Drivers/STM32F4xx_HAL_Driver/Src/stm32f4xx_hal_tim.o
                0x08004d4a                HAL_TIM_IC_CaptureCallback
 .text.HAL_TIM_IC_CaptureHalfCpltCallback
                0x08004d5e       0x14 ./Drivers/STM32F4xx_HAL_Driver/Src/stm32f4xx_hal_tim.o
                0x08004d5e                HAL_TIM_IC_CaptureHalfCpltCallback
 .text.HAL_TIM_PWM_PulseFinishedCallback
                0x08004d72       0x14 ./Drivers/STM32F4xx_HAL_Driver/Src/stm32f4xx_hal_tim.o
                0x08004d72                HAL_TIM_PWM_PulseFinishedCallback
 .text.HAL_TIM_PWM_PulseFinishedHalfCpltCallback
                0x08004d86       0x14 ./Drivers/STM32F4xx_HAL_Driver/Src/stm32f4xx_hal_tim.o
                0x08004d86                HAL_TIM_PWM_PulseFinishedHalfCpltCallback
 .text.HAL_TIM_TriggerCallback
                0x08004d9a       0x14 ./Drivers/STM32F4xx_HAL_Driver/Src/stm32f4xx_hal_tim.o
                0x08004d9a                HAL_TIM_TriggerCallback
 .text.HAL_TIM_TriggerHalfCpltCallback
                0x08004dae       0x14 ./Drivers/STM32F4xx_HAL_Driver/Src/stm32f4xx_hal_tim.o
                0x08004dae                HAL_TIM_TriggerHalfCpltCallback
 .text.HAL_TIM_ErrorCallback
                0x08004dc2       0x14 ./Drivers/STM32F4xx_HAL_Driver/Src/stm32f4xx_hal_tim.o
                0x08004dc2                HAL_TIM_ErrorCallback
 *fill*         0x08004dd6        0x2 
 .text.HAL_TIM_RegisterCallback
                0x08004dd8      0x294 ./Drivers/STM32F4xx_HAL_Driver/Src/stm32f4xx_hal_tim.o
                0x08004dd8                HAL_TIM_RegisterCallback
 .text.TIM_Base_SetConfig
                0x0800506c      0x140 ./Drivers/STM32F4xx_HAL_Driver/Src/stm32f4xx_hal_tim.o
                0x0800506c                TIM_Base_SetConfig
 .text.TIM_TI1_ConfigInputStage
                0x080051ac       0x5e ./Drivers/STM32F4xx_HAL_Driver/Src/stm32f4xx_hal_tim.o
 .text.TIM_TI2_ConfigInputStage
                0x0800520a       0x60 ./Drivers/STM32F4xx_HAL_Driver/Src/stm32f4xx_hal_tim.o
 .text.TIM_ITRx_SetConfig
                0x0800526a       0x36 ./Drivers/STM32F4xx_HAL_Driver/Src/stm32f4xx_hal_tim.o
 .text.TIM_ETR_SetConfig
                0x080052a0       0x40 ./Drivers/STM32F4xx_HAL_Driver/Src/stm32f4xx_hal_tim.o
                0x080052a0                TIM_ETR_SetConfig
 .text.TIM_ResetCallback
                0x080052e0       0xb0 ./Drivers/STM32F4xx_HAL_Driver/Src/stm32f4xx_hal_tim.o
                0x080052e0                TIM_ResetCallback
 .text.HAL_TIMEx_MasterConfigSynchronization
                0x08005390       0xf8 ./Drivers/STM32F4xx_HAL_Driver/Src/stm32f4xx_hal_tim_ex.o
                0x08005390                HAL_TIMEx_MasterConfigSynchronization
 .text.HAL_TIMEx_CommutCallback
                0x08005488       0x14 ./Drivers/STM32F4xx_HAL_Driver/Src/stm32f4xx_hal_tim_ex.o
                0x08005488                HAL_TIMEx_CommutCallback
 .text.HAL_TIMEx_CommutHalfCpltCallback
                0x0800549c       0x14 ./Drivers/STM32F4xx_HAL_Driver/Src/stm32f4xx_hal_tim_ex.o
                0x0800549c                HAL_TIMEx_CommutHalfCpltCallback
 .text.HAL_TIMEx_BreakCallback
                0x080054b0       0x14 ./Drivers/STM32F4xx_HAL_Driver/Src/stm32f4xx_hal_tim_ex.o
                0x080054b0                HAL_TIMEx_BreakCallback
 .text.pack_left_shift_u8
                0x080054c4       0x2e ./TER_DATABASES/hvbms.o
 .text.pack_left_shift_u16
                0x080054f2       0x2e ./TER_DATABASES/hvbms.o
 .text.pack_right_shift_u16
                0x08005520       0x2e ./TER_DATABASES/hvbms.o
 .text.unpack_right_shift_u8
                0x0800554e       0x30 ./TER_DATABASES/hvbms.o
 .text.hvbms_bms_rx_ctrl_1_pack
                0x0800557e      0x178 ./TER_DATABASES/hvbms.o
                0x0800557e                hvbms_bms_rx_ctrl_1_pack
 .text.hvbms_bms_tx_state_3_unpack
                0x080056f6       0x98 ./TER_DATABASES/hvbms.o
                0x080056f6                hvbms_bms_tx_state_3_unpack
 .text.pack_left_shift_u8
                0x0800578e       0x2e ./TER_DATABASES/inverter.o
 .text.pack_left_shift_u16
                0x080057bc       0x2e ./TER_DATABASES/inverter.o
 .text.pack_right_shift_u16
                0x080057ea       0x2e ./TER_DATABASES/inverter.o
 .text.unpack_left_shift_u8
                0x08005818       0x30 ./TER_DATABASES/inverter.o
 .text.unpack_left_shift_u16
                0x08005848       0x30 ./TER_DATABASES/inverter.o
 .text.unpack_left_shift_u32
                0x08005878       0x2e ./TER_DATABASES/inverter.o
 .text.unpack_right_shift_u8
                0x080058a6       0x30 ./TER_DATABASES/inverter.o
 .text.unpack_right_shift_u16
                0x080058d6       0x30 ./TER_DATABASES/inverter.o
 .text.unpack_right_shift_u32
                0x08005906       0x2e ./TER_DATABASES/inverter.o
 .text.inverter_emcu_state_9_left_unpack
                0x08005934       0x9e ./TER_DATABASES/inverter.o
                0x08005934                inverter_emcu_state_9_left_unpack
 .text.inverter_emcu_state_7_left_unpack
                0x080059d2       0x58 ./TER_DATABASES/inverter.o
                0x080059d2                inverter_emcu_state_7_left_unpack
 .text.inverter_emcu_state_3_left_unpack
                0x08005a2a      0x122 ./TER_DATABASES/inverter.o
                0x08005a2a                inverter_emcu_state_3_left_unpack
 .text.inverter_emcu_state_2_left_unpack
                0x08005b4c       0xa8 ./TER_DATABASES/inverter.o
                0x08005b4c                inverter_emcu_state_2_left_unpack
 .text.inverter_emcu_setpoint_3_left_pack
                0x08005bf4       0xd6 ./TER_DATABASES/inverter.o
                0x08005bf4                inverter_emcu_setpoint_3_left_pack
 .text.inverter_emcu_setpoint_2_left_pack
                0x08005cca       0xb8 ./TER_DATABASES/inverter.o
                0x08005cca                inverter_emcu_setpoint_2_left_pack
 .text.inverter_emcu_setpoint_1_left_pack
                0x08005d82       0xb0 ./TER_DATABASES/inverter.o
                0x08005d82                inverter_emcu_setpoint_1_left_pack
 .text.inverter_emcu_state_2_right_unpack
                0x08005e32       0xa8 ./TER_DATABASES/inverter.o
                0x08005e32                inverter_emcu_state_2_right_unpack
 .text.inverter_emcu_state_3_right_unpack
                0x08005eda      0x122 ./TER_DATABASES/inverter.o
                0x08005eda                inverter_emcu_state_3_right_unpack
 .text.inverter_emcu_state_7_right_unpack
                0x08005ffc       0x58 ./TER_DATABASES/inverter.o
                0x08005ffc                inverter_emcu_state_7_right_unpack
 .text.inverter_emcu_state_9_right_unpack
                0x08006054       0x9e ./TER_DATABASES/inverter.o
                0x08006054                inverter_emcu_state_9_right_unpack
 .text.inverter_emcu_setpoint_1_right_pack
                0x080060f2       0xb0 ./TER_DATABASES/inverter.o
                0x080060f2                inverter_emcu_setpoint_1_right_pack
 .text.inverter_emcu_setpoint_2_right_pack
                0x080061a2       0xb8 ./TER_DATABASES/inverter.o
                0x080061a2                inverter_emcu_setpoint_2_right_pack
 .text.inverter_emcu_setpoint_3_right_pack
                0x0800625a       0xd6 ./TER_DATABASES/inverter.o
                0x0800625a                inverter_emcu_setpoint_3_right_pack
 .text.pack_left_shift_u8
                0x08006330       0x2e ./TER_DATABASES/ter.o
 .text.pack_left_shift_u16
                0x0800635e       0x2e ./TER_DATABASES/ter.o
 .text.pack_right_shift_u16
                0x0800638c       0x2e ./TER_DATABASES/ter.o
 .text.unpack_left_shift_u16
                0x080063ba       0x30 ./TER_DATABASES/ter.o
 .text.unpack_left_shift_u32
                0x080063ea       0x2e ./TER_DATABASES/ter.o
 .text.unpack_right_shift_u8
                0x08006418       0x30 ./TER_DATABASES/ter.o
 .text.unpack_right_shift_u16
                0x08006448       0x30 ./TER_DATABASES/ter.o
 .text.unpack_right_shift_u32
                0x08006478       0x2e ./TER_DATABASES/ter.o
 .text.ter_apps_unpack
                0x080064a6       0x80 ./TER_DATABASES/ter.o
                0x080064a6                ter_apps_unpack
 *fill*         0x08006526        0x2 
 .text.ter_command_unpack
                0x08006528      0x128 ./TER_DATABASES/ter.o
                0x08006528                ter_command_unpack
 .text.ter_command_init
                0x08006650       0x28 ./TER_DATABASES/ter.o
                0x08006650                ter_command_init
 .text.ter_command_kw_limit_is_in_range
                0x08006678       0x2e ./TER_DATABASES/ter.o
                0x08006678                ter_command_kw_limit_is_in_range
 .text.ter_command_trq_limit_is_in_range
                0x080066a6       0x2e ./TER_DATABASES/ter.o
                0x080066a6                ter_command_trq_limit_is_in_range
 .text.ter_command_speed_limit_is_in_range
                0x080066d4       0x2e ./TER_DATABASES/ter.o
                0x080066d4                ter_command_speed_limit_is_in_range
 .text.ter_bpps_unpack
                0x08006702       0x38 ./TER_DATABASES/ter.o
                0x08006702                ter_bpps_unpack
 .text.ter_steer_unpack
                0x0800673a       0x56 ./TER_DATABASES/ter.o
                0x0800673a                ter_steer_unpack
 .text.ter_front_v_unpack
                0x08006790       0xc8 ./TER_DATABASES/ter.o
                0x08006790                ter_front_v_unpack
 .text.ter_ang_rate_unpack
                0x08006858      0x13a ./TER_DATABASES/ter.o
                0x08006858                ter_ang_rate_unpack
 .text.ter_ter_status_pack
                0x08006992      0x1b8 ./TER_DATABASES/ter.o
                0x08006992                ter_ter_status_pack
 .text.ter_response_pack
                0x08006b4a       0x6c ./TER_DATABASES/ter.o
                0x08006b4a                ter_response_pack
 *fill*         0x08006bb6        0x2 
 .text.ter_dynamic_config_pack
                0x08006bb8      0x11c ./TER_DATABASES/ter.o
                0x08006bb8                ter_dynamic_config_pack
 .text.ter_wheel_info_pack
                0x08006cd4       0xf4 ./TER_DATABASES/ter.o
                0x08006cd4                ter_wheel_info_pack
 .text.memset   0x08006dc8       0x10 /opt/st/stm32cubeide_1.13.2/plugins/com.st.stm32cube.ide.mcu.externaltools.gnu-tools-for-stm32.12.3.rel1.linux64_1.0.100.202403111256/tools/bin/../lib/gcc/arm-none-eabi/12.3.1/../../../../arm-none-eabi/lib/thumb/v7e-m+fp/hard/libc_nano.a(libc_a-memset.o)
                0x08006dc8                memset
 .text.__libc_init_array
                0x08006dd8       0x48 /opt/st/stm32cubeide_1.13.2/plugins/com.st.stm32cube.ide.mcu.externaltools.gnu-tools-for-stm32.12.3.rel1.linux64_1.0.100.202403111256/tools/bin/../lib/gcc/arm-none-eabi/12.3.1/../../../../arm-none-eabi/lib/thumb/v7e-m+fp/hard/libc_nano.a(libc_a-init.o)
                0x08006dd8                __libc_init_array
 *(.glue_7)
 .glue_7        0x08006e20        0x0 linker stubs
 *(.glue_7t)
 .glue_7t       0x08006e20        0x0 linker stubs
 *(.eh_frame)
 .eh_frame      0x08006e20        0x0 /opt/st/stm32cubeide_1.13.2/plugins/com.st.stm32cube.ide.mcu.externaltools.gnu-tools-for-stm32.12.3.rel1.linux64_1.0.100.202403111256/tools/bin/../lib/gcc/arm-none-eabi/12.3.1/thumb/v7e-m+fp/hard/crtbegin.o
 *(.init)
 .init          0x08006e20        0x4 /opt/st/stm32cubeide_1.13.2/plugins/com.st.stm32cube.ide.mcu.externaltools.gnu-tools-for-stm32.12.3.rel1.linux64_1.0.100.202403111256/tools/bin/../lib/gcc/arm-none-eabi/12.3.1/thumb/v7e-m+fp/hard/crti.o
                0x08006e20                _init
 .init          0x08006e24        0x8 /opt/st/stm32cubeide_1.13.2/plugins/com.st.stm32cube.ide.mcu.externaltools.gnu-tools-for-stm32.12.3.rel1.linux64_1.0.100.202403111256/tools/bin/../lib/gcc/arm-none-eabi/12.3.1/thumb/v7e-m+fp/hard/crtn.o
 *(.fini)
 .fini          0x08006e2c        0x4 /opt/st/stm32cubeide_1.13.2/plugins/com.st.stm32cube.ide.mcu.externaltools.gnu-tools-for-stm32.12.3.rel1.linux64_1.0.100.202403111256/tools/bin/../lib/gcc/arm-none-eabi/12.3.1/thumb/v7e-m+fp/hard/crti.o
                0x08006e2c                _fini
 .fini          0x08006e30        0x8 /opt/st/stm32cubeide_1.13.2/plugins/com.st.stm32cube.ide.mcu.externaltools.gnu-tools-for-stm32.12.3.rel1.linux64_1.0.100.202403111256/tools/bin/../lib/gcc/arm-none-eabi/12.3.1/thumb/v7e-m+fp/hard/crtn.o
                0x08006e38                        . = ALIGN (0x4)
                0x08006e38                        _etext = .

.vfp11_veneer   0x08006e38        0x0
 .vfp11_veneer  0x08006e38        0x0 linker stubs

.v4_bx          0x08006e38        0x0
 .v4_bx         0x08006e38        0x0 linker stubs

.iplt           0x08006e38        0x0
 .iplt          0x08006e38        0x0 /opt/st/stm32cubeide_1.13.2/plugins/com.st.stm32cube.ide.mcu.externaltools.gnu-tools-for-stm32.12.3.rel1.linux64_1.0.100.202403111256/tools/bin/../lib/gcc/arm-none-eabi/12.3.1/thumb/v7e-m+fp/hard/crtbegin.o

.rodata         0x08006e38       0x10
                0x08006e38                        . = ALIGN (0x4)
 *(.rodata)
 *(.rodata*)
 .rodata.AHBPrescTable
                0x08006e38       0x10 ./Core/Src/system_stm32f4xx.o
                0x08006e38                AHBPrescTable
                0x08006e48                        . = ALIGN (0x4)

.ARM.extab      0x08006e48        0x0
                0x08006e48                        . = ALIGN (0x4)
 *(.ARM.extab* .gnu.linkonce.armextab.*)
                0x08006e48                        . = ALIGN (0x4)

.ARM            0x08006e48        0x8
                0x08006e48                        . = ALIGN (0x4)
                0x08006e48                        __exidx_start = .
 *(.ARM.exidx*)
 .ARM.exidx     0x08006e48        0x8 /opt/st/stm32cubeide_1.13.2/plugins/com.st.stm32cube.ide.mcu.externaltools.gnu-tools-for-stm32.12.3.rel1.linux64_1.0.100.202403111256/tools/bin/../lib/gcc/arm-none-eabi/12.3.1/thumb/v7e-m+fp/hard/libgcc.a(_udivmoddi4.o)
                0x08006e50                        __exidx_end = .
                0x08006e50                        . = ALIGN (0x4)

.rel.dyn        0x08006e50        0x0
 .rel.iplt      0x08006e50        0x0 /opt/st/stm32cubeide_1.13.2/plugins/com.st.stm32cube.ide.mcu.externaltools.gnu-tools-for-stm32.12.3.rel1.linux64_1.0.100.202403111256/tools/bin/../lib/gcc/arm-none-eabi/12.3.1/thumb/v7e-m+fp/hard/crtbegin.o

.preinit_array  0x08006e50        0x0
                0x08006e50                        . = ALIGN (0x4)
                0x08006e50                        PROVIDE (__preinit_array_start = .)
 *(.preinit_array*)
                0x08006e50                        PROVIDE (__preinit_array_end = .)
                0x08006e50                        . = ALIGN (0x4)

.init_array     0x08006e50        0x4
                0x08006e50                        . = ALIGN (0x4)
                0x08006e50                        PROVIDE (__init_array_start = .)
 *(SORT_BY_NAME(.init_array.*))
 *(.init_array*)
 .init_array    0x08006e50        0x4 /opt/st/stm32cubeide_1.13.2/plugins/com.st.stm32cube.ide.mcu.externaltools.gnu-tools-for-stm32.12.3.rel1.linux64_1.0.100.202403111256/tools/bin/../lib/gcc/arm-none-eabi/12.3.1/thumb/v7e-m+fp/hard/crtbegin.o
                0x08006e54                        PROVIDE (__init_array_end = .)
                0x08006e54                        . = ALIGN (0x4)

.fini_array     0x08006e54        0x4
                0x08006e54                        . = ALIGN (0x4)
                [!provide]                        PROVIDE (__fini_array_start = .)
 *(SORT_BY_NAME(.fini_array.*))
 *(.fini_array*)
 .fini_array    0x08006e54        0x4 /opt/st/stm32cubeide_1.13.2/plugins/com.st.stm32cube.ide.mcu.externaltools.gnu-tools-for-stm32.12.3.rel1.linux64_1.0.100.202403111256/tools/bin/../lib/gcc/arm-none-eabi/12.3.1/thumb/v7e-m+fp/hard/crtbegin.o
                [!provide]                        PROVIDE (__fini_array_end = .)
                0x08006e58                        . = ALIGN (0x4)
                0x08006e58                        _sidata = LOADADDR (.data)

.data           0x20000000       0x14 load address 0x08006e58
                0x20000000                        . = ALIGN (0x4)
                0x20000000                        _sdata = .
 *(.data)
 *(.data*)
 .data.scsIds   0x20000000        0x8 ./Core/Src/TeR_SCS.o
                0x20000000                scsIds
 .data.SystemCoreClock
                0x20000008        0x4 ./Core/Src/system_stm32f4xx.o
                0x20000008                SystemCoreClock
 .data.uwTickPrio
                0x2000000c        0x4 ./Drivers/STM32F4xx_HAL_Driver/Src/stm32f4xx_hal.o
                0x2000000c                uwTickPrio
 .data.uwTickFreq
                0x20000010        0x1 ./Drivers/STM32F4xx_HAL_Driver/Src/stm32f4xx_hal.o
                0x20000010                uwTickFreq
 *(.RamFunc)
 *(.RamFunc*)
                0x20000014                        . = ALIGN (0x4)
 *fill*         0x20000011        0x3 
                0x20000014                        _edata = .

.igot.plt       0x20000014        0x0 load address 0x08006e6c
 .igot.plt      0x20000014        0x0 /opt/st/stm32cubeide_1.13.2/plugins/com.st.stm32cube.ide.mcu.externaltools.gnu-tools-for-stm32.12.3.rel1.linux64_1.0.100.202403111256/tools/bin/../lib/gcc/arm-none-eabi/12.3.1/thumb/v7e-m+fp/hard/crtbegin.o
                0x20000014                        . = ALIGN (0x4)

.bss            0x20000014      0x484 load address 0x08006e6c
                0x20000014                        _sbss = .
                0x20000014                        __bss_start__ = _sbss
 *(.bss)
 .bss           0x20000014       0x1c /opt/st/stm32cubeide_1.13.2/plugins/com.st.stm32cube.ide.mcu.externaltools.gnu-tools-for-stm32.12.3.rel1.linux64_1.0.100.202403111256/tools/bin/../lib/gcc/arm-none-eabi/12.3.1/thumb/v7e-m+fp/hard/crtbegin.o
 *(.bss*)
 .bss.invCAN    0x20000030        0x4 ./Core/Src/TeR_CAN.o
                0x20000030                invCAN
 .bss.mainCAN   0x20000034        0x4 ./Core/Src/TeR_CAN.o
                0x20000034                mainCAN
 .bss.invTIM    0x20000038        0x4 ./Core/Src/TeR_CAN.o
                0x20000038                invTIM
 .bss.mainTIM   0x2000003c        0x4 ./Core/Src/TeR_CAN.o
                0x2000003c                mainTIM
 .bss.invIndex  0x20000040        0x1 ./Core/Src/TeR_CAN.o
                0x20000040                invIndex
 .bss.mainIndex
                0x20000041        0x1 ./Core/Src/TeR_CAN.o
                0x20000041                mainIndex
 *fill*         0x20000042        0x2 
 .bss.TeR       0x20000044       0x90 ./Core/Src/TeR_CAN.o
                0x20000044                TeR
 .bss.timestamps
                0x200000d4        0x8 ./Core/Src/TeR_SCS.o
                0x200000d4                timestamps
 .bss.lastFailSCS
                0x200000dc        0x4 ./Core/Src/TeR_SCS.o
                0x200000dc                lastFailSCS
 .bss.base      0x200000e0        0x4 ./Core/Src/TeR_SCS.o
                0x200000e0                base
 .bss.beat      0x200000e4        0x4 ./Core/Src/TeR_STATEMACHINE.o
                0x200000e4                beat
 .bss.SL        0x200000e8        0x4 ./Core/Src/TeR_STATEMACHINE.o
                0x200000e8                SL
 .bss.DriveConfig
                0x200000ec        0xc ./Core/Src/TeR_TRQMANAGER.o
                0x200000ec                DriveConfig
 .bss.hcan1     0x200000f8       0x64 ./Core/Src/can.o
                0x200000f8                hcan1
 .bss.hcan2     0x2000015c       0x64 ./Core/Src/can.o
                0x2000015c                hcan2
 .bss.HAL_RCC_CAN1_CLK_ENABLED
                0x200001c0        0x4 ./Core/Src/can.o
 .bss.htim2     0x200001c4       0xb4 ./Core/Src/tim.o
                0x200001c4                htim2
 .bss.htim3     0x20000278       0xb4 ./Core/Src/tim.o
                0x20000278                htim3
 .bss.htim4     0x2000032c       0xb4 ./Core/Src/tim.o
                0x2000032c                htim4
 .bss.htim5     0x200003e0       0xb4 ./Core/Src/tim.o
                0x200003e0                htim5
 .bss.uwTick    0x20000494        0x4 ./Drivers/STM32F4xx_HAL_Driver/Src/stm32f4xx_hal.o
                0x20000494                uwTick
 *(COMMON)
                0x20000498                        . = ALIGN (0x4)
                0x20000498                        _ebss = .
                0x20000498                        __bss_end__ = _ebss

._user_heap_stack
                0x20000498      0x600 load address 0x08006e6c
                0x20000498                        . = ALIGN (0x8)
                [!provide]                        PROVIDE (end = .)
                0x20000498                        PROVIDE (_end = .)
                0x20000698                        . = (. + _Min_Heap_Size)
 *fill*         0x20000498      0x200 
                0x20000a98                        . = (. + _Min_Stack_Size)
 *fill*         0x20000698      0x400 
                0x20000a98                        . = ALIGN (0x8)

/DISCARD/
 libc.a(*)
 libm.a(*)
 libgcc.a(*)

.ARM.attributes
                0x00000000       0x30
 *(.ARM.attributes)
 .ARM.attributes
                0x00000000       0x22 /opt/st/stm32cubeide_1.13.2/plugins/com.st.stm32cube.ide.mcu.externaltools.gnu-tools-for-stm32.12.3.rel1.linux64_1.0.100.202403111256/tools/bin/../lib/gcc/arm-none-eabi/12.3.1/thumb/v7e-m+fp/hard/crti.o
 .ARM.attributes
                0x00000022       0x34 /opt/st/stm32cubeide_1.13.2/plugins/com.st.stm32cube.ide.mcu.externaltools.gnu-tools-for-stm32.12.3.rel1.linux64_1.0.100.202403111256/tools/bin/../lib/gcc/arm-none-eabi/12.3.1/thumb/v7e-m+fp/hard/crtbegin.o
 .ARM.attributes
                0x00000056       0x34 ./Core/Src/TeR_CAN.o
 .ARM.attributes
                0x0000008a       0x34 ./Core/Src/TeR_COMMAND.o
 .ARM.attributes
                0x000000be       0x34 ./Core/Src/TeR_SCS.o
 .ARM.attributes
                0x000000f2       0x34 ./Core/Src/TeR_STATEMACHINE.o
 .ARM.attributes
                0x00000126       0x34 ./Core/Src/TeR_TRQMANAGER.o
 .ARM.attributes
                0x0000015a       0x34 ./Core/Src/TeR_UTILS.o
 .ARM.attributes
                0x0000018e       0x34 ./Core/Src/can.o
 .ARM.attributes
                0x000001c2       0x34 ./Core/Src/gpio.o
 .ARM.attributes
                0x000001f6       0x34 ./Core/Src/main.o
 .ARM.attributes
                0x0000022a       0x34 ./Core/Src/stm32f4xx_hal_msp.o
 .ARM.attributes
                0x0000025e       0x34 ./Core/Src/stm32f4xx_it.o
 .ARM.attributes
                0x00000292       0x34 ./Core/Src/system_stm32f4xx.o
 .ARM.attributes
                0x000002c6       0x34 ./Core/Src/tim.o
 .ARM.attributes
                0x000002fa       0x21 ./Core/Startup/startup_stm32f446retx.o
 .ARM.attributes
                0x0000031b       0x34 ./Drivers/STM32F4xx_HAL_Driver/Src/stm32f4xx_hal.o
 .ARM.attributes
                0x0000034f       0x34 ./Drivers/STM32F4xx_HAL_Driver/Src/stm32f4xx_hal_can.o
 .ARM.attributes
                0x00000383       0x34 ./Drivers/STM32F4xx_HAL_Driver/Src/stm32f4xx_hal_cortex.o
 .ARM.attributes
                0x000003b7       0x34 ./Drivers/STM32F4xx_HAL_Driver/Src/stm32f4xx_hal_gpio.o
 .ARM.attributes
                0x000003eb       0x34 ./Drivers/STM32F4xx_HAL_Driver/Src/stm32f4xx_hal_rcc.o
 .ARM.attributes
                0x0000041f       0x34 ./Drivers/STM32F4xx_HAL_Driver/Src/stm32f4xx_hal_rcc_ex.o
 .ARM.attributes
                0x00000453       0x34 ./Drivers/STM32F4xx_HAL_Driver/Src/stm32f4xx_hal_tim.o
 .ARM.attributes
                0x00000487       0x34 ./Drivers/STM32F4xx_HAL_Driver/Src/stm32f4xx_hal_tim_ex.o
 .ARM.attributes
                0x000004bb       0x34 ./TER_DATABASES/hvbms.o
 .ARM.attributes
                0x000004ef       0x34 ./TER_DATABASES/inverter.o
 .ARM.attributes
                0x00000523       0x34 ./TER_DATABASES/ter.o
 .ARM.attributes
                0x00000557       0x34 /opt/st/stm32cubeide_1.13.2/plugins/com.st.stm32cube.ide.mcu.externaltools.gnu-tools-for-stm32.12.3.rel1.linux64_1.0.100.202403111256/tools/bin/../lib/gcc/arm-none-eabi/12.3.1/../../../../arm-none-eabi/lib/thumb/v7e-m+fp/hard/libc_nano.a(libc_a-memset.o)
 .ARM.attributes
                0x0000058b       0x34 /opt/st/stm32cubeide_1.13.2/plugins/com.st.stm32cube.ide.mcu.externaltools.gnu-tools-for-stm32.12.3.rel1.linux64_1.0.100.202403111256/tools/bin/../lib/gcc/arm-none-eabi/12.3.1/../../../../arm-none-eabi/lib/thumb/v7e-m+fp/hard/libc_nano.a(libc_a-init.o)
 .ARM.attributes
                0x000005bf       0x22 /opt/st/stm32cubeide_1.13.2/plugins/com.st.stm32cube.ide.mcu.externaltools.gnu-tools-for-stm32.12.3.rel1.linux64_1.0.100.202403111256/tools/bin/../lib/gcc/arm-none-eabi/12.3.1/thumb/v7e-m+fp/hard/libgcc.a(_arm_addsubdf3.o)
 .ARM.attributes
                0x000005e1       0x22 /opt/st/stm32cubeide_1.13.2/plugins/com.st.stm32cube.ide.mcu.externaltools.gnu-tools-for-stm32.12.3.rel1.linux64_1.0.100.202403111256/tools/bin/../lib/gcc/arm-none-eabi/12.3.1/thumb/v7e-m+fp/hard/libgcc.a(_arm_muldivdf3.o)
 .ARM.attributes
                0x00000603       0x22 /opt/st/stm32cubeide_1.13.2/plugins/com.st.stm32cube.ide.mcu.externaltools.gnu-tools-for-stm32.12.3.rel1.linux64_1.0.100.202403111256/tools/bin/../lib/gcc/arm-none-eabi/12.3.1/thumb/v7e-m+fp/hard/libgcc.a(_arm_fixdfsi.o)
 .ARM.attributes
                0x00000625       0x22 /opt/st/stm32cubeide_1.13.2/plugins/com.st.stm32cube.ide.mcu.externaltools.gnu-tools-for-stm32.12.3.rel1.linux64_1.0.100.202403111256/tools/bin/../lib/gcc/arm-none-eabi/12.3.1/thumb/v7e-m+fp/hard/libgcc.a(_arm_fixunsdfsi.o)
 .ARM.attributes
                0x00000647       0x22 /opt/st/stm32cubeide_1.13.2/plugins/com.st.stm32cube.ide.mcu.externaltools.gnu-tools-for-stm32.12.3.rel1.linux64_1.0.100.202403111256/tools/bin/../lib/gcc/arm-none-eabi/12.3.1/thumb/v7e-m+fp/hard/libgcc.a(_aeabi_uldivmod.o)
 .ARM.attributes
                0x00000669       0x34 /opt/st/stm32cubeide_1.13.2/plugins/com.st.stm32cube.ide.mcu.externaltools.gnu-tools-for-stm32.12.3.rel1.linux64_1.0.100.202403111256/tools/bin/../lib/gcc/arm-none-eabi/12.3.1/thumb/v7e-m+fp/hard/libgcc.a(_udivmoddi4.o)
 .ARM.attributes
                0x0000069d       0x22 /opt/st/stm32cubeide_1.13.2/plugins/com.st.stm32cube.ide.mcu.externaltools.gnu-tools-for-stm32.12.3.rel1.linux64_1.0.100.202403111256/tools/bin/../lib/gcc/arm-none-eabi/12.3.1/thumb/v7e-m+fp/hard/libgcc.a(_dvmd_tls.o)
 .ARM.attributes
                0x000006bf       0x22 /opt/st/stm32cubeide_1.13.2/plugins/com.st.stm32cube.ide.mcu.externaltools.gnu-tools-for-stm32.12.3.rel1.linux64_1.0.100.202403111256/tools/bin/../lib/gcc/arm-none-eabi/12.3.1/thumb/v7e-m+fp/hard/crtn.o
OUTPUT(TeR_ECU.elf elf32-littlearm)
LOAD linker stubs
LOAD /opt/st/stm32cubeide_1.13.2/plugins/com.st.stm32cube.ide.mcu.externaltools.gnu-tools-for-stm32.12.3.rel1.linux64_1.0.100.202403111256/tools/bin/../lib/gcc/arm-none-eabi/12.3.1/../../../../arm-none-eabi/lib/thumb/v7e-m+fp/hard/libc.a
LOAD /opt/st/stm32cubeide_1.13.2/plugins/com.st.stm32cube.ide.mcu.externaltools.gnu-tools-for-stm32.12.3.rel1.linux64_1.0.100.202403111256/tools/bin/../lib/gcc/arm-none-eabi/12.3.1/../../../../arm-none-eabi/lib/thumb/v7e-m+fp/hard/libm.a
LOAD /opt/st/stm32cubeide_1.13.2/plugins/com.st.stm32cube.ide.mcu.externaltools.gnu-tools-for-stm32.12.3.rel1.linux64_1.0.100.202403111256/tools/bin/../lib/gcc/arm-none-eabi/12.3.1/thumb/v7e-m+fp/hard/libgcc.a

.debug_info     0x00000000    0x34f70
 .debug_info    0x00000000     0x1f3d ./Core/Src/TeR_CAN.o
 .debug_info    0x00001f3d     0x1284 ./Core/Src/TeR_COMMAND.o
 .debug_info    0x000031c1     0x11a5 ./Core/Src/TeR_SCS.o
 .debug_info    0x00004366     0x14ac ./Core/Src/TeR_STATEMACHINE.o
 .debug_info    0x00005812      0xab9 ./Core/Src/TeR_TRQMANAGER.o
 .debug_info    0x000062cb      0x108 ./Core/Src/TeR_UTILS.o
 .debug_info    0x000063d3      0xc6f ./Core/Src/can.o
 .debug_info    0x00007042      0x401 ./Core/Src/gpio.o
 .debug_info    0x00007443     0x121a ./Core/Src/main.o
 .debug_info    0x0000865d      0x299 ./Core/Src/stm32f4xx_hal_msp.o
 .debug_info    0x000088f6      0xd86 ./Core/Src/stm32f4xx_it.o
 .debug_info    0x0000967c      0x54a ./Core/Src/system_stm32f4xx.o
 .debug_info    0x00009bc6      0xf05 ./Core/Src/tim.o
 .debug_info    0x0000aacb       0x30 ./Core/Startup/startup_stm32f446retx.o
 .debug_info    0x0000aafb      0x99e ./Drivers/STM32F4xx_HAL_Driver/Src/stm32f4xx_hal.o
 .debug_info    0x0000b499     0x10f6 ./Drivers/STM32F4xx_HAL_Driver/Src/stm32f4xx_hal_can.o
 .debug_info    0x0000c58f      0xd64 ./Drivers/STM32F4xx_HAL_Driver/Src/stm32f4xx_hal_cortex.o
 .debug_info    0x0000d2f3      0x70b ./Drivers/STM32F4xx_HAL_Driver/Src/stm32f4xx_hal_gpio.o
 .debug_info    0x0000d9fe      0x8ed ./Drivers/STM32F4xx_HAL_Driver/Src/stm32f4xx_hal_rcc.o
 .debug_info    0x0000e2eb      0x956 ./Drivers/STM32F4xx_HAL_Driver/Src/stm32f4xx_hal_rcc_ex.o
 .debug_info    0x0000ec41     0x2cb0 ./Drivers/STM32F4xx_HAL_Driver/Src/stm32f4xx_hal_tim.o
 .debug_info    0x000118f1     0x1631 ./Drivers/STM32F4xx_HAL_Driver/Src/stm32f4xx_hal_tim_ex.o
 .debug_info    0x00012f22    0x176f6 ./TER_DATABASES/hvbms.o
 .debug_info    0x0002a618     0x5033 ./TER_DATABASES/inverter.o
 .debug_info    0x0002f64b     0x5925 ./TER_DATABASES/ter.o

.debug_abbrev   0x00000000     0x3045
 .debug_abbrev  0x00000000      0x25b ./Core/Src/TeR_CAN.o
 .debug_abbrev  0x0000025b      0x265 ./Core/Src/TeR_COMMAND.o
 .debug_abbrev  0x000004c0      0x23d ./Core/Src/TeR_SCS.o
 .debug_abbrev  0x000006fd      0x2a0 ./Core/Src/TeR_STATEMACHINE.o
 .debug_abbrev  0x0000099d      0x1e1 ./Core/Src/TeR_TRQMANAGER.o
 .debug_abbrev  0x00000b7e       0x89 ./Core/Src/TeR_UTILS.o
 .debug_abbrev  0x00000c07      0x23f ./Core/Src/can.o
 .debug_abbrev  0x00000e46      0x152 ./Core/Src/gpio.o
 .debug_abbrev  0x00000f98      0x27d ./Core/Src/main.o
 .debug_abbrev  0x00001215       0xd8 ./Core/Src/stm32f4xx_hal_msp.o
 .debug_abbrev  0x000012ed      0x205 ./Core/Src/stm32f4xx_it.o
 .debug_abbrev  0x000014f2      0x11a ./Core/Src/system_stm32f4xx.o
 .debug_abbrev  0x0000160c      0x211 ./Core/Src/tim.o
 .debug_abbrev  0x0000181d       0x24 ./Core/Startup/startup_stm32f446retx.o
 .debug_abbrev  0x00001841      0x213 ./Drivers/STM32F4xx_HAL_Driver/Src/stm32f4xx_hal.o
 .debug_abbrev  0x00001a54      0x24c ./Drivers/STM32F4xx_HAL_Driver/Src/stm32f4xx_hal_can.o
 .debug_abbrev  0x00001ca0      0x327 ./Drivers/STM32F4xx_HAL_Driver/Src/stm32f4xx_hal_cortex.o
 .debug_abbrev  0x00001fc7      0x1d4 ./Drivers/STM32F4xx_HAL_Driver/Src/stm32f4xx_hal_gpio.o
 .debug_abbrev  0x0000219b      0x2b6 ./Drivers/STM32F4xx_HAL_Driver/Src/stm32f4xx_hal_rcc.o
 .debug_abbrev  0x00002451      0x20a ./Drivers/STM32F4xx_HAL_Driver/Src/stm32f4xx_hal_rcc_ex.o
 .debug_abbrev  0x0000265b      0x299 ./Drivers/STM32F4xx_HAL_Driver/Src/stm32f4xx_hal_tim.o
 .debug_abbrev  0x000028f4      0x28d ./Drivers/STM32F4xx_HAL_Driver/Src/stm32f4xx_hal_tim_ex.o
 .debug_abbrev  0x00002b81      0x16e ./TER_DATABASES/hvbms.o
 .debug_abbrev  0x00002cef      0x1a2 ./TER_DATABASES/inverter.o
 .debug_abbrev  0x00002e91      0x1b4 ./TER_DATABASES/ter.o

.debug_aranges  0x00000000     0x6408
 .debug_aranges
                0x00000000       0x40 ./Core/Src/TeR_CAN.o
 .debug_aranges
                0x00000040       0x28 ./Core/Src/TeR_COMMAND.o
 .debug_aranges
                0x00000068       0x40 ./Core/Src/TeR_SCS.o
 .debug_aranges
                0x000000a8       0x60 ./Core/Src/TeR_STATEMACHINE.o
 .debug_aranges
                0x00000108       0x58 ./Core/Src/TeR_TRQMANAGER.o
 .debug_aranges
                0x00000160       0x20 ./Core/Src/TeR_UTILS.o
 .debug_aranges
                0x00000180       0x38 ./Core/Src/can.o
 .debug_aranges
                0x000001b8       0x20 ./Core/Src/gpio.o
 .debug_aranges
                0x000001d8       0x30 ./Core/Src/main.o
 .debug_aranges
                0x00000208       0x20 ./Core/Src/stm32f4xx_hal_msp.o
 .debug_aranges
                0x00000228       0x88 ./Core/Src/stm32f4xx_it.o
 .debug_aranges
                0x000002b0       0x28 ./Core/Src/system_stm32f4xx.o
 .debug_aranges
                0x000002d8       0x48 ./Core/Src/tim.o
 .debug_aranges
                0x00000320       0x28 ./Core/Startup/startup_stm32f446retx.o
 .debug_aranges
                0x00000348       0xf0 ./Drivers/STM32F4xx_HAL_Driver/Src/stm32f4xx_hal.o
 .debug_aranges
                0x00000438      0x148 ./Drivers/STM32F4xx_HAL_Driver/Src/stm32f4xx_hal_can.o
 .debug_aranges
                0x00000580      0x118 ./Drivers/STM32F4xx_HAL_Driver/Src/stm32f4xx_hal_cortex.o
 .debug_aranges
                0x00000698       0x58 ./Drivers/STM32F4xx_HAL_Driver/Src/stm32f4xx_hal_gpio.o
 .debug_aranges
                0x000006f0       0x88 ./Drivers/STM32F4xx_HAL_Driver/Src/stm32f4xx_hal_rcc.o
 .debug_aranges
                0x00000778       0x78 ./Drivers/STM32F4xx_HAL_Driver/Src/stm32f4xx_hal_rcc_ex.o
 .debug_aranges
                0x000007f0      0x3e8 ./Drivers/STM32F4xx_HAL_Driver/Src/stm32f4xx_hal_tim.o
 .debug_aranges
                0x00000bd8      0x168 ./Drivers/STM32F4xx_HAL_Driver/Src/stm32f4xx_hal_tim_ex.o
 .debug_aranges
                0x00000d40     0x3e48 ./TER_DATABASES/hvbms.o
 .debug_aranges
                0x00004b88      0xb58 ./TER_DATABASES/inverter.o
 .debug_aranges
                0x000056e0      0xd28 ./TER_DATABASES/ter.o

.debug_rnglists
                0x00000000     0x4bb9
 .debug_rnglists
                0x00000000       0x2f ./Core/Src/TeR_CAN.o
 .debug_rnglists
                0x0000002f       0x1a ./Core/Src/TeR_COMMAND.o
 .debug_rnglists
                0x00000049       0x2b ./Core/Src/TeR_SCS.o
 .debug_rnglists
                0x00000074       0x46 ./Core/Src/TeR_STATEMACHINE.o
 .debug_rnglists
                0x000000ba       0x3e ./Core/Src/TeR_TRQMANAGER.o
 .debug_rnglists
                0x000000f8       0x13 ./Core/Src/TeR_UTILS.o
 .debug_rnglists
                0x0000010b       0x27 ./Core/Src/can.o
 .debug_rnglists
                0x00000132       0x14 ./Core/Src/gpio.o
 .debug_rnglists
                0x00000146       0x20 ./Core/Src/main.o
 .debug_rnglists
                0x00000166       0x13 ./Core/Src/stm32f4xx_hal_msp.o
 .debug_rnglists
                0x00000179       0x61 ./Core/Src/stm32f4xx_it.o
 .debug_rnglists
                0x000001da       0x1a ./Core/Src/system_stm32f4xx.o
 .debug_rnglists
                0x000001f4       0x37 ./Core/Src/tim.o
 .debug_rnglists
                0x0000022b       0x19 ./Core/Startup/startup_stm32f446retx.o
 .debug_rnglists
                0x00000244       0xaf ./Drivers/STM32F4xx_HAL_Driver/Src/stm32f4xx_hal.o
 .debug_rnglists
                0x000002f3       0xfc ./Drivers/STM32F4xx_HAL_Driver/Src/stm32f4xx_hal_can.o
 .debug_rnglists
                0x000003ef       0xce ./Drivers/STM32F4xx_HAL_Driver/Src/stm32f4xx_hal_cortex.o
 .debug_rnglists
                0x000004bd       0x3f ./Drivers/STM32F4xx_HAL_Driver/Src/stm32f4xx_hal_gpio.o
 .debug_rnglists
                0x000004fc       0x66 ./Drivers/STM32F4xx_HAL_Driver/Src/stm32f4xx_hal_rcc.o
 .debug_rnglists
                0x00000562       0x5e ./Drivers/STM32F4xx_HAL_Driver/Src/stm32f4xx_hal_rcc_ex.o
 .debug_rnglists
                0x000005c0      0x32f ./Drivers/STM32F4xx_HAL_Driver/Src/stm32f4xx_hal_tim.o
 .debug_rnglists
                0x000008ef      0x125 ./Drivers/STM32F4xx_HAL_Driver/Src/stm32f4xx_hal_tim_ex.o
 .debug_rnglists
                0x00000a14     0x2ef4 ./TER_DATABASES/hvbms.o
 .debug_rnglists
                0x00003908      0x8ab ./TER_DATABASES/inverter.o
 .debug_rnglists
                0x000041b3      0xa06 ./TER_DATABASES/ter.o

.debug_macro    0x00000000    0x275be
 .debug_macro   0x00000000      0x36d ./Core/Src/TeR_CAN.o
 .debug_macro   0x0000036d      0xab4 ./Core/Src/TeR_CAN.o
 .debug_macro   0x00000e21      0x29b ./Core/Src/TeR_CAN.o
 .debug_macro   0x000010bc       0x2e ./Core/Src/TeR_CAN.o
 .debug_macro   0x000010ea       0x28 ./Core/Src/TeR_CAN.o
 .debug_macro   0x00001112       0x22 ./Core/Src/TeR_CAN.o
 .debug_macro   0x00001134       0x8e ./Core/Src/TeR_CAN.o
 .debug_macro   0x000011c2       0x51 ./Core/Src/TeR_CAN.o
 .debug_macro   0x00001213      0x103 ./Core/Src/TeR_CAN.o
 .debug_macro   0x00001316       0x6a ./Core/Src/TeR_CAN.o
 .debug_macro   0x00001380      0x1df ./Core/Src/TeR_CAN.o
 .debug_macro   0x0000155f       0x1c ./Core/Src/TeR_CAN.o
 .debug_macro   0x0000157b       0x22 ./Core/Src/TeR_CAN.o
 .debug_macro   0x0000159d       0xd9 ./Core/Src/TeR_CAN.o
 .debug_macro   0x00001676     0x102d ./Core/Src/TeR_CAN.o
 .debug_macro   0x000026a3      0x11f ./Core/Src/TeR_CAN.o
 .debug_macro   0x000027c2    0x16749 ./Core/Src/TeR_CAN.o
 .debug_macro   0x00018f0b       0x6d ./Core/Src/TeR_CAN.o
 .debug_macro   0x00018f78     0x367e ./Core/Src/TeR_CAN.o
 .debug_macro   0x0001c5f6      0x189 ./Core/Src/TeR_CAN.o
 .debug_macro   0x0001c77f       0x5c ./Core/Src/TeR_CAN.o
 .debug_macro   0x0001c7db      0xc90 ./Core/Src/TeR_CAN.o
 .debug_macro   0x0001d46b      0x9fe ./Core/Src/TeR_CAN.o
 .debug_macro   0x0001de69      0x115 ./Core/Src/TeR_CAN.o
 .debug_macro   0x0001df7e      0x1a0 ./Core/Src/TeR_CAN.o
 .debug_macro   0x0001e11e       0xa5 ./Core/Src/TeR_CAN.o
 .debug_macro   0x0001e1c3      0x16d ./Core/Src/TeR_CAN.o
 .debug_macro   0x0001e330      0x287 ./Core/Src/TeR_CAN.o
 .debug_macro   0x0001e5b7       0x5f ./Core/Src/TeR_CAN.o
 .debug_macro   0x0001e616      0x236 ./Core/Src/TeR_CAN.o
 .debug_macro   0x0001e84c      0x416 ./Core/Src/TeR_CAN.o
 .debug_macro   0x0001ec62      0x132 ./Core/Src/TeR_CAN.o
 .debug_macro   0x0001ed94      0x29c ./Core/Src/TeR_CAN.o
 .debug_macro   0x0001f030       0x2e ./Core/Src/TeR_CAN.o
 .debug_macro   0x0001f05e      0x11a ./Core/Src/TeR_CAN.o
 .debug_macro   0x0001f178       0xe8 ./Core/Src/TeR_CAN.o
 .debug_macro   0x0001f260       0x89 ./Core/Src/TeR_CAN.o
 .debug_macro   0x0001f2e9      0x8e6 ./Core/Src/TeR_CAN.o
 .debug_macro   0x0001fbcf       0x4d ./Core/Src/TeR_CAN.o
 .debug_macro   0x0001fc1c      0x126 ./Core/Src/TeR_CAN.o
 .debug_macro   0x0001fd42       0x22 ./Core/Src/TeR_CAN.o
 .debug_macro   0x0001fd64      0x6b6 ./Core/Src/TeR_CAN.o
 .debug_macro   0x0002041a      0x559 ./Core/Src/TeR_CAN.o
 .debug_macro   0x00020973     0x1589 ./Core/Src/TeR_CAN.o
 .debug_macro   0x00021efc       0x61 ./Core/Src/TeR_CAN.o
 .debug_macro   0x00021f5d       0x2a ./Core/Src/TeR_CAN.o
 .debug_macro   0x00021f87       0x43 ./Core/Src/TeR_CAN.o
 .debug_macro   0x00021fca       0x34 ./Core/Src/TeR_CAN.o
 .debug_macro   0x00021ffe       0x16 ./Core/Src/TeR_CAN.o
 .debug_macro   0x00022014       0x43 ./Core/Src/TeR_CAN.o
 .debug_macro   0x00022057       0x34 ./Core/Src/TeR_CAN.o
 .debug_macro   0x0002208b       0x10 ./Core/Src/TeR_CAN.o
 .debug_macro   0x0002209b       0x58 ./Core/Src/TeR_CAN.o
 .debug_macro   0x000220f3       0x8e ./Core/Src/TeR_CAN.o
 .debug_macro   0x00022181       0x1c ./Core/Src/TeR_CAN.o
 .debug_macro   0x0002219d      0x177 ./Core/Src/TeR_CAN.o
 .debug_macro   0x00022314      0x369 ./Core/Src/TeR_CAN.o
 .debug_macro   0x0002267d       0x10 ./Core/Src/TeR_CAN.o
 .debug_macro   0x0002268d       0x35 ./Core/Src/TeR_CAN.o
 .debug_macro   0x000226c2       0x20 ./Core/Src/TeR_CAN.o
 .debug_macro   0x000226e2       0x10 ./Core/Src/TeR_CAN.o
 .debug_macro   0x000226f2       0x16 ./Core/Src/TeR_CAN.o
 .debug_macro   0x00022708       0x16 ./Core/Src/TeR_CAN.o
 .debug_macro   0x0002271e       0x29 ./Core/Src/TeR_CAN.o
 .debug_macro   0x00022747       0x3a ./Core/Src/TeR_CAN.o
 .debug_macro   0x00022781       0x22 ./Core/Src/TeR_CAN.o
 .debug_macro   0x000227a3      0x371 ./Core/Src/TeR_COMMAND.o
 .debug_macro   0x00022b14      0x36b ./Core/Src/TeR_SCS.o
 .debug_macro   0x00022e7f       0x5b ./Core/Src/TeR_SCS.o
 .debug_macro   0x00022eda       0x94 ./Core/Src/TeR_SCS.o
 .debug_macro   0x00022f6e       0x57 ./Core/Src/TeR_SCS.o
 .debug_macro   0x00022fc5       0x56 ./Core/Src/TeR_SCS.o
 .debug_macro   0x0002301b      0x371 ./Core/Src/TeR_STATEMACHINE.o
 .debug_macro   0x0002338c      0x371 ./Core/Src/TeR_TRQMANAGER.o
 .debug_macro   0x000236fd      0x1d8 ./Core/Src/TeR_UTILS.o
 .debug_macro   0x000238d5      0x1e7 ./Core/Src/can.o
 .debug_macro   0x00023abc       0x34 ./Core/Src/can.o
 .debug_macro   0x00023af0      0x1e7 ./Core/Src/gpio.o
 .debug_macro   0x00023cd7      0x399 ./Core/Src/main.o
 .debug_macro   0x00024070      0x1dd ./Core/Src/stm32f4xx_hal_msp.o
 .debug_macro   0x0002424d      0x1e7 ./Core/Src/stm32f4xx_it.o
 .debug_macro   0x00024434      0x1ce ./Core/Src/system_stm32f4xx.o
 .debug_macro   0x00024602      0x1e7 ./Core/Src/tim.o
 .debug_macro   0x000247e9      0x22e ./Drivers/STM32F4xx_HAL_Driver/Src/stm32f4xx_hal.o
 .debug_macro   0x00024a17      0x1d6 ./Drivers/STM32F4xx_HAL_Driver/Src/stm32f4xx_hal_can.o
 .debug_macro   0x00024bed      0x1ce ./Drivers/STM32F4xx_HAL_Driver/Src/stm32f4xx_hal_cortex.o
 .debug_macro   0x00024dbb      0x1d4 ./Drivers/STM32F4xx_HAL_Driver/Src/stm32f4xx_hal_gpio.o
 .debug_macro   0x00024f8f      0x1f2 ./Drivers/STM32F4xx_HAL_Driver/Src/stm32f4xx_hal_rcc.o
 .debug_macro   0x00025181      0x1ce ./Drivers/STM32F4xx_HAL_Driver/Src/stm32f4xx_hal_rcc_ex.o
 .debug_macro   0x0002534f      0x1cf ./Drivers/STM32F4xx_HAL_Driver/Src/stm32f4xx_hal_tim.o
 .debug_macro   0x0002551e      0x1ce ./Drivers/STM32F4xx_HAL_Driver/Src/stm32f4xx_hal_tim_ex.o
 .debug_macro   0x000256ec      0x14c ./TER_DATABASES/hvbms.o
 .debug_macro   0x00025838     0x158f ./TER_DATABASES/hvbms.o
 .debug_macro   0x00026dc7      0x14c ./TER_DATABASES/inverter.o
 .debug_macro   0x00026f13      0x55f ./TER_DATABASES/inverter.o
 .debug_macro   0x00027472      0x14c ./TER_DATABASES/ter.o

.debug_line     0x00000000    0x2c9d6
 .debug_line    0x00000000      0xabf ./Core/Src/TeR_CAN.o
 .debug_line    0x00000abf      0xa25 ./Core/Src/TeR_COMMAND.o
 .debug_line    0x000014e4      0x9c3 ./Core/Src/TeR_SCS.o
 .debug_line    0x00001ea7      0xac6 ./Core/Src/TeR_STATEMACHINE.o
 .debug_line    0x0000296d      0xa35 ./Core/Src/TeR_TRQMANAGER.o
 .debug_line    0x000033a2      0x6b3 ./Core/Src/TeR_UTILS.o
 .debug_line    0x00003a55      0x7a6 ./Core/Src/can.o
 .debug_line    0x000041fb      0x6aa ./Core/Src/gpio.o
 .debug_line    0x000048a5      0x99e ./Core/Src/main.o
 .debug_line    0x00005243      0x693 ./Core/Src/stm32f4xx_hal_msp.o
 .debug_line    0x000058d6      0x7cd ./Core/Src/stm32f4xx_it.o
 .debug_line    0x000060a3      0x717 ./Core/Src/system_stm32f4xx.o
 .debug_line    0x000067ba      0x859 ./Core/Src/tim.o
 .debug_line    0x00007013       0x7a ./Core/Startup/startup_stm32f446retx.o
 .debug_line    0x0000708d      0x980 ./Drivers/STM32F4xx_HAL_Driver/Src/stm32f4xx_hal.o
 .debug_line    0x00007a0d     0x12fd ./Drivers/STM32F4xx_HAL_Driver/Src/stm32f4xx_hal_can.o
 .debug_line    0x00008d0a      0xc2d ./Drivers/STM32F4xx_HAL_Driver/Src/stm32f4xx_hal_cortex.o
 .debug_line    0x00009937      0xaf8 ./Drivers/STM32F4xx_HAL_Driver/Src/stm32f4xx_hal_gpio.o
 .debug_line    0x0000a42f      0xcfd ./Drivers/STM32F4xx_HAL_Driver/Src/stm32f4xx_hal_rcc.o
 .debug_line    0x0000b12c     0x1398 ./Drivers/STM32F4xx_HAL_Driver/Src/stm32f4xx_hal_rcc_ex.o
 .debug_line    0x0000c4c4     0x3a3f ./Drivers/STM32F4xx_HAL_Driver/Src/stm32f4xx_hal_tim.o
 .debug_line    0x0000ff03     0x1998 ./Drivers/STM32F4xx_HAL_Driver/Src/stm32f4xx_hal_tim_ex.o
 .debug_line    0x0001189b    0x1387c ./TER_DATABASES/hvbms.o
 .debug_line    0x00025117     0x3704 ./TER_DATABASES/inverter.o
 .debug_line    0x0002881b     0x41bb ./TER_DATABASES/ter.o

.debug_str      0x00000000    0xf72ff
 .debug_str     0x00000000    0xdb259 ./Core/Src/TeR_CAN.o
                              0xdb887 (size before relaxing)
 .debug_str     0x000db259      0x203 ./Core/Src/TeR_COMMAND.o
                              0xda948 (size before relaxing)
 .debug_str     0x000db45c       0x94 ./Core/Src/TeR_SCS.o
                              0xdaab5 (size before relaxing)
 .debug_str     0x000db4f0       0xd1 ./Core/Src/TeR_STATEMACHINE.o
                              0xdaf58 (size before relaxing)
 .debug_str     0x000db5c1       0x8e ./Core/Src/TeR_TRQMANAGER.o
                              0xda33c (size before relaxing)
 .debug_str     0x000db64f       0x38 ./Core/Src/TeR_UTILS.o
                              0xc97c6 (size before relaxing)
 .debug_str     0x000db687      0x720 ./Core/Src/can.o
                              0xca3ca (size before relaxing)
 .debug_str     0x000dbda7       0x2c ./Core/Src/gpio.o
                              0xc9a1c (size before relaxing)
 .debug_str     0x000dbdd3      0x1fd ./Core/Src/main.o
                              0xdab38 (size before relaxing)
 .debug_str     0x000dbfd0       0x2c ./Core/Src/stm32f4xx_hal_msp.o
                              0xc9951 (size before relaxing)
 .debug_str     0x000dbffc      0x147 ./Core/Src/stm32f4xx_it.o
                              0xca4af (size before relaxing)
 .debug_str     0x000dc143       0xdb ./Core/Src/system_stm32f4xx.o
                              0xc995d (size before relaxing)
 .debug_str     0x000dc21e      0x13c ./Core/Src/tim.o
                              0xca822 (size before relaxing)
 .debug_str     0x000dc35a       0x44 ./Core/Startup/startup_stm32f446retx.o
                                 0x83 (size before relaxing)
 .debug_str     0x000dc39e      0x5dd ./Drivers/STM32F4xx_HAL_Driver/Src/stm32f4xx_hal.o
                              0xca522 (size before relaxing)
 .debug_str     0x000dc97b      0x401 ./Drivers/STM32F4xx_HAL_Driver/Src/stm32f4xx_hal_can.o
                              0xca390 (size before relaxing)
 .debug_str     0x000dcd7c      0x328 ./Drivers/STM32F4xx_HAL_Driver/Src/stm32f4xx_hal_cortex.o
                              0xca230 (size before relaxing)
 .debug_str     0x000dd0a4      0x10b ./Drivers/STM32F4xx_HAL_Driver/Src/stm32f4xx_hal_gpio.o
                              0xc9ad8 (size before relaxing)
 .debug_str     0x000dd1af      0x233 ./Drivers/STM32F4xx_HAL_Driver/Src/stm32f4xx_hal_rcc.o
                              0xc9d96 (size before relaxing)
 .debug_str     0x000dd3e2      0x324 ./Drivers/STM32F4xx_HAL_Driver/Src/stm32f4xx_hal_rcc_ex.o
                              0xc9dc9 (size before relaxing)
 .debug_str     0x000dd706      0xe4d ./Drivers/STM32F4xx_HAL_Driver/Src/stm32f4xx_hal_tim.o
                              0xcb325 (size before relaxing)
 .debug_str     0x000de553      0x436 ./Drivers/STM32F4xx_HAL_Driver/Src/stm32f4xx_hal_tim_ex.o
                              0xca72a (size before relaxing)
 .debug_str     0x000de989    0x11b7c ./TER_DATABASES/hvbms.o
                              0x21358 (size before relaxing)
 .debug_str     0x000f0505     0x4205 ./TER_DATABASES/inverter.o
                               0xe608 (size before relaxing)
 .debug_str     0x000f470a     0x2bf5 ./TER_DATABASES/ter.o
                               0xc3a7 (size before relaxing)

.comment        0x00000000       0x43
 .comment       0x00000000       0x43 ./Core/Src/TeR_CAN.o
                                 0x44 (size before relaxing)
 .comment       0x00000043       0x44 ./Core/Src/TeR_COMMAND.o
 .comment       0x00000043       0x44 ./Core/Src/TeR_SCS.o
 .comment       0x00000043       0x44 ./Core/Src/TeR_STATEMACHINE.o
 .comment       0x00000043       0x44 ./Core/Src/TeR_TRQMANAGER.o
 .comment       0x00000043       0x44 ./Core/Src/TeR_UTILS.o
 .comment       0x00000043       0x44 ./Core/Src/can.o
 .comment       0x00000043       0x44 ./Core/Src/gpio.o
 .comment       0x00000043       0x44 ./Core/Src/main.o
 .comment       0x00000043       0x44 ./Core/Src/stm32f4xx_hal_msp.o
 .comment       0x00000043       0x44 ./Core/Src/stm32f4xx_it.o
 .comment       0x00000043       0x44 ./Core/Src/system_stm32f4xx.o
 .comment       0x00000043       0x44 ./Core/Src/tim.o
 .comment       0x00000043       0x44 ./Drivers/STM32F4xx_HAL_Driver/Src/stm32f4xx_hal.o
 .comment       0x00000043       0x44 ./Drivers/STM32F4xx_HAL_Driver/Src/stm32f4xx_hal_can.o
 .comment       0x00000043       0x44 ./Drivers/STM32F4xx_HAL_Driver/Src/stm32f4xx_hal_cortex.o
 .comment       0x00000043       0x44 ./Drivers/STM32F4xx_HAL_Driver/Src/stm32f4xx_hal_gpio.o
 .comment       0x00000043       0x44 ./Drivers/STM32F4xx_HAL_Driver/Src/stm32f4xx_hal_rcc.o
 .comment       0x00000043       0x44 ./Drivers/STM32F4xx_HAL_Driver/Src/stm32f4xx_hal_rcc_ex.o
 .comment       0x00000043       0x44 ./Drivers/STM32F4xx_HAL_Driver/Src/stm32f4xx_hal_tim.o
 .comment       0x00000043       0x44 ./Drivers/STM32F4xx_HAL_Driver/Src/stm32f4xx_hal_tim_ex.o
 .comment       0x00000043       0x44 ./TER_DATABASES/hvbms.o
 .comment       0x00000043       0x44 ./TER_DATABASES/inverter.o
 .comment       0x00000043       0x44 ./TER_DATABASES/ter.o

.debug_frame    0x00000000    0x1e368
 .debug_frame   0x00000000       0xc8 ./Core/Src/TeR_CAN.o
 .debug_frame   0x000000c8       0x5c ./Core/Src/TeR_COMMAND.o
 .debug_frame   0x00000124       0xb8 ./Core/Src/TeR_SCS.o
 .debug_frame   0x000001dc      0x138 ./Core/Src/TeR_STATEMACHINE.o
 .debug_frame   0x00000314      0x130 ./Core/Src/TeR_TRQMANAGER.o
 .debug_frame   0x00000444       0x34 ./Core/Src/TeR_UTILS.o
 .debug_frame   0x00000478       0x90 ./Core/Src/can.o
 .debug_frame   0x00000508       0x34 ./Core/Src/gpio.o
 .debug_frame   0x0000053c       0x68 ./Core/Src/main.o
 .debug_frame   0x000005a4       0x38 ./Core/Src/stm32f4xx_hal_msp.o
 .debug_frame   0x000005dc      0x190 ./Core/Src/stm32f4xx_it.o
 .debug_frame   0x0000076c       0x58 ./Core/Src/system_stm32f4xx.o
 .debug_frame   0x000007c4       0xe8 ./Core/Src/tim.o
 .debug_frame   0x000008ac      0x374 ./Drivers/STM32F4xx_HAL_Driver/Src/stm32f4xx_hal.o
 .debug_frame   0x00000c20      0x5f4 ./Drivers/STM32F4xx_HAL_Driver/Src/stm32f4xx_hal_can.o
 .debug_frame   0x00001214      0x498 ./Drivers/STM32F4xx_HAL_Driver/Src/stm32f4xx_hal_cortex.o
 .debug_frame   0x000016ac      0x14c ./Drivers/STM32F4xx_HAL_Driver/Src/stm32f4xx_hal_gpio.o
 .debug_frame   0x000017f8      0x1f4 ./Drivers/STM32F4xx_HAL_Driver/Src/stm32f4xx_hal_rcc.o
 .debug_frame   0x000019ec      0x1e8 ./Drivers/STM32F4xx_HAL_Driver/Src/stm32f4xx_hal_rcc_ex.o
 .debug_frame   0x00001bd4     0x123c ./Drivers/STM32F4xx_HAL_Driver/Src/stm32f4xx_hal_tim.o
 .debug_frame   0x00002e10      0x638 ./Drivers/STM32F4xx_HAL_Driver/Src/stm32f4xx_hal_tim_ex.o
 .debug_frame   0x00003448    0x13628 ./TER_DATABASES/hvbms.o
 .debug_frame   0x00016a70     0x36e8 ./TER_DATABASES/inverter.o
 .debug_frame   0x0001a158     0x4020 ./TER_DATABASES/ter.o
 .debug_frame   0x0001e178       0x20 /opt/st/stm32cubeide_1.13.2/plugins/com.st.stm32cube.ide.mcu.externaltools.gnu-tools-for-stm32.12.3.rel1.linux64_1.0.100.202403111256/tools/bin/../lib/gcc/arm-none-eabi/12.3.1/../../../../arm-none-eabi/lib/thumb/v7e-m+fp/hard/libc_nano.a(libc_a-memset.o)
 .debug_frame   0x0001e198       0x2c /opt/st/stm32cubeide_1.13.2/plugins/com.st.stm32cube.ide.mcu.externaltools.gnu-tools-for-stm32.12.3.rel1.linux64_1.0.100.202403111256/tools/bin/../lib/gcc/arm-none-eabi/12.3.1/../../../../arm-none-eabi/lib/thumb/v7e-m+fp/hard/libc_nano.a(libc_a-init.o)
 .debug_frame   0x0001e1c4       0xac /opt/st/stm32cubeide_1.13.2/plugins/com.st.stm32cube.ide.mcu.externaltools.gnu-tools-for-stm32.12.3.rel1.linux64_1.0.100.202403111256/tools/bin/../lib/gcc/arm-none-eabi/12.3.1/thumb/v7e-m+fp/hard/libgcc.a(_arm_addsubdf3.o)
 .debug_frame   0x0001e270       0x50 /opt/st/stm32cubeide_1.13.2/plugins/com.st.stm32cube.ide.mcu.externaltools.gnu-tools-for-stm32.12.3.rel1.linux64_1.0.100.202403111256/tools/bin/../lib/gcc/arm-none-eabi/12.3.1/thumb/v7e-m+fp/hard/libgcc.a(_arm_muldivdf3.o)
 .debug_frame   0x0001e2c0       0x24 /opt/st/stm32cubeide_1.13.2/plugins/com.st.stm32cube.ide.mcu.externaltools.gnu-tools-for-stm32.12.3.rel1.linux64_1.0.100.202403111256/tools/bin/../lib/gcc/arm-none-eabi/12.3.1/thumb/v7e-m+fp/hard/libgcc.a(_arm_fixdfsi.o)
 .debug_frame   0x0001e2e4       0x24 /opt/st/stm32cubeide_1.13.2/plugins/com.st.stm32cube.ide.mcu.externaltools.gnu-tools-for-stm32.12.3.rel1.linux64_1.0.100.202403111256/tools/bin/../lib/gcc/arm-none-eabi/12.3.1/thumb/v7e-m+fp/hard/libgcc.a(_arm_fixunsdfsi.o)
 .debug_frame   0x0001e308       0x2c /opt/st/stm32cubeide_1.13.2/plugins/com.st.stm32cube.ide.mcu.externaltools.gnu-tools-for-stm32.12.3.rel1.linux64_1.0.100.202403111256/tools/bin/../lib/gcc/arm-none-eabi/12.3.1/thumb/v7e-m+fp/hard/libgcc.a(_aeabi_uldivmod.o)
 .debug_frame   0x0001e334       0x34 /opt/st/stm32cubeide_1.13.2/plugins/com.st.stm32cube.ide.mcu.externaltools.gnu-tools-for-stm32.12.3.rel1.linux64_1.0.100.202403111256/tools/bin/../lib/gcc/arm-none-eabi/12.3.1/thumb/v7e-m+fp/hard/libgcc.a(_udivmoddi4.o)

.debug_line_str
                0x00000000       0x67
 .debug_line_str
                0x00000000       0x67 ./Core/Startup/startup_stm32f446retx.o
