Archive member included to satisfy reference by file (symbol)

C:/ST/STM32CubeIDE_1.13.2/STM32CubeIDE/plugins/com.st.stm32cube.ide.mcu.externaltools.gnu-tools-for-stm32.11.3.rel1.win32_1.1.100.202309141235/tools/bin/../lib/gcc/arm-none-eabi/11.3.1/../../../../arm-none-eabi/lib/thumb/v7e-m+fp/hard\libc_nano.a(libc_a-calloc.o)
                              ./Core/Src/pid.o (calloc)
C:/ST/STM32CubeIDE_1.13.2/STM32CubeIDE/plugins/com.st.stm32cube.ide.mcu.externaltools.gnu-tools-for-stm32.11.3.rel1.win32_1.1.100.202309141235/tools/bin/../lib/gcc/arm-none-eabi/11.3.1/../../../../arm-none-eabi/lib/thumb/v7e-m+fp/hard\libc_nano.a(libc_a-callocr.o)
                              C:/ST/STM32CubeIDE_1.13.2/STM32CubeIDE/plugins/com.st.stm32cube.ide.mcu.externaltools.gnu-tools-for-stm32.11.3.rel1.win32_1.1.100.202309141235/tools/bin/../lib/gcc/arm-none-eabi/11.3.1/../../../../arm-none-eabi/lib/thumb/v7e-m+fp/hard\libc_nano.a(libc_a-calloc.o) (_calloc_r)
C:/ST/STM32CubeIDE_1.13.2/STM32CubeIDE/plugins/com.st.stm32cube.ide.mcu.externaltools.gnu-tools-for-stm32.11.3.rel1.win32_1.1.100.202309141235/tools/bin/../lib/gcc/arm-none-eabi/11.3.1/../../../../arm-none-eabi/lib/thumb/v7e-m+fp/hard\libc_nano.a(libc_a-exit.o)
                              C:/ST/STM32CubeIDE_1.13.2/STM32CubeIDE/plugins/com.st.stm32cube.ide.mcu.externaltools.gnu-tools-for-stm32.11.3.rel1.win32_1.1.100.202309141235/tools/bin/../lib/gcc/arm-none-eabi/11.3.1/../../../../arm-none-eabi/lib/thumb/v7e-m+fp/hard/crt0.o (exit)
C:/ST/STM32CubeIDE_1.13.2/STM32CubeIDE/plugins/com.st.stm32cube.ide.mcu.externaltools.gnu-tools-for-stm32.11.3.rel1.win32_1.1.100.202309141235/tools/bin/../lib/gcc/arm-none-eabi/11.3.1/../../../../arm-none-eabi/lib/thumb/v7e-m+fp/hard\libc_nano.a(libc_a-malloc.o)
                              ./Core/Src/pid.o (free)
C:/ST/STM32CubeIDE_1.13.2/STM32CubeIDE/plugins/com.st.stm32cube.ide.mcu.externaltools.gnu-tools-for-stm32.11.3.rel1.win32_1.1.100.202309141235/tools/bin/../lib/gcc/arm-none-eabi/11.3.1/../../../../arm-none-eabi/lib/thumb/v7e-m+fp/hard\libc_nano.a(libc_a-mallocr.o)
                              C:/ST/STM32CubeIDE_1.13.2/STM32CubeIDE/plugins/com.st.stm32cube.ide.mcu.externaltools.gnu-tools-for-stm32.11.3.rel1.win32_1.1.100.202309141235/tools/bin/../lib/gcc/arm-none-eabi/11.3.1/../../../../arm-none-eabi/lib/thumb/v7e-m+fp/hard\libc_nano.a(libc_a-callocr.o) (_malloc_r)
C:/ST/STM32CubeIDE_1.13.2/STM32CubeIDE/plugins/com.st.stm32cube.ide.mcu.externaltools.gnu-tools-for-stm32.11.3.rel1.win32_1.1.100.202309141235/tools/bin/../lib/gcc/arm-none-eabi/11.3.1/../../../../arm-none-eabi/lib/thumb/v7e-m+fp/hard\libc_nano.a(libc_a-mlock.o)
                              C:/ST/STM32CubeIDE_1.13.2/STM32CubeIDE/plugins/com.st.stm32cube.ide.mcu.externaltools.gnu-tools-for-stm32.11.3.rel1.win32_1.1.100.202309141235/tools/bin/../lib/gcc/arm-none-eabi/11.3.1/../../../../arm-none-eabi/lib/thumb/v7e-m+fp/hard\libc_nano.a(libc_a-mallocr.o) (__malloc_lock)
C:/ST/STM32CubeIDE_1.13.2/STM32CubeIDE/plugins/com.st.stm32cube.ide.mcu.externaltools.gnu-tools-for-stm32.11.3.rel1.win32_1.1.100.202309141235/tools/bin/../lib/gcc/arm-none-eabi/11.3.1/../../../../arm-none-eabi/lib/thumb/v7e-m+fp/hard\libc_nano.a(libc_a-findfp.o)
                              C:/ST/STM32CubeIDE_1.13.2/STM32CubeIDE/plugins/com.st.stm32cube.ide.mcu.externaltools.gnu-tools-for-stm32.11.3.rel1.win32_1.1.100.202309141235/tools/bin/../lib/gcc/arm-none-eabi/11.3.1/../../../../arm-none-eabi/lib/thumb/v7e-m+fp/hard\libc_nano.a(libc_a-exit.o) (__stdio_exit_handler)
C:/ST/STM32CubeIDE_1.13.2/STM32CubeIDE/plugins/com.st.stm32cube.ide.mcu.externaltools.gnu-tools-for-stm32.11.3.rel1.win32_1.1.100.202309141235/tools/bin/../lib/gcc/arm-none-eabi/11.3.1/../../../../arm-none-eabi/lib/thumb/v7e-m+fp/hard\libc_nano.a(libc_a-fwalk.o)
                              C:/ST/STM32CubeIDE_1.13.2/STM32CubeIDE/plugins/com.st.stm32cube.ide.mcu.externaltools.gnu-tools-for-stm32.11.3.rel1.win32_1.1.100.202309141235/tools/bin/../lib/gcc/arm-none-eabi/11.3.1/../../../../arm-none-eabi/lib/thumb/v7e-m+fp/hard\libc_nano.a(libc_a-findfp.o) (_fwalk_sglue)
C:/ST/STM32CubeIDE_1.13.2/STM32CubeIDE/plugins/com.st.stm32cube.ide.mcu.externaltools.gnu-tools-for-stm32.11.3.rel1.win32_1.1.100.202309141235/tools/bin/../lib/gcc/arm-none-eabi/11.3.1/../../../../arm-none-eabi/lib/thumb/v7e-m+fp/hard\libc_nano.a(libc_a-stdio.o)
                              C:/ST/STM32CubeIDE_1.13.2/STM32CubeIDE/plugins/com.st.stm32cube.ide.mcu.externaltools.gnu-tools-for-stm32.11.3.rel1.win32_1.1.100.202309141235/tools/bin/../lib/gcc/arm-none-eabi/11.3.1/../../../../arm-none-eabi/lib/thumb/v7e-m+fp/hard\libc_nano.a(libc_a-findfp.o) (__sread)
C:/ST/STM32CubeIDE_1.13.2/STM32CubeIDE/plugins/com.st.stm32cube.ide.mcu.externaltools.gnu-tools-for-stm32.11.3.rel1.win32_1.1.100.202309141235/tools/bin/../lib/gcc/arm-none-eabi/11.3.1/../../../../arm-none-eabi/lib/thumb/v7e-m+fp/hard\libc_nano.a(libc_a-memset.o)
[...]
Memory Configuration

Name             Origin             Length             Attributes
RAM              0x0000000020000000 0x0000000000020000 xrw
FLASH            0x0000000008000000 0x0000000000080000 xr
*default*        0x0000000000000000 0xffffffffffffffff

Linker script and memory map

LOAD C:/ST/STM32CubeIDE_1.13.2/STM32CubeIDE/plugins/com.st.stm32cube.ide.mcu.externaltools.gnu-tools-for-stm32.11.3.rel1.win32_1.1.100.202309141235/tools/bin/../lib/gcc/arm-none-eabi/11.3.1/thumb/v7e-m+fp/hard/crti.o
LOAD C:/ST/STM32CubeIDE_1.13.2/STM32CubeIDE/plugins/com.st.stm32cube.ide.mcu.externaltools.gnu-tools-for-stm32.11.3.rel1.win32_1.1.100.202309141235/tools/bin/../lib/gcc/arm-none-eabi/11.3.1/thumb/v7e-m+fp/hard/crtbegin.o
LOAD C:/ST/STM32CubeIDE_1.13.2/STM32CubeIDE/plugins/com.st.stm32cube.ide.mcu.externaltools.gnu-tools-for-stm32.11.3.rel1.win32_1.1.100.202309141235/tools/bin/../lib/gcc/arm-none-eabi/11.3.1/../../../../arm-none-eabi/lib/thumb/v7e-m+fp/hard/crt0.o
LOAD ./Core/Src/TeR_CAN.o
LOAD ./Core/Src/TeR_COMMAND.o
LOAD ./Core/Src/TeR_REFRI.o
LOAD ./Core/Src/TeR_SCS.o
LOAD ./Core/Src/TeR_STATEMACHINE.o
LOAD ./Core/Src/TeR_TRQMANAGER.o
LOAD ./Core/Src/TeR_UTILS.o
LOAD ./Core/Src/can.o
LOAD ./Core/Src/gpio.o
LOAD ./Core/Src/main.o
LOAD ./Core/Src/pid.o
LOAD ./Core/Src/stm32f4xx_hal_msp.o
LOAD ./Core/Src/stm32f4xx_it.o
LOAD ./Core/Src/syscalls.o
LOAD ./Core/Src/sysmem.o
LOAD ./Core/Src/system_stm32f4xx.o
LOAD ./Core/Src/tim.o
LOAD ./Core/Src/tv_mds.o
LOAD ./Core/Startup/startup_stm32f446retx.o
LOAD ./Drivers/STM32F4xx_HAL_Driver/Src/stm32f4xx_hal.o
LOAD ./Drivers/STM32F4xx_HAL_Driver/Src/stm32f4xx_hal_can.o
LOAD ./Drivers/STM32F4xx_HAL_Driver/Src/stm32f4xx_hal_cortex.o
LOAD ./Drivers/STM32F4xx_HAL_Driver/Src/stm32f4xx_hal_dma.o
LOAD ./Drivers/STM32F4xx_HAL_Driver/Src/stm32f4xx_hal_dma_ex.o
LOAD ./Drivers/STM32F4xx_HAL_Driver/Src/stm32f4xx_hal_exti.o
LOAD ./Drivers/STM32F4xx_HAL_Driver/Src/stm32f4xx_hal_flash.o
LOAD ./Drivers/STM32F4xx_HAL_Driver/Src/stm32f4xx_hal_flash_ex.o
LOAD ./Drivers/STM32F4xx_HAL_Driver/Src/stm32f4xx_hal_flash_ramfunc.o
LOAD ./Drivers/STM32F4xx_HAL_Driver/Src/stm32f4xx_hal_gpio.o
LOAD ./Drivers/STM32F4xx_HAL_Driver/Src/stm32f4xx_hal_pwr.o
LOAD ./Drivers/STM32F4xx_HAL_Driver/Src/stm32f4xx_hal_pwr_ex.o
LOAD ./Drivers/STM32F4xx_HAL_Driver/Src/stm32f4xx_hal_rcc.o
LOAD ./Drivers/STM32F4xx_HAL_Driver/Src/stm32f4xx_hal_rcc_ex.o
LOAD ./Drivers/STM32F4xx_HAL_Driver/Src/stm32f4xx_hal_tim.o
LOAD ./Drivers/STM32F4xx_HAL_Driver/Src/stm32f4xx_hal_tim_ex.o
LOAD ./TER_DATABASES/charger.o
LOAD ./TER_DATABASES/hvbms.o
LOAD ./TER_DATABASES/inverter.o
LOAD ./TER_DATABASES/ter.o
START GROUP
LOAD C:/ST/STM32CubeIDE_1.13.2/STM32CubeIDE/plugins/com.st.stm32cube.ide.mcu.externaltools.gnu-tools-for-stm32.11.3.rel1.win32_1.1.100.202309141235/tools/bin/../lib/gcc/arm-none-eabi/11.3.1/../../../../arm-none-eabi/lib/thumb/v7e-m+fp/hard\libc_nano.a
LOAD C:/ST/STM32CubeIDE_1.13.2/STM32CubeIDE/plugins/com.st.stm32cube.ide.mcu.externaltools.gnu-tools-for-stm32.11.3.rel1.win32_1.1.100.202309141235/tools/bin/../lib/gcc/arm-none-eabi/11.3.1/../../../../arm-none-eabi/lib/thumb/v7e-m+fp/hard\libm.a
END GROUP
START GROUP
LOAD C:/ST/STM32CubeIDE_1.13.2/STM32CubeIDE/plugins/com.st.stm32cube.ide.mcu.externaltools.gnu-tools-for-stm32.11.3.rel1.win32_1.1.100.202309141235/tools/bin/../lib/gcc/arm-none-eabi/11.3.1/thumb/v7e-m+fp/hard\libgcc.a
LOAD C:/ST/STM32CubeIDE_1.13.2/STM32CubeIDE/plugins/com.st.stm32cube.ide.mcu.externaltools.gnu-tools-for-stm32.11.3.rel1.win32_1.1.100.202309141235/tools/bin/../lib/gcc/arm-none-eabi/11.3.1/../../../../arm-none-eabi/lib/thumb/v7e-m+fp/hard\libc_nano.a
END GROUP
START GROUP
LOAD C:/ST/STM32CubeIDE_1.13.2/STM32CubeIDE/plugins/com.st.stm32cube.ide.mcu.externaltools.gnu-tools-for-stm32.11.3.rel1.win32_1.1.100.202309141235/tools/bin/../lib/gcc/arm-none-eabi/11.3.1/thumb/v7e-m+fp/hard\libgcc.a
LOAD C:/ST/STM32CubeIDE_1.13.2/STM32CubeIDE/plugins/com.st.stm32cube.ide.mcu.externaltools.gnu-tools-for-stm32.11.3.rel1.win32_1.1.100.202309141235/tools/bin/../lib/gcc/arm-none-eabi/11.3.1/../../../../arm-none-eabi/lib/thumb/v7e-m+fp/hard\libc_nano.a
LOAD C:/ST/STM32CubeIDE_1.13.2/STM32CubeIDE/plugins/com.st.stm32cube.ide.mcu.externaltools.gnu-tools-for-stm32.11.3.rel1.win32_1.1.100.202309141235/tools/bin/../lib/gcc/arm-none-eabi/11.3.1/../../../../arm-none-eabi/lib/thumb/v7e-m+fp/hard\libnosys.a
END GROUP
START GROUP
LOAD C:/ST/STM32CubeIDE_1.13.2/STM32CubeIDE/plugins/com.st.stm32cube.ide.mcu.externaltools.gnu-tools-for-stm32.11.3.rel1.win32_1.1.100.202309141235/tools/bin/../lib/gcc/arm-none-eabi/11.3.1/thumb/v7e-m+fp/hard\libgcc.a
LOAD C:/ST/STM32CubeIDE_1.13.2/STM32CubeIDE/plugins/com.st.stm32cube.ide.mcu.externaltools.gnu-tools-for-stm32.11.3.rel1.win32_1.1.100.202309141235/tools/bin/../lib/gcc/arm-none-eabi/11.3.1/../../../../arm-none-eabi/lib/thumb/v7e-m+fp/hard\libc_nano.a
LOAD C:/ST/STM32CubeIDE_1.13.2/STM32CubeIDE/plugins/com.st.stm32cube.ide.mcu.externaltools.gnu-tools-for-stm32.11.3.rel1.win32_1.1.100.202309141235/tools/bin/../lib/gcc/arm-none-eabi/11.3.1/../../../../arm-none-eabi/lib/thumb/v7e-m+fp/hard\libnosys.a
END GROUP
LOAD C:/ST/STM32CubeIDE_1.13.2/STM32CubeIDE/plugins/com.st.stm32cube.ide.mcu.externaltools.gnu-tools-for-stm32.11.3.rel1.win32_1.1.100.202309141235/tools/bin/../lib/gcc/arm-none-eabi/11.3.1/thumb/v7e-m+fp/hard/crtend.o
LOAD C:/ST/STM32CubeIDE_1.13.2/STM32CubeIDE/plugins/com.st.stm32cube.ide.mcu.externaltools.gnu-tools-for-stm32.11.3.rel1.win32_1.1.100.202309141235/tools/bin/../lib/gcc/arm-none-eabi/11.3.1/thumb/v7e-m+fp/hard/crtn.o
                0x0000000020020000                _estack = (ORIGIN (RAM) + LENGTH (RAM))
                0x0000000000000200                _Min_Heap_Size = 0x200
                0x0000000000000400                _Min_Stack_Size = 0x400

.isr_vector     0x0000000008000000      0x1c4
                0x0000000008000000                . = ALIGN (0x4)
 *(.isr_vector)
 .isr_vector    0x0000000008000000      0x1c4 ./Core/Startup/startup_stm32f446retx.o
                0x0000000008000000                g_pfnVectors
                0x00000000080001c4                . = ALIGN (0x4)

.text           0x00000000080001c8     0x8dbc
                0x00000000080001c8                . = ALIGN (0x4)
 *(.text)
 .text          0x00000000080001c8       0x40 C:/ST/STM32CubeIDE_1.13.2/STM32CubeIDE/plugins/com.st.stm32cube.ide.mcu.externaltools.gnu-tools-for-stm32.11.3.rel1.win32_1.1.100.202309141235/tools/bin/../lib/gcc/arm-none-eabi/11.3.1/thumb/v7e-m+fp/hard/crtbegin.o
 .text          0x0000000008000208      0x378 C:/ST/STM32CubeIDE_1.13.2/STM32CubeIDE/plugins/com.st.stm32cube.ide.mcu.externaltools.gnu-tools-for-stm32.11.3.rel1.win32_1.1.100.202309141235/tools/bin/../lib/gcc/arm-none-eabi/11.3.1/thumb/v7e-m+fp/hard\libgcc.a(_arm_addsubdf3.o)
                0x0000000008000208                __aeabi_drsub
                0x0000000008000210                __subdf3
                0x0000000008000210                __aeabi_dsub
                0x0000000008000214                __aeabi_dadd
                0x0000000008000214                __adddf3
                0x000000000800048c                __floatunsidf
                0x000000000800048c                __aeabi_ui2d
                0x00000000080004ac                __aeabi_i2d
                0x00000000080004ac                __floatsidf
                0x00000000080004d0                __extendsfdf2
                0x00000000080004d0                __aeabi_f2d
                0x0000000008000514                __floatundidf
                0x0000000008000514                __aeabi_ul2d
                0x0000000008000524                __aeabi_l2d
                0x0000000008000524                __floatdidf
 .text          0x0000000008000580      0x424 C:/ST/STM32CubeIDE_1.13.2/STM32CubeIDE/plugins/com.st.stm32cube.ide.mcu.externaltools.gnu-tools-for-stm32.11.3.rel1.win32_1.1.100.202309141235/tools/bin/../lib/gcc/arm-none-eabi/11.3.1/thumb/v7e-m+fp/hard\libgcc.a(_arm_muldivdf3.o)
                0x0000000008000580                __aeabi_dmul
                0x0000000008000580                __muldf3
                0x00000000080007d4                __divdf3
                0x00000000080007d4                __aeabi_ddiv
 .text          0x00000000080009a4       0x50 C:/ST/STM32CubeIDE_1.13.2/STM32CubeIDE/plugins/com.st.stm32cube.ide.mcu.externaltools.gnu-tools-for-stm32.11.3.rel1.win32_1.1.100.202309141235/tools/bin/../lib/gcc/arm-none-eabi/11.3.1/thumb/v7e-m+fp/hard\libgcc.a(_arm_fixdfsi.o)
                0x00000000080009a4                __fixdfsi
                0x00000000080009a4                __aeabi_d2iz
 .text          0x00000000080009f4       0x40 C:/ST/STM32CubeIDE_1.13.2/STM32CubeIDE/plugins/com.st.stm32cube.ide.mcu.externaltools.gnu-tools-for-stm32.11.3.rel1.win32_1.1.100.202309141235/tools/bin/../lib/gcc/arm-none-eabi/11.3.1/thumb/v7e-m+fp/hard\libgcc.a(_arm_fixunsdfsi.o)
                0x00000000080009f4                __fixunsdfsi
                0x00000000080009f4                __aeabi_d2uiz
 .text          0x0000000008000a34       0x30 C:/ST/STM32CubeIDE_1.13.2/STM32CubeIDE/plugins/com.st.stm32cube.ide.mcu.externaltools.gnu-tools-for-stm32.11.3.rel1.win32_1.1.100.202309141235/tools/bin/../lib/gcc/arm-none-eabi/11.3.1/thumb/v7e-m+fp/hard\libgcc.a(_aeabi_uldivmod.o)
                0x0000000008000a34                __aeabi_uldivmod
 .text          0x0000000008000a64      0x2c8 C:/ST/STM32CubeIDE_1.13.2/STM32CubeIDE/plugins/com.st.stm32cube.ide.mcu.externaltools.gnu-tools-for-stm32.11.3.rel1.win32_1.1.100.202309141235/tools/bin/../lib/gcc/arm-none-eabi/11.3.1/thumb/v7e-m+fp/hard\libgcc.a(_udivmoddi4.o)
                0x0000000008000a64                __udivmoddi4
 .text          0x0000000008000d2c        0x4 C:/ST/STM32CubeIDE_1.13.2/STM32CubeIDE/plugins/com.st.stm32cube.ide.mcu.externaltools.gnu-tools-for-stm32.11.3.rel1.win32_1.1.100.202309141235/tools/bin/../lib/gcc/arm-none-eabi/11.3.1/thumb/v7e-m+fp/hard\libgcc.a(_dvmd_tls.o)
                0x0000000008000d2c                __aeabi_idiv0
                0x0000000008000d2c                __aeabi_ldiv0
 *(.text*)
 .text.initCAN  0x0000000008000d30       0xcc ./Core/Src/TeR_CAN.o
                0x0000000008000d30                initCAN
 .text.configFilter
                0x0000000008000dfc       0x7a ./Core/Src/TeR_CAN.o
                0x0000000008000dfc                configFilter
 *fill*         0x0000000008000e76        0x2 
 .text.sendInvCAN
                0x0000000008000e78      0x17c ./Core/Src/TeR_CAN.o
                0x0000000008000e78                sendInvCAN
 .text.sendMainCAN
                0x0000000008000ff4       0xe4 ./Core/Src/TeR_CAN.o
                0x0000000008000ff4                sendMainCAN
 .text.decodeMsg
                0x00000000080010d8      0x2b4 ./Core/Src/TeR_CAN.o
                0x00000000080010d8                decodeMsg
 .text.command  0x000000000800138c      0x2f0 ./Core/Src/TeR_COMMAND.o
                0x000000000800138c                command
 .text.easyCommand
                0x000000000800167c       0x2e ./Core/Src/TeR_COMMAND.o
                0x000000000800167c                easyCommand
 .text.switchCommand
                0x00000000080016aa       0x38 ./Core/Src/TeR_COMMAND.o
                0x00000000080016aa                switchCommand
 *fill*         0x00000000080016e2        0x2 
 .text.initSCS  0x00000000080016e4       0x20 ./Core/Src/TeR_SCS.o
                0x00000000080016e4                initSCS
 .text.startSCS
                0x0000000008001704       0x3c ./Core/Src/TeR_SCS.o
                0x0000000008001704                startSCS
 .text.stopSCS  0x0000000008001740       0x24 ./Core/Src/TeR_SCS.o
                0x0000000008001740                stopSCS
 .text.logSCS   0x0000000008001764       0x60 ./Core/Src/TeR_SCS.o
                0x0000000008001764                logSCS
 .text.checkSCS
                0x00000000080017c4       0x6c ./Core/Src/TeR_SCS.o
                0x00000000080017c4                checkSCS
 .text.initStateMachine
                0x0000000008001830       0x38 ./Core/Src/TeR_STATEMACHINE.o
                0x0000000008001830                initStateMachine
 .text.getState
                0x0000000008001868       0x9c ./Core/Src/TeR_STATEMACHINE.o
                0x0000000008001868                getState
 .text.stateMachine
                0x0000000008001904      0x19c ./Core/Src/TeR_STATEMACHINE.o
                0x0000000008001904                stateMachine
 .text.waitSL   0x0000000008001aa0        0xe ./Core/Src/TeR_STATEMACHINE.o
                0x0000000008001aa0                waitSL
 .text.rdy2Prech
                0x0000000008001aae        0xe ./Core/Src/TeR_STATEMACHINE.o
                0x0000000008001aae                rdy2Prech
 .text.precharging
                0x0000000008001abc        0xe ./Core/Src/TeR_STATEMACHINE.o
                0x0000000008001abc                precharging
 .text.precharged
                0x0000000008001aca        0xe ./Core/Src/TeR_STATEMACHINE.o
                0x0000000008001aca                precharged
 .text.driving  0x0000000008001ad8        0xc ./Core/Src/TeR_STATEMACHINE.o
                0x0000000008001ad8                driving
 *fill*         0x0000000008001ae4        0x4 
 .text.permaTask
                0x0000000008001ae8      0x264 ./Core/Src/TeR_STATEMACHINE.o
                0x0000000008001ae8                permaTask
 .text.trqManager
                0x0000000008001d4c       0x74 ./Core/Src/TeR_TRQMANAGER.o
                0x0000000008001d4c                trqManager
 .text.limitTorque
                0x0000000008001dc0       0x18 ./Core/Src/TeR_TRQMANAGER.o
                0x0000000008001dc0                limitTorque
 .text.limitMechPWR
                0x0000000008001dd8       0x64 ./Core/Src/TeR_TRQMANAGER.o
                0x0000000008001dd8                limitMechPWR
 .text.lineal   0x0000000008001e3c       0x9c ./Core/Src/TeR_TRQMANAGER.o
                0x0000000008001e3c                lineal
 .text.tractionControlOFF
                0x0000000008001ed8       0x28 ./Core/Src/TeR_TRQMANAGER.o
                0x0000000008001ed8                tractionControlOFF
 .text.checkPersistance
                0x0000000008001f00       0x54 ./Core/Src/TeR_UTILS.o
                0x0000000008001f00                checkPersistance
 .text.map      0x0000000008001f54       0x54 ./Core/Src/TeR_UTILS.o
                0x0000000008001f54                map
 .text.MX_CAN1_Init
                0x0000000008001fa8       0x6c ./Core/Src/can.o
                0x0000000008001fa8                MX_CAN1_Init
 .text.MX_CAN2_Init
                0x0000000008002014       0x6c ./Core/Src/can.o
                0x0000000008002014                MX_CAN2_Init
 .text.HAL_CAN_MspInit
                0x0000000008002080      0x15c ./Core/Src/can.o
                0x0000000008002080                HAL_CAN_MspInit
 .text.MX_GPIO_Init
                0x00000000080021dc       0xc4 ./Core/Src/gpio.o
                0x00000000080021dc                MX_GPIO_Init
 .text.main     0x00000000080022a0       0x6c ./Core/Src/main.o
                0x00000000080022a0                main
 .text.SystemClock_Config
                0x000000000800230c       0xdc ./Core/Src/main.o
                0x000000000800230c                SystemClock_Config
 .text.Error_Handler
                0x00000000080023e8        0xa ./Core/Src/main.o
                0x00000000080023e8                Error_Handler
 *fill*         0x00000000080023f2        0x2 
 .text.HAL_MspInit
                0x00000000080023f4       0x50 ./Core/Src/stm32f4xx_hal_msp.o
                0x00000000080023f4                HAL_MspInit
 .text.NMI_Handler
                0x0000000008002444        0x6 ./Core/Src/stm32f4xx_it.o
                0x0000000008002444                NMI_Handler
 .text.HardFault_Handler
                0x000000000800244a        0x6 ./Core/Src/stm32f4xx_it.o
                0x000000000800244a                HardFault_Handler
 .text.MemManage_Handler
                0x0000000008002450        0x6 ./Core/Src/stm32f4xx_it.o
                0x0000000008002450                MemManage_Handler
 .text.BusFault_Handler
                0x0000000008002456        0x6 ./Core/Src/stm32f4xx_it.o
                0x0000000008002456                BusFault_Handler
 .text.UsageFault_Handler
                0x000000000800245c        0x6 ./Core/Src/stm32f4xx_it.o
                0x000000000800245c                UsageFault_Handler
 .text.SVC_Handler
                0x0000000008002462        0xe ./Core/Src/stm32f4xx_it.o
                0x0000000008002462                SVC_Handler
 .text.DebugMon_Handler
                0x0000000008002470        0xe ./Core/Src/stm32f4xx_it.o
                0x0000000008002470                DebugMon_Handler
 .text.PendSV_Handler
                0x000000000800247e        0xe ./Core/Src/stm32f4xx_it.o
                0x000000000800247e                PendSV_Handler
 .text.SysTick_Handler
                0x000000000800248c        0xc ./Core/Src/stm32f4xx_it.o
                0x000000000800248c                SysTick_Handler
 .text.CAN1_RX0_IRQHandler
                0x0000000008002498       0x14 ./Core/Src/stm32f4xx_it.o
                0x0000000008002498                CAN1_RX0_IRQHandler
 .text.TIM2_IRQHandler
                0x00000000080024ac       0x14 ./Core/Src/stm32f4xx_it.o
                0x00000000080024ac                TIM2_IRQHandler
 .text.TIM3_IRQHandler
                0x00000000080024c0       0x14 ./Core/Src/stm32f4xx_it.o
                0x00000000080024c0                TIM3_IRQHandler
 .text.TIM4_IRQHandler
                0x00000000080024d4       0x14 ./Core/Src/stm32f4xx_it.o
                0x00000000080024d4                TIM4_IRQHandler
 .text.CAN2_RX0_IRQHandler
                0x00000000080024e8       0x14 ./Core/Src/stm32f4xx_it.o
                0x00000000080024e8                CAN2_RX0_IRQHandler
 .text.SystemInit
                0x00000000080024fc       0x24 ./Core/Src/system_stm32f4xx.o
                0x00000000080024fc                SystemInit
 .text.MX_TIM2_Init
                0x0000000008002520       0x98 ./Core/Src/tim.o
                0x0000000008002520                MX_TIM2_Init
 .text.MX_TIM3_Init
                0x00000000080025b8       0x9c ./Core/Src/tim.o
                0x00000000080025b8                MX_TIM3_Init
 .text.MX_TIM4_Init
                0x0000000008002654       0x9c ./Core/Src/tim.o
                0x0000000008002654                MX_TIM4_Init
 .text.MX_TIM5_Init
                0x00000000080026f0       0x9c ./Core/Src/tim.o
                0x00000000080026f0                MX_TIM5_Init
 .text.HAL_TIM_Base_MspInit
                0x000000000800278c       0xf0 ./Core/Src/tim.o
                0x000000000800278c                HAL_TIM_Base_MspInit
 .text.Reset_Handler
                0x000000000800287c       0x50 ./Core/Startup/startup_stm32f446retx.o
                0x000000000800287c                Reset_Handler
 .text.Default_Handler
                0x00000000080028cc        0x2 ./Core/Startup/startup_stm32f446retx.o
                0x00000000080028cc                DMA2_Stream5_IRQHandler
                0x00000000080028cc                OTG_HS_WKUP_IRQHandler
                0x00000000080028cc                EXTI1_IRQHandler
                0x00000000080028cc                TIM8_UP_TIM13_IRQHandler
                0x00000000080028cc                USART6_IRQHandler
                0x00000000080028cc                DMA2_Stream7_IRQHandler
                0x00000000080028cc                SAI2_IRQHandler
                0x00000000080028cc                UART4_IRQHandler
                0x00000000080028cc                OTG_FS_WKUP_IRQHandler
                0x00000000080028cc                TIM8_CC_IRQHandler
                0x00000000080028cc                SPI2_IRQHandler
                0x00000000080028cc                EXTI9_5_IRQHandler
                0x00000000080028cc                SPI1_IRQHandler
                0x00000000080028cc                PVD_IRQHandler
                0x00000000080028cc                TIM5_IRQHandler
                0x00000000080028cc                ADC_IRQHandler
                0x00000000080028cc                DMA1_Stream6_IRQHandler
                0x00000000080028cc                DMA1_Stream1_IRQHandler
                0x00000000080028cc                WWDG_IRQHandler
                0x00000000080028cc                DMA2_Stream0_IRQHandler
                0x00000000080028cc                I2C3_EV_IRQHandler
                0x00000000080028cc                SPI4_IRQHandler
                0x00000000080028cc                DMA1_Stream2_IRQHandler
                0x00000000080028cc                RCC_IRQHandler
                0x00000000080028cc                I2C1_ER_IRQHandler
                0x00000000080028cc                DMA2_Stream3_IRQHandler
                0x00000000080028cc                TIM1_UP_TIM10_IRQHandler
                0x00000000080028cc                OTG_HS_EP1_OUT_IRQHandler
                0x00000000080028cc                DMA2_Stream4_IRQHandler
                0x00000000080028cc                SAI1_IRQHandler
                0x00000000080028cc                I2C2_EV_IRQHandler
                0x00000000080028cc                CEC_IRQHandler
                0x00000000080028cc                USART2_IRQHandler
                0x00000000080028cc                DMA1_Stream0_IRQHandler
                0x00000000080028cc                FMPI2C1_ER_IRQHandler
                0x00000000080028cc                DMA1_Stream7_IRQHandler
                0x00000000080028cc                TIM6_DAC_IRQHandler
                0x00000000080028cc                DMA1_Stream4_IRQHandler
                0x00000000080028cc                TIM8_TRG_COM_TIM14_IRQHandler
                0x00000000080028cc                FMC_IRQHandler
                0x00000000080028cc                CAN2_TX_IRQHandler
                0x00000000080028cc                FLASH_IRQHandler
                0x00000000080028cc                CAN1_TX_IRQHandler
                0x00000000080028cc                QUADSPI_IRQHandler
                0x00000000080028cc                SDIO_IRQHandler
                0x00000000080028cc                EXTI15_10_IRQHandler
                0x00000000080028cc                TIM8_BRK_TIM12_IRQHandler
                0x00000000080028cc                USART1_IRQHandler
                0x00000000080028cc                RTC_WKUP_IRQHandler
                0x00000000080028cc                CAN1_SCE_IRQHandler
                0x00000000080028cc                TAMP_STAMP_IRQHandler
                0x00000000080028cc                DMA2_Stream6_IRQHandler
                0x00000000080028cc                OTG_HS_EP1_IN_IRQHandler
                0x00000000080028cc                Default_Handler
                0x00000000080028cc                EXTI2_IRQHandler
                0x00000000080028cc                OTG_FS_IRQHandler
                0x00000000080028cc                UART5_IRQHandler
                0x00000000080028cc                DMA1_Stream5_IRQHandler
                0x00000000080028cc                USART3_IRQHandler
                0x00000000080028cc                TIM1_TRG_COM_TIM11_IRQHandler
                0x00000000080028cc                I2C3_ER_IRQHandler
                0x00000000080028cc                TIM1_BRK_TIM9_IRQHandler
                0x00000000080028cc                EXTI3_IRQHandler
                0x00000000080028cc                I2C2_ER_IRQHandler
                0x00000000080028cc                SPDIF_RX_IRQHandler
                0x00000000080028cc                DMA2_Stream2_IRQHandler
                0x00000000080028cc                FMPI2C1_EV_IRQHandler
                0x00000000080028cc                DMA2_Stream1_IRQHandler
                0x00000000080028cc                FPU_IRQHandler
                0x00000000080028cc                DCMI_IRQHandler
                0x00000000080028cc                CAN2_RX1_IRQHandler
                0x00000000080028cc                I2C1_EV_IRQHandler
                0x00000000080028cc                TIM1_CC_IRQHandler
                0x00000000080028cc                SPI3_IRQHandler
                0x00000000080028cc                OTG_HS_IRQHandler
                0x00000000080028cc                DMA1_Stream3_IRQHandler
                0x00000000080028cc                TIM7_IRQHandler
                0x00000000080028cc                EXTI0_IRQHandler
                0x00000000080028cc                RTC_Alarm_IRQHandler
                0x00000000080028cc                EXTI4_IRQHandler
                0x00000000080028cc                CAN1_RX1_IRQHandler
                0x00000000080028cc                CAN2_SCE_IRQHandler
 *fill*         0x00000000080028ce        0x2 
 .text.HAL_Init
                0x00000000080028d0       0x44 ./Drivers/STM32F4xx_HAL_Driver/Src/stm32f4xx_hal.o
                0x00000000080028d0                HAL_Init
 .text.HAL_InitTick
                0x0000000008002914       0x60 ./Drivers/STM32F4xx_HAL_Driver/Src/stm32f4xx_hal.o
                0x0000000008002914                HAL_InitTick
 .text.HAL_IncTick
                0x0000000008002974       0x28 ./Drivers/STM32F4xx_HAL_Driver/Src/stm32f4xx_hal.o
                0x0000000008002974                HAL_IncTick
 .text.HAL_GetTick
                0x000000000800299c       0x18 ./Drivers/STM32F4xx_HAL_Driver/Src/stm32f4xx_hal.o
                0x000000000800299c                HAL_GetTick
 .text.HAL_Delay
                0x00000000080029b4       0x48 ./Drivers/STM32F4xx_HAL_Driver/Src/stm32f4xx_hal.o
                0x00000000080029b4                HAL_Delay
 .text.HAL_CAN_Init
                0x00000000080029fc      0x28c ./Drivers/STM32F4xx_HAL_Driver/Src/stm32f4xx_hal_can.o
                0x00000000080029fc                HAL_CAN_Init
 .text.HAL_CAN_RegisterCallback
                0x0000000008002c88      0x160 ./Drivers/STM32F4xx_HAL_Driver/Src/stm32f4xx_hal_can.o
                0x0000000008002c88                HAL_CAN_RegisterCallback
 .text.HAL_CAN_ConfigFilter
                0x0000000008002de8      0x1c0 ./Drivers/STM32F4xx_HAL_Driver/Src/stm32f4xx_hal_can.o
                0x0000000008002de8                HAL_CAN_ConfigFilter
 .text.HAL_CAN_Start
                0x0000000008002fa8       0x88 ./Drivers/STM32F4xx_HAL_Driver/Src/stm32f4xx_hal_can.o
                0x0000000008002fa8                HAL_CAN_Start
 .text.HAL_CAN_AddTxMessage
                0x0000000008003030      0x1b6 ./Drivers/STM32F4xx_HAL_Driver/Src/stm32f4xx_hal_can.o
                0x0000000008003030                HAL_CAN_AddTxMessage
 .text.HAL_CAN_GetTxMailboxesFreeLevel
                0x00000000080031e6       0x6a ./Drivers/STM32F4xx_HAL_Driver/Src/stm32f4xx_hal_can.o
                0x00000000080031e6                HAL_CAN_GetTxMailboxesFreeLevel
 .text.HAL_CAN_GetRxMessage
                0x0000000008003250      0x224 ./Drivers/STM32F4xx_HAL_Driver/Src/stm32f4xx_hal_can.o
                0x0000000008003250                HAL_CAN_GetRxMessage
 .text.HAL_CAN_ActivateNotification
                0x0000000008003474       0x4c ./Drivers/STM32F4xx_HAL_Driver/Src/stm32f4xx_hal_can.o
                0x0000000008003474                HAL_CAN_ActivateNotification
 .text.HAL_CAN_IRQHandler
                0x00000000080034c0      0x38a ./Drivers/STM32F4xx_HAL_Driver/Src/stm32f4xx_hal_can.o
                0x00000000080034c0                HAL_CAN_IRQHandler
 .text.HAL_CAN_TxMailbox0CompleteCallback
                0x000000000800384a       0x14 ./Drivers/STM32F4xx_HAL_Driver/Src/stm32f4xx_hal_can.o
                0x000000000800384a                HAL_CAN_TxMailbox0CompleteCallback
 .text.HAL_CAN_TxMailbox1CompleteCallback
                0x000000000800385e       0x14 ./Drivers/STM32F4xx_HAL_Driver/Src/stm32f4xx_hal_can.o
                0x000000000800385e                HAL_CAN_TxMailbox1CompleteCallback
 .text.HAL_CAN_TxMailbox2CompleteCallback
                0x0000000008003872       0x14 ./Drivers/STM32F4xx_HAL_Driver/Src/stm32f4xx_hal_can.o
                0x0000000008003872                HAL_CAN_TxMailbox2CompleteCallback
 .text.HAL_CAN_TxMailbox0AbortCallback
                0x0000000008003886       0x14 ./Drivers/STM32F4xx_HAL_Driver/Src/stm32f4xx_hal_can.o
                0x0000000008003886                HAL_CAN_TxMailbox0AbortCallback
 .text.HAL_CAN_TxMailbox1AbortCallback
                0x000000000800389a       0x14 ./Drivers/STM32F4xx_HAL_Driver/Src/stm32f4xx_hal_can.o
                0x000000000800389a                HAL_CAN_TxMailbox1AbortCallback
 .text.HAL_CAN_TxMailbox2AbortCallback
                0x00000000080038ae       0x14 ./Drivers/STM32F4xx_HAL_Driver/Src/stm32f4xx_hal_can.o
                0x00000000080038ae                HAL_CAN_TxMailbox2AbortCallback
 .text.HAL_CAN_RxFifo0MsgPendingCallback
                0x00000000080038c2       0x14 ./Drivers/STM32F4xx_HAL_Driver/Src/stm32f4xx_hal_can.o
                0x00000000080038c2                HAL_CAN_RxFifo0MsgPendingCallback
 .text.HAL_CAN_RxFifo0FullCallback
                0x00000000080038d6       0x14 ./Drivers/STM32F4xx_HAL_Driver/Src/stm32f4xx_hal_can.o
                0x00000000080038d6                HAL_CAN_RxFifo0FullCallback
 .text.HAL_CAN_RxFifo1MsgPendingCallback
                0x00000000080038ea       0x14 ./Drivers/STM32F4xx_HAL_Driver/Src/stm32f4xx_hal_can.o
                0x00000000080038ea                HAL_CAN_RxFifo1MsgPendingCallback
 .text.HAL_CAN_RxFifo1FullCallback
                0x00000000080038fe       0x14 ./Drivers/STM32F4xx_HAL_Driver/Src/stm32f4xx_hal_can.o
                0x00000000080038fe                HAL_CAN_RxFifo1FullCallback
 .text.HAL_CAN_SleepCallback
                0x0000000008003912       0x14 ./Drivers/STM32F4xx_HAL_Driver/Src/stm32f4xx_hal_can.o
                0x0000000008003912                HAL_CAN_SleepCallback
 .text.HAL_CAN_WakeUpFromRxMsgCallback
                0x0000000008003926       0x14 ./Drivers/STM32F4xx_HAL_Driver/Src/stm32f4xx_hal_can.o
                0x0000000008003926                HAL_CAN_WakeUpFromRxMsgCallback
 .text.HAL_CAN_ErrorCallback
                0x000000000800393a       0x14 ./Drivers/STM32F4xx_HAL_Driver/Src/stm32f4xx_hal_can.o
                0x000000000800393a                HAL_CAN_ErrorCallback
 *fill*         0x000000000800394e        0x2 
 .text.__NVIC_SetPriorityGrouping
                0x0000000008003950       0x48 ./Drivers/STM32F4xx_HAL_Driver/Src/stm32f4xx_hal_cortex.o
 .text.__NVIC_GetPriorityGrouping
                0x0000000008003998       0x1c ./Drivers/STM32F4xx_HAL_Driver/Src/stm32f4xx_hal_cortex.o
 .text.__NVIC_EnableIRQ
                0x00000000080039b4       0x3c ./Drivers/STM32F4xx_HAL_Driver/Src/stm32f4xx_hal_cortex.o
 .text.__NVIC_GetActive
                0x00000000080039f0       0x44 ./Drivers/STM32F4xx_HAL_Driver/Src/stm32f4xx_hal_cortex.o
 .text.__NVIC_SetPriority
                0x0000000008003a34       0x54 ./Drivers/STM32F4xx_HAL_Driver/Src/stm32f4xx_hal_cortex.o
 .text.NVIC_EncodePriority
                0x0000000008003a88       0x66 ./Drivers/STM32F4xx_HAL_Driver/Src/stm32f4xx_hal_cortex.o
 *fill*         0x0000000008003aee        0x2 
 .text.SysTick_Config
                0x0000000008003af0       0x44 ./Drivers/STM32F4xx_HAL_Driver/Src/stm32f4xx_hal_cortex.o
 .text.HAL_NVIC_SetPriorityGrouping
                0x0000000008003b34       0x16 ./Drivers/STM32F4xx_HAL_Driver/Src/stm32f4xx_hal_cortex.o
                0x0000000008003b34                HAL_NVIC_SetPriorityGrouping
 .text.HAL_NVIC_SetPriority
                0x0000000008003b4a       0x38 ./Drivers/STM32F4xx_HAL_Driver/Src/stm32f4xx_hal_cortex.o
                0x0000000008003b4a                HAL_NVIC_SetPriority
 .text.HAL_NVIC_EnableIRQ
                0x0000000008003b82       0x1c ./Drivers/STM32F4xx_HAL_Driver/Src/stm32f4xx_hal_cortex.o
                0x0000000008003b82                HAL_NVIC_EnableIRQ
 .text.HAL_SYSTICK_Config
                0x0000000008003b9e       0x18 ./Drivers/STM32F4xx_HAL_Driver/Src/stm32f4xx_hal_cortex.o
                0x0000000008003b9e                HAL_SYSTICK_Config
 .text.HAL_NVIC_GetActive
                0x0000000008003bb6       0x1e ./Drivers/STM32F4xx_HAL_Driver/Src/stm32f4xx_hal_cortex.o
                0x0000000008003bb6                HAL_NVIC_GetActive
 .text.HAL_GPIO_Init
                0x0000000008003bd4      0x328 ./Drivers/STM32F4xx_HAL_Driver/Src/stm32f4xx_hal_gpio.o
                0x0000000008003bd4                HAL_GPIO_Init
 .text.HAL_GPIO_ReadPin
                0x0000000008003efc       0x30 ./Drivers/STM32F4xx_HAL_Driver/Src/stm32f4xx_hal_gpio.o
                0x0000000008003efc                HAL_GPIO_ReadPin
 .text.HAL_GPIO_WritePin
                0x0000000008003f2c       0x32 ./Drivers/STM32F4xx_HAL_Driver/Src/stm32f4xx_hal_gpio.o
                0x0000000008003f2c                HAL_GPIO_WritePin
 *fill*         0x0000000008003f5e        0x2 
 .text.HAL_RCC_ClockConfig
                0x0000000008003f60      0x1cc ./Drivers/STM32F4xx_HAL_Driver/Src/stm32f4xx_hal_rcc.o
                0x0000000008003f60                HAL_RCC_ClockConfig
 .text.HAL_RCC_GetSysClockFreq
                0x000000000800412c      0x45c ./Drivers/STM32F4xx_HAL_Driver/Src/stm32f4xx_hal_rcc_ex.o
                0x000000000800412c                HAL_RCC_GetSysClockFreq
 .text.HAL_RCC_OscConfig
                0x0000000008004588      0x53c ./Drivers/STM32F4xx_HAL_Driver/Src/stm32f4xx_hal_rcc_ex.o
                0x0000000008004588                HAL_RCC_OscConfig
 .text.HAL_TIM_Base_Init
                0x0000000008004ac4       0xb8 ./Drivers/STM32F4xx_HAL_Driver/Src/stm32f4xx_hal_tim.o
                0x0000000008004ac4                HAL_TIM_Base_Init
 .text.HAL_TIM_Base_Start
                0x0000000008004b7c       0xd0 ./Drivers/STM32F4xx_HAL_Driver/Src/stm32f4xx_hal_tim.o
                0x0000000008004b7c                HAL_TIM_Base_Start
 .text.HAL_TIM_Base_Stop
                0x0000000008004c4c       0x4e ./Drivers/STM32F4xx_HAL_Driver/Src/stm32f4xx_hal_tim.o
                0x0000000008004c4c                HAL_TIM_Base_Stop
 *fill*         0x0000000008004c9a        0x2 
 .text.HAL_TIM_Base_Start_IT
                0x0000000008004c9c       0xe0 ./Drivers/STM32F4xx_HAL_Driver/Src/stm32f4xx_hal_tim.o
                0x0000000008004c9c                HAL_TIM_Base_Start_IT
 .text.HAL_TIM_IRQHandler
                0x0000000008004d7c      0x250 ./Drivers/STM32F4xx_HAL_Driver/Src/stm32f4xx_hal_tim.o
                0x0000000008004d7c                HAL_TIM_IRQHandler
 .text.HAL_TIM_ConfigClockSource
                0x0000000008004fcc      0x18e ./Drivers/STM32F4xx_HAL_Driver/Src/stm32f4xx_hal_tim.o
                0x0000000008004fcc                HAL_TIM_ConfigClockSource
 .text.HAL_TIM_PeriodElapsedCallback
                0x000000000800515a       0x14 ./Drivers/STM32F4xx_HAL_Driver/Src/stm32f4xx_hal_tim.o
                0x000000000800515a                HAL_TIM_PeriodElapsedCallback
 .text.HAL_TIM_PeriodElapsedHalfCpltCallback
                0x000000000800516e       0x14 ./Drivers/STM32F4xx_HAL_Driver/Src/stm32f4xx_hal_tim.o
                0x000000000800516e                HAL_TIM_PeriodElapsedHalfCpltCallback
 .text.HAL_TIM_OC_DelayElapsedCallback
                0x0000000008005182       0x14 ./Drivers/STM32F4xx_HAL_Driver/Src/stm32f4xx_hal_tim.o
                0x0000000008005182                HAL_TIM_OC_DelayElapsedCallback
 .text.HAL_TIM_IC_CaptureCallback
                0x0000000008005196       0x14 ./Drivers/STM32F4xx_HAL_Driver/Src/stm32f4xx_hal_tim.o
                0x0000000008005196                HAL_TIM_IC_CaptureCallback
 .text.HAL_TIM_IC_CaptureHalfCpltCallback
                0x00000000080051aa       0x14 ./Drivers/STM32F4xx_HAL_Driver/Src/stm32f4xx_hal_tim.o
                0x00000000080051aa                HAL_TIM_IC_CaptureHalfCpltCallback
 .text.HAL_TIM_PWM_PulseFinishedCallback
                0x00000000080051be       0x14 ./Drivers/STM32F4xx_HAL_Driver/Src/stm32f4xx_hal_tim.o
                0x00000000080051be                HAL_TIM_PWM_PulseFinishedCallback
 .text.HAL_TIM_PWM_PulseFinishedHalfCpltCallback
                0x00000000080051d2       0x14 ./Drivers/STM32F4xx_HAL_Driver/Src/stm32f4xx_hal_tim.o
                0x00000000080051d2                HAL_TIM_PWM_PulseFinishedHalfCpltCallback
 .text.HAL_TIM_TriggerCallback
                0x00000000080051e6       0x14 ./Drivers/STM32F4xx_HAL_Driver/Src/stm32f4xx_hal_tim.o
                0x00000000080051e6                HAL_TIM_TriggerCallback
 .text.HAL_TIM_TriggerHalfCpltCallback
                0x00000000080051fa       0x14 ./Drivers/STM32F4xx_HAL_Driver/Src/stm32f4xx_hal_tim.o
                0x00000000080051fa                HAL_TIM_TriggerHalfCpltCallback
 .text.HAL_TIM_ErrorCallback
                0x000000000800520e       0x14 ./Drivers/STM32F4xx_HAL_Driver/Src/stm32f4xx_hal_tim.o
                0x000000000800520e                HAL_TIM_ErrorCallback
 *fill*         0x0000000008005222        0x2 
 .text.HAL_TIM_RegisterCallback
                0x0000000008005224      0x294 ./Drivers/STM32F4xx_HAL_Driver/Src/stm32f4xx_hal_tim.o
                0x0000000008005224                HAL_TIM_RegisterCallback
 .text.TIM_Base_SetConfig
                0x00000000080054b8      0x140 ./Drivers/STM32F4xx_HAL_Driver/Src/stm32f4xx_hal_tim.o
                0x00000000080054b8                TIM_Base_SetConfig
 .text.TIM_TI1_ConfigInputStage
                0x00000000080055f8       0x5e ./Drivers/STM32F4xx_HAL_Driver/Src/stm32f4xx_hal_tim.o
 .text.TIM_TI2_ConfigInputStage
                0x0000000008005656       0x60 ./Drivers/STM32F4xx_HAL_Driver/Src/stm32f4xx_hal_tim.o
 .text.TIM_ITRx_SetConfig
                0x00000000080056b6       0x36 ./Drivers/STM32F4xx_HAL_Driver/Src/stm32f4xx_hal_tim.o
 .text.TIM_ETR_SetConfig
                0x00000000080056ec       0x40 ./Drivers/STM32F4xx_HAL_Driver/Src/stm32f4xx_hal_tim.o
                0x00000000080056ec                TIM_ETR_SetConfig
 .text.TIM_ResetCallback
                0x000000000800572c       0xb0 ./Drivers/STM32F4xx_HAL_Driver/Src/stm32f4xx_hal_tim.o
                0x000000000800572c                TIM_ResetCallback
 .text.HAL_TIMEx_MasterConfigSynchronization
                0x00000000080057dc       0xf8 ./Drivers/STM32F4xx_HAL_Driver/Src/stm32f4xx_hal_tim_ex.o
                0x00000000080057dc                HAL_TIMEx_MasterConfigSynchronization
 .text.HAL_TIMEx_CommutCallback
                0x00000000080058d4       0x14 ./Drivers/STM32F4xx_HAL_Driver/Src/stm32f4xx_hal_tim_ex.o
                0x00000000080058d4                HAL_TIMEx_CommutCallback
 .text.HAL_TIMEx_CommutHalfCpltCallback
                0x00000000080058e8       0x14 ./Drivers/STM32F4xx_HAL_Driver/Src/stm32f4xx_hal_tim_ex.o
                0x00000000080058e8                HAL_TIMEx_CommutHalfCpltCallback
 .text.HAL_TIMEx_BreakCallback
                0x00000000080058fc       0x14 ./Drivers/STM32F4xx_HAL_Driver/Src/stm32f4xx_hal_tim_ex.o
                0x00000000080058fc                HAL_TIMEx_BreakCallback
 .text.pack_left_shift_u8
                0x0000000008005910       0x2e ./TER_DATABASES/hvbms.o
 .text.pack_left_shift_u16
                0x000000000800593e       0x2e ./TER_DATABASES/hvbms.o
 .text.pack_right_shift_u16
                0x000000000800596c       0x2e ./TER_DATABASES/hvbms.o
 .text.unpack_right_shift_u8
                0x000000000800599a       0x30 ./TER_DATABASES/hvbms.o
 .text.hvbms_bms_rx_ctrl_1_pack
                0x00000000080059ca      0x178 ./TER_DATABASES/hvbms.o
                0x00000000080059ca                hvbms_bms_rx_ctrl_1_pack
 .text.hvbms_bms_tx_state_3_unpack
                0x0000000008005b42       0x98 ./TER_DATABASES/hvbms.o
                0x0000000008005b42                hvbms_bms_tx_state_3_unpack
 .text.pack_left_shift_u8
                0x0000000008005bda       0x2e ./TER_DATABASES/inverter.o
 .text.pack_left_shift_u16
                0x0000000008005c08       0x2e ./TER_DATABASES/inverter.o
 .text.pack_right_shift_u16
                0x0000000008005c36       0x2e ./TER_DATABASES/inverter.o
 .text.unpack_left_shift_u8
                0x0000000008005c64       0x30 ./TER_DATABASES/inverter.o
 .text.unpack_left_shift_u16
                0x0000000008005c94       0x30 ./TER_DATABASES/inverter.o
 .text.unpack_left_shift_u32
                0x0000000008005cc4       0x2e ./TER_DATABASES/inverter.o
 .text.unpack_right_shift_u8
                0x0000000008005cf2       0x30 ./TER_DATABASES/inverter.o
 .text.unpack_right_shift_u16
                0x0000000008005d22       0x30 ./TER_DATABASES/inverter.o
 .text.unpack_right_shift_u32
                0x0000000008005d52       0x2e ./TER_DATABASES/inverter.o
 .text.inverter_emcu_state_9_left_unpack
                0x0000000008005d80       0x9e ./TER_DATABASES/inverter.o
                0x0000000008005d80                inverter_emcu_state_9_left_unpack
 .text.inverter_emcu_state_7_left_unpack
                0x0000000008005e1e       0x58 ./TER_DATABASES/inverter.o
                0x0000000008005e1e                inverter_emcu_state_7_left_unpack
 .text.inverter_emcu_state_4_left_unpack
                0x0000000008005e76       0xac ./TER_DATABASES/inverter.o
                0x0000000008005e76                inverter_emcu_state_4_left_unpack
 *fill*         0x0000000008005f22        0x2 
 .text.inverter_emcu_state_4_left_pwr_stg_temp_deg_c_decode
                0x0000000008005f24       0x30 ./TER_DATABASES/inverter.o
                0x0000000008005f24                inverter_emcu_state_4_left_pwr_stg_temp_deg_c_decode
 .text.inverter_emcu_state_4_left_e_machine_temp_2_deg_c_decode
                0x0000000008005f54       0x30 ./TER_DATABASES/inverter.o
                0x0000000008005f54                inverter_emcu_state_4_left_e_machine_temp_2_deg_c_decode
 .text.inverter_emcu_state_3_left_unpack
                0x0000000008005f84      0x122 ./TER_DATABASES/inverter.o
                0x0000000008005f84                inverter_emcu_state_3_left_unpack
 .text.inverter_emcu_state_2_left_unpack
                0x00000000080060a6       0xa8 ./TER_DATABASES/inverter.o
                0x00000000080060a6                inverter_emcu_state_2_left_unpack
 .text.inverter_emcu_setpoint_3_left_pack
                0x000000000800614e       0xd6 ./TER_DATABASES/inverter.o
                0x000000000800614e                inverter_emcu_setpoint_3_left_pack
 .text.inverter_emcu_setpoint_2_left_pack
                0x0000000008006224       0xb8 ./TER_DATABASES/inverter.o
                0x0000000008006224                inverter_emcu_setpoint_2_left_pack
 .text.inverter_emcu_setpoint_1_left_pack
                0x00000000080062dc       0xb0 ./TER_DATABASES/inverter.o
                0x00000000080062dc                inverter_emcu_setpoint_1_left_pack
 .text.inverter_emcu_state_2_right_unpack
                0x000000000800638c       0xa8 ./TER_DATABASES/inverter.o
                0x000000000800638c                inverter_emcu_state_2_right_unpack
 .text.inverter_emcu_state_3_right_unpack
                0x0000000008006434      0x122 ./TER_DATABASES/inverter.o
                0x0000000008006434                inverter_emcu_state_3_right_unpack
 .text.inverter_emcu_state_4_right_unpack
                0x0000000008006556       0xac ./TER_DATABASES/inverter.o
                0x0000000008006556                inverter_emcu_state_4_right_unpack
 *fill*         0x0000000008006602        0x2 
 .text.inverter_emcu_state_4_right_pwr_stg_temp_deg_c_decode
                0x0000000008006604       0x30 ./TER_DATABASES/inverter.o
                0x0000000008006604                inverter_emcu_state_4_right_pwr_stg_temp_deg_c_decode
 .text.inverter_emcu_state_4_right_e_machine_temp_2_deg_c_decode
                0x0000000008006634       0x30 ./TER_DATABASES/inverter.o
                0x0000000008006634                inverter_emcu_state_4_right_e_machine_temp_2_deg_c_decode
 .text.inverter_emcu_state_7_right_unpack
                0x0000000008006664       0x58 ./TER_DATABASES/inverter.o
                0x0000000008006664                inverter_emcu_state_7_right_unpack
 .text.inverter_emcu_state_9_right_unpack
                0x00000000080066bc       0x9e ./TER_DATABASES/inverter.o
                0x00000000080066bc                inverter_emcu_state_9_right_unpack
 .text.inverter_emcu_setpoint_1_right_pack
                0x000000000800675a       0xb0 ./TER_DATABASES/inverter.o
                0x000000000800675a                inverter_emcu_setpoint_1_right_pack
 .text.inverter_emcu_setpoint_2_right_pack
                0x000000000800680a       0xb8 ./TER_DATABASES/inverter.o
                0x000000000800680a                inverter_emcu_setpoint_2_right_pack
 .text.inverter_emcu_setpoint_3_right_pack
                0x00000000080068c2       0xd6 ./TER_DATABASES/inverter.o
                0x00000000080068c2                inverter_emcu_setpoint_3_right_pack
 .text.pack_left_shift_u8
                0x0000000008006998       0x2e ./TER_DATABASES/ter.o
 .text.pack_left_shift_u16
                0x00000000080069c6       0x2e ./TER_DATABASES/ter.o
 .text.pack_left_shift_u32
                0x00000000080069f4       0x2c ./TER_DATABASES/ter.o
 .text.pack_right_shift_u16
                0x0000000008006a20       0x2e ./TER_DATABASES/ter.o
 .text.pack_right_shift_u32
                0x0000000008006a4e       0x2c ./TER_DATABASES/ter.o
 .text.unpack_left_shift_u16
                0x0000000008006a7a       0x30 ./TER_DATABASES/ter.o
 .text.unpack_left_shift_u32
                0x0000000008006aaa       0x2e ./TER_DATABASES/ter.o
 .text.unpack_right_shift_u8
                0x0000000008006ad8       0x30 ./TER_DATABASES/ter.o
 .text.unpack_right_shift_u16
                0x0000000008006b08       0x30 ./TER_DATABASES/ter.o
 .text.unpack_right_shift_u32
                0x0000000008006b38       0x2e ./TER_DATABASES/ter.o
 .text.ter_apps_unpack
                0x0000000008006b66       0x80 ./TER_DATABASES/ter.o
                0x0000000008006b66                ter_apps_unpack
 *fill*         0x0000000008006be6        0x2 
 .text.ter_command_pack
                0x0000000008006be8      0xde8 ./TER_DATABASES/ter.o
                0x0000000008006be8                ter_command_pack
 .text.ter_command_unpack
                0x00000000080079d0      0xad8 ./TER_DATABASES/ter.o
                0x00000000080079d0                ter_command_unpack
 .text.ter_command_init
                0x00000000080084a8       0x28 ./TER_DATABASES/ter.o
                0x00000000080084a8                ter_command_init
 .text.ter_command_kw_limit_is_in_range
                0x00000000080084d0       0x2e ./TER_DATABASES/ter.o
                0x00000000080084d0                ter_command_kw_limit_is_in_range
 .text.ter_command_trq_limit_is_in_range
                0x00000000080084fe       0x2e ./TER_DATABASES/ter.o
                0x00000000080084fe                ter_command_trq_limit_is_in_range
 .text.ter_command_speed_limit_is_in_range
                0x000000000800852c       0x2e ./TER_DATABASES/ter.o
                0x000000000800852c                ter_command_speed_limit_is_in_range
 .text.ter_bpps_unpack
                0x000000000800855a       0x38 ./TER_DATABASES/ter.o
                0x000000000800855a                ter_bpps_unpack
 .text.ter_steer_unpack
                0x0000000008008592       0x56 ./TER_DATABASES/ter.o
                0x0000000008008592                ter_steer_unpack
 .text.ter_front_v_unpack
                0x00000000080085e8       0xc8 ./TER_DATABASES/ter.o
                0x00000000080085e8                ter_front_v_unpack
 .text.ter_lv_status_unpack
                0x00000000080086b0      0x1dc ./TER_DATABASES/ter.o
                0x00000000080086b0                ter_lv_status_unpack
 .text.ter_ang_rate_unpack
                0x000000000800888c      0x13a ./TER_DATABASES/ter.o
                0x000000000800888c                ter_ang_rate_unpack
 .text.ter_ter_status_pack
                0x00000000080089c6      0x1b8 ./TER_DATABASES/ter.o
                0x00000000080089c6                ter_ter_status_pack
 .text.ter_response_pack
                0x0000000008008b7e       0x6c ./TER_DATABASES/ter.o
                0x0000000008008b7e                ter_response_pack
 *fill*         0x0000000008008bea        0x2 
 .text.ter_dynamic_config_pack
                0x0000000008008bec      0x11c ./TER_DATABASES/ter.o
                0x0000000008008bec                ter_dynamic_config_pack
 .text.ter_wheel_info_pack
                0x0000000008008d08      0x116 ./TER_DATABASES/ter.o
                0x0000000008008d08                ter_wheel_info_pack
 .text.ter_inverter_info_pack
                0x0000000008008e1e       0xf4 ./TER_DATABASES/ter.o
                0x0000000008008e1e                ter_inverter_info_pack
 .text.memset   0x0000000008008f12       0x10 C:/ST/STM32CubeIDE_1.13.2/STM32CubeIDE/plugins/com.st.stm32cube.ide.mcu.externaltools.gnu-tools-for-stm32.11.3.rel1.win32_1.1.100.202309141235/tools/bin/../lib/gcc/arm-none-eabi/11.3.1/../../../../arm-none-eabi/lib/thumb/v7e-m+fp/hard\libc_nano.a(libc_a-memset.o)
                0x0000000008008f12                memset
 *fill*         0x0000000008008f22        0x2 
 .text.__libc_init_array
                0x0000000008008f24       0x48 C:/ST/STM32CubeIDE_1.13.2/STM32CubeIDE/plugins/com.st.stm32cube.ide.mcu.externaltools.gnu-tools-for-stm32.11.3.rel1.win32_1.1.100.202309141235/tools/bin/../lib/gcc/arm-none-eabi/11.3.1/../../../../arm-none-eabi/lib/thumb/v7e-m+fp/hard\libc_nano.a(libc_a-init.o)
                0x0000000008008f24                __libc_init_array
 *(.glue_7)
 .glue_7        0x0000000008008f6c        0x0 linker stubs
 *(.glue_7t)
 .glue_7t       0x0000000008008f6c        0x0 linker stubs
 *(.eh_frame)
 .eh_frame      0x0000000008008f6c        0x0 C:/ST/STM32CubeIDE_1.13.2/STM32CubeIDE/plugins/com.st.stm32cube.ide.mcu.externaltools.gnu-tools-for-stm32.11.3.rel1.win32_1.1.100.202309141235/tools/bin/../lib/gcc/arm-none-eabi/11.3.1/thumb/v7e-m+fp/hard/crtbegin.o
 *(.init)
 .init          0x0000000008008f6c        0x4 C:/ST/STM32CubeIDE_1.13.2/STM32CubeIDE/plugins/com.st.stm32cube.ide.mcu.externaltools.gnu-tools-for-stm32.11.3.rel1.win32_1.1.100.202309141235/tools/bin/../lib/gcc/arm-none-eabi/11.3.1/thumb/v7e-m+fp/hard/crti.o
                0x0000000008008f6c                _init
 .init          0x0000000008008f70        0x8 C:/ST/STM32CubeIDE_1.13.2/STM32CubeIDE/plugins/com.st.stm32cube.ide.mcu.externaltools.gnu-tools-for-stm32.11.3.rel1.win32_1.1.100.202309141235/tools/bin/../lib/gcc/arm-none-eabi/11.3.1/thumb/v7e-m+fp/hard/crtn.o
 *(.fini)
 .fini          0x0000000008008f78        0x4 C:/ST/STM32CubeIDE_1.13.2/STM32CubeIDE/plugins/com.st.stm32cube.ide.mcu.externaltools.gnu-tools-for-stm32.11.3.rel1.win32_1.1.100.202309141235/tools/bin/../lib/gcc/arm-none-eabi/11.3.1/thumb/v7e-m+fp/hard/crti.o
                0x0000000008008f78                _fini
 .fini          0x0000000008008f7c        0x8 C:/ST/STM32CubeIDE_1.13.2/STM32CubeIDE/plugins/com.st.stm32cube.ide.mcu.externaltools.gnu-tools-for-stm32.11.3.rel1.win32_1.1.100.202309141235/tools/bin/../lib/gcc/arm-none-eabi/11.3.1/thumb/v7e-m+fp/hard/crtn.o
                0x0000000008008f84                . = ALIGN (0x4)
                0x0000000008008f84                _etext = .

.vfp11_veneer   0x0000000008008f84        0x0
 .vfp11_veneer  0x0000000008008f84        0x0 linker stubs

.v4_bx          0x0000000008008f84        0x0
 .v4_bx         0x0000000008008f84        0x0 linker stubs

.iplt           0x0000000008008f84        0x0
 .iplt          0x0000000008008f84        0x0 C:/ST/STM32CubeIDE_1.13.2/STM32CubeIDE/plugins/com.st.stm32cube.ide.mcu.externaltools.gnu-tools-for-stm32.11.3.rel1.win32_1.1.100.202309141235/tools/bin/../lib/gcc/arm-none-eabi/11.3.1/thumb/v7e-m+fp/hard/crtbegin.o

.rodata         0x0000000008008f84       0x10
                0x0000000008008f84                . = ALIGN (0x4)
 *(.rodata)
 *(.rodata*)
 .rodata.AHBPrescTable
                0x0000000008008f84       0x10 ./Core/Src/system_stm32f4xx.o
                0x0000000008008f84                AHBPrescTable
                0x0000000008008f94                . = ALIGN (0x4)

.ARM.extab      0x0000000008008f94        0x0
                0x0000000008008f94                . = ALIGN (0x4)
 *(.ARM.extab* .gnu.linkonce.armextab.*)
                0x0000000008008f94                . = ALIGN (0x4)

.ARM            0x0000000008008f94        0x8
                0x0000000008008f94                . = ALIGN (0x4)
                0x0000000008008f94                __exidx_start = .
 *(.ARM.exidx*)
 .ARM.exidx     0x0000000008008f94        0x8 C:/ST/STM32CubeIDE_1.13.2/STM32CubeIDE/plugins/com.st.stm32cube.ide.mcu.externaltools.gnu-tools-for-stm32.11.3.rel1.win32_1.1.100.202309141235/tools/bin/../lib/gcc/arm-none-eabi/11.3.1/thumb/v7e-m+fp/hard\libgcc.a(_udivmoddi4.o)
                0x0000000008008f9c                __exidx_end = .
                0x0000000008008f9c                . = ALIGN (0x4)

.rel.dyn        0x0000000008008f9c        0x0
 .rel.iplt      0x0000000008008f9c        0x0 C:/ST/STM32CubeIDE_1.13.2/STM32CubeIDE/plugins/com.st.stm32cube.ide.mcu.externaltools.gnu-tools-for-stm32.11.3.rel1.win32_1.1.100.202309141235/tools/bin/../lib/gcc/arm-none-eabi/11.3.1/thumb/v7e-m+fp/hard/crtbegin.o

.preinit_array  0x0000000008008f9c        0x0
                0x0000000008008f9c                . = ALIGN (0x4)
                0x0000000008008f9c                PROVIDE (__preinit_array_start = .)
 *(.preinit_array*)
                0x0000000008008f9c                PROVIDE (__preinit_array_end = .)
                0x0000000008008f9c                . = ALIGN (0x4)

.init_array     0x0000000008008f9c        0x4
                0x0000000008008f9c                . = ALIGN (0x4)
                0x0000000008008f9c                PROVIDE (__init_array_start = .)
 *(SORT_BY_NAME(.init_array.*))
 *(.init_array*)
 .init_array    0x0000000008008f9c        0x4 C:/ST/STM32CubeIDE_1.13.2/STM32CubeIDE/plugins/com.st.stm32cube.ide.mcu.externaltools.gnu-tools-for-stm32.11.3.rel1.win32_1.1.100.202309141235/tools/bin/../lib/gcc/arm-none-eabi/11.3.1/thumb/v7e-m+fp/hard/crtbegin.o
                0x0000000008008fa0                PROVIDE (__init_array_end = .)
                0x0000000008008fa0                . = ALIGN (0x4)

.fini_array     0x0000000008008fa0        0x4
                0x0000000008008fa0                . = ALIGN (0x4)
                [!provide]                        PROVIDE (__fini_array_start = .)
 *(SORT_BY_NAME(.fini_array.*))
 *(.fini_array*)
 .fini_array    0x0000000008008fa0        0x4 C:/ST/STM32CubeIDE_1.13.2/STM32CubeIDE/plugins/com.st.stm32cube.ide.mcu.externaltools.gnu-tools-for-stm32.11.3.rel1.win32_1.1.100.202309141235/tools/bin/../lib/gcc/arm-none-eabi/11.3.1/thumb/v7e-m+fp/hard/crtbegin.o
                [!provide]                        PROVIDE (__fini_array_end = .)
                0x0000000008008fa4                . = ALIGN (0x4)
                0x0000000008008fa4                _sidata = LOADADDR (.data)

.data           0x0000000020000000       0x14 load address 0x0000000008008fa4
                0x0000000020000000                . = ALIGN (0x4)
                0x0000000020000000                _sdata = .
 *(.data)
 *(.data*)
 .data.scsIds   0x0000000020000000        0x8 ./Core/Src/TeR_SCS.o
                0x0000000020000000                scsIds
 .data.SystemCoreClock
                0x0000000020000008        0x4 ./Core/Src/system_stm32f4xx.o
                0x0000000020000008                SystemCoreClock
 .data.uwTickPrio
                0x000000002000000c        0x4 ./Drivers/STM32F4xx_HAL_Driver/Src/stm32f4xx_hal.o
                0x000000002000000c                uwTickPrio
 .data.uwTickFreq
                0x0000000020000010        0x1 ./Drivers/STM32F4xx_HAL_Driver/Src/stm32f4xx_hal.o
                0x0000000020000010                uwTickFreq
 *(.RamFunc)
 *(.RamFunc*)
                0x0000000020000014                . = ALIGN (0x4)
 *fill*         0x0000000020000011        0x3 
                0x0000000020000014                _edata = .

.igot.plt       0x0000000020000014        0x0 load address 0x0000000008008fb8
 .igot.plt      0x0000000020000014        0x0 C:/ST/STM32CubeIDE_1.13.2/STM32CubeIDE/plugins/com.st.stm32cube.ide.mcu.externaltools.gnu-tools-for-stm32.11.3.rel1.win32_1.1.100.202309141235/tools/bin/../lib/gcc/arm-none-eabi/11.3.1/thumb/v7e-m+fp/hard/crtbegin.o
                0x0000000020000014                . = ALIGN (0x4)

.bss            0x0000000020000014      0x4a4 load address 0x0000000008008fb8
                0x0000000020000014                _sbss = .
                0x0000000020000014                __bss_start__ = _sbss
 *(.bss)
 .bss           0x0000000020000014       0x1c C:/ST/STM32CubeIDE_1.13.2/STM32CubeIDE/plugins/com.st.stm32cube.ide.mcu.externaltools.gnu-tools-for-stm32.11.3.rel1.win32_1.1.100.202309141235/tools/bin/../lib/gcc/arm-none-eabi/11.3.1/thumb/v7e-m+fp/hard/crtbegin.o
 *(.bss*)
 .bss.invCAN    0x0000000020000030        0x4 ./Core/Src/TeR_CAN.o
                0x0000000020000030                invCAN
 .bss.mainCAN   0x0000000020000034        0x4 ./Core/Src/TeR_CAN.o
                0x0000000020000034                mainCAN
 .bss.invTIM    0x0000000020000038        0x4 ./Core/Src/TeR_CAN.o
                0x0000000020000038                invTIM
 .bss.mainTIM   0x000000002000003c        0x4 ./Core/Src/TeR_CAN.o
                0x000000002000003c                mainTIM
 .bss.invIndex  0x0000000020000040        0x1 ./Core/Src/TeR_CAN.o
                0x0000000020000040                invIndex
 .bss.mainIndex
                0x0000000020000041        0x1 ./Core/Src/TeR_CAN.o
                0x0000000020000041                mainIndex
 *fill*         0x0000000020000042        0x2 
 .bss.TeR       0x0000000020000044       0xb0 ./Core/Src/TeR_CAN.o
                0x0000000020000044                TeR
 .bss.timestamps
                0x00000000200000f4        0x8 ./Core/Src/TeR_SCS.o
                0x00000000200000f4                timestamps
 .bss.lastFailSCS
                0x00000000200000fc        0x4 ./Core/Src/TeR_SCS.o
                0x00000000200000fc                lastFailSCS
 .bss.base      0x0000000020000100        0x4 ./Core/Src/TeR_SCS.o
                0x0000000020000100                base
 .bss.beat      0x0000000020000104        0x4 ./Core/Src/TeR_STATEMACHINE.o
                0x0000000020000104                beat
 .bss.SL        0x0000000020000108        0x4 ./Core/Src/TeR_STATEMACHINE.o
                0x0000000020000108                SL
 .bss.DriveConfig
                0x000000002000010c        0xc ./Core/Src/TeR_TRQMANAGER.o
                0x000000002000010c                DriveConfig
 .bss.hcan1     0x0000000020000118       0x64 ./Core/Src/can.o
                0x0000000020000118                hcan1
 .bss.hcan2     0x000000002000017c       0x64 ./Core/Src/can.o
                0x000000002000017c                hcan2
 .bss.HAL_RCC_CAN1_CLK_ENABLED
                0x00000000200001e0        0x4 ./Core/Src/can.o
 .bss.htim2     0x00000000200001e4       0xb4 ./Core/Src/tim.o
                0x00000000200001e4                htim2
 .bss.htim3     0x0000000020000298       0xb4 ./Core/Src/tim.o
                0x0000000020000298                htim3
 .bss.htim4     0x000000002000034c       0xb4 ./Core/Src/tim.o
                0x000000002000034c                htim4
 .bss.htim5     0x0000000020000400       0xb4 ./Core/Src/tim.o
                0x0000000020000400                htim5
 .bss.uwTick    0x00000000200004b4        0x4 ./Drivers/STM32F4xx_HAL_Driver/Src/stm32f4xx_hal.o
                0x00000000200004b4                uwTick
 *(COMMON)
                0x00000000200004b8                . = ALIGN (0x4)
                0x00000000200004b8                _ebss = .
                0x00000000200004b8                __bss_end__ = _ebss

._user_heap_stack
                0x00000000200004b8      0x600 load address 0x0000000008008fb8
                0x00000000200004b8                . = ALIGN (0x8)
                [!provide]                        PROVIDE (end = .)
                0x00000000200004b8                PROVIDE (_end = .)
                0x00000000200006b8                . = (. + _Min_Heap_Size)
 *fill*         0x00000000200004b8      0x200 
                0x0000000020000ab8                . = (. + _Min_Stack_Size)
 *fill*         0x00000000200006b8      0x400 
                0x0000000020000ab8                . = ALIGN (0x8)

/DISCARD/
 libc.a(*)
 libm.a(*)
 libgcc.a(*)

.ARM.attributes
                0x0000000000000000       0x30
 *(.ARM.attributes)
 .ARM.attributes
                0x0000000000000000       0x1e C:/ST/STM32CubeIDE_1.13.2/STM32CubeIDE/plugins/com.st.stm32cube.ide.mcu.externaltools.gnu-tools-for-stm32.11.3.rel1.win32_1.1.100.202309141235/tools/bin/../lib/gcc/arm-none-eabi/11.3.1/thumb/v7e-m+fp/hard/crti.o
 .ARM.attributes
                0x000000000000001e       0x34 C:/ST/STM32CubeIDE_1.13.2/STM32CubeIDE/plugins/com.st.stm32cube.ide.mcu.externaltools.gnu-tools-for-stm32.11.3.rel1.win32_1.1.100.202309141235/tools/bin/../lib/gcc/arm-none-eabi/11.3.1/thumb/v7e-m+fp/hard/crtbegin.o
 .ARM.attributes
                0x0000000000000052       0x34 ./Core/Src/TeR_CAN.o
 .ARM.attributes
                0x0000000000000086       0x34 ./Core/Src/TeR_COMMAND.o
 .ARM.attributes
                0x00000000000000ba       0x34 ./Core/Src/TeR_SCS.o
 .ARM.attributes
                0x00000000000000ee       0x34 ./Core/Src/TeR_STATEMACHINE.o
 .ARM.attributes
                0x0000000000000122       0x34 ./Core/Src/TeR_TRQMANAGER.o
 .ARM.attributes
                0x0000000000000156       0x34 ./Core/Src/TeR_UTILS.o
 .ARM.attributes
                0x000000000000018a       0x34 ./Core/Src/can.o
 .ARM.attributes
                0x00000000000001be       0x34 ./Core/Src/gpio.o
 .ARM.attributes
                0x00000000000001f2       0x34 ./Core/Src/main.o
 .ARM.attributes
                0x0000000000000226       0x34 ./Core/Src/stm32f4xx_hal_msp.o
 .ARM.attributes
                0x000000000000025a       0x34 ./Core/Src/stm32f4xx_it.o
 .ARM.attributes
                0x000000000000028e       0x34 ./Core/Src/system_stm32f4xx.o
 .ARM.attributes
                0x00000000000002c2       0x34 ./Core/Src/tim.o
 .ARM.attributes
                0x00000000000002f6       0x21 ./Core/Startup/startup_stm32f446retx.o
 .ARM.attributes
                0x0000000000000317       0x34 ./Drivers/STM32F4xx_HAL_Driver/Src/stm32f4xx_hal.o
 .ARM.attributes
                0x000000000000034b       0x34 ./Drivers/STM32F4xx_HAL_Driver/Src/stm32f4xx_hal_can.o
 .ARM.attributes
                0x000000000000037f       0x34 ./Drivers/STM32F4xx_HAL_Driver/Src/stm32f4xx_hal_cortex.o
 .ARM.attributes
                0x00000000000003b3       0x34 ./Drivers/STM32F4xx_HAL_Driver/Src/stm32f4xx_hal_gpio.o
 .ARM.attributes
                0x00000000000003e7       0x34 ./Drivers/STM32F4xx_HAL_Driver/Src/stm32f4xx_hal_rcc.o
 .ARM.attributes
                0x000000000000041b       0x34 ./Drivers/STM32F4xx_HAL_Driver/Src/stm32f4xx_hal_rcc_ex.o
 .ARM.attributes
                0x000000000000044f       0x34 ./Drivers/STM32F4xx_HAL_Driver/Src/stm32f4xx_hal_tim.o
 .ARM.attributes
                0x0000000000000483       0x34 ./Drivers/STM32F4xx_HAL_Driver/Src/stm32f4xx_hal_tim_ex.o
 .ARM.attributes
                0x00000000000004b7       0x34 ./TER_DATABASES/hvbms.o
 .ARM.attributes
                0x00000000000004eb       0x34 ./TER_DATABASES/inverter.o
 .ARM.attributes
                0x000000000000051f       0x34 ./TER_DATABASES/ter.o
 .ARM.attributes
                0x0000000000000553       0x34 C:/ST/STM32CubeIDE_1.13.2/STM32CubeIDE/plugins/com.st.stm32cube.ide.mcu.externaltools.gnu-tools-for-stm32.11.3.rel1.win32_1.1.100.202309141235/tools/bin/../lib/gcc/arm-none-eabi/11.3.1/../../../../arm-none-eabi/lib/thumb/v7e-m+fp/hard\libc_nano.a(libc_a-memset.o)
 .ARM.attributes
                0x0000000000000587       0x34 C:/ST/STM32CubeIDE_1.13.2/STM32CubeIDE/plugins/com.st.stm32cube.ide.mcu.externaltools.gnu-tools-for-stm32.11.3.rel1.win32_1.1.100.202309141235/tools/bin/../lib/gcc/arm-none-eabi/11.3.1/../../../../arm-none-eabi/lib/thumb/v7e-m+fp/hard\libc_nano.a(libc_a-init.o)
 .ARM.attributes
                0x00000000000005bb       0x1e C:/ST/STM32CubeIDE_1.13.2/STM32CubeIDE/plugins/com.st.stm32cube.ide.mcu.externaltools.gnu-tools-for-stm32.11.3.rel1.win32_1.1.100.202309141235/tools/bin/../lib/gcc/arm-none-eabi/11.3.1/thumb/v7e-m+fp/hard\libgcc.a(_arm_addsubdf3.o)
 .ARM.attributes
                0x00000000000005d9       0x1e C:/ST/STM32CubeIDE_1.13.2/STM32CubeIDE/plugins/com.st.stm32cube.ide.mcu.externaltools.gnu-tools-for-stm32.11.3.rel1.win32_1.1.100.202309141235/tools/bin/../lib/gcc/arm-none-eabi/11.3.1/thumb/v7e-m+fp/hard\libgcc.a(_arm_muldivdf3.o)
 .ARM.attributes
                0x00000000000005f7       0x1e C:/ST/STM32CubeIDE_1.13.2/STM32CubeIDE/plugins/com.st.stm32cube.ide.mcu.externaltools.gnu-tools-for-stm32.11.3.rel1.win32_1.1.100.202309141235/tools/bin/../lib/gcc/arm-none-eabi/11.3.1/thumb/v7e-m+fp/hard\libgcc.a(_arm_fixdfsi.o)
 .ARM.attributes
                0x0000000000000615       0x1e C:/ST/STM32CubeIDE_1.13.2/STM32CubeIDE/plugins/com.st.stm32cube.ide.mcu.externaltools.gnu-tools-for-stm32.11.3.rel1.win32_1.1.100.202309141235/tools/bin/../lib/gcc/arm-none-eabi/11.3.1/thumb/v7e-m+fp/hard\libgcc.a(_arm_fixunsdfsi.o)
 .ARM.attributes
                0x0000000000000633       0x1e C:/ST/STM32CubeIDE_1.13.2/STM32CubeIDE/plugins/com.st.stm32cube.ide.mcu.externaltools.gnu-tools-for-stm32.11.3.rel1.win32_1.1.100.202309141235/tools/bin/../lib/gcc/arm-none-eabi/11.3.1/thumb/v7e-m+fp/hard\libgcc.a(_aeabi_uldivmod.o)
 .ARM.attributes
                0x0000000000000651       0x34 C:/ST/STM32CubeIDE_1.13.2/STM32CubeIDE/plugins/com.st.stm32cube.ide.mcu.externaltools.gnu-tools-for-stm32.11.3.rel1.win32_1.1.100.202309141235/tools/bin/../lib/gcc/arm-none-eabi/11.3.1/thumb/v7e-m+fp/hard\libgcc.a(_udivmoddi4.o)
 .ARM.attributes
                0x0000000000000685       0x1e C:/ST/STM32CubeIDE_1.13.2/STM32CubeIDE/plugins/com.st.stm32cube.ide.mcu.externaltools.gnu-tools-for-stm32.11.3.rel1.win32_1.1.100.202309141235/tools/bin/../lib/gcc/arm-none-eabi/11.3.1/thumb/v7e-m+fp/hard\libgcc.a(_dvmd_tls.o)
 .ARM.attributes
                0x00000000000006a3       0x1e C:/ST/STM32CubeIDE_1.13.2/STM32CubeIDE/plugins/com.st.stm32cube.ide.mcu.externaltools.gnu-tools-for-stm32.11.3.rel1.win32_1.1.100.202309141235/tools/bin/../lib/gcc/arm-none-eabi/11.3.1/thumb/v7e-m+fp/hard/crtn.o
OUTPUT(TeR_ECU.elf elf32-littlearm)
LOAD linker stubs
LOAD C:/ST/STM32CubeIDE_1.13.2/STM32CubeIDE/plugins/com.st.stm32cube.ide.mcu.externaltools.gnu-tools-for-stm32.11.3.rel1.win32_1.1.100.202309141235/tools/bin/../lib/gcc/arm-none-eabi/11.3.1/../../../../arm-none-eabi/lib/thumb/v7e-m+fp/hard\libc.a
LOAD C:/ST/STM32CubeIDE_1.13.2/STM32CubeIDE/plugins/com.st.stm32cube.ide.mcu.externaltools.gnu-tools-for-stm32.11.3.rel1.win32_1.1.100.202309141235/tools/bin/../lib/gcc/arm-none-eabi/11.3.1/../../../../arm-none-eabi/lib/thumb/v7e-m+fp/hard\libm.a
LOAD C:/ST/STM32CubeIDE_1.13.2/STM32CubeIDE/plugins/com.st.stm32cube.ide.mcu.externaltools.gnu-tools-for-stm32.11.3.rel1.win32_1.1.100.202309141235/tools/bin/../lib/gcc/arm-none-eabi/11.3.1/thumb/v7e-m+fp/hard\libgcc.a

.comment        0x0000000000000000       0x43
 .comment       0x0000000000000000       0x43 C:/ST/STM32CubeIDE_1.13.2/STM32CubeIDE/plugins/com.st.stm32cube.ide.mcu.externaltools.gnu-tools-for-stm32.11.3.rel1.win32_1.1.100.202309141235/tools/bin/../lib/gcc/arm-none-eabi/11.3.1/thumb/v7e-m+fp/hard/crtbegin.o
                                         0x44 (size before relaxing)
 .comment       0x0000000000000043       0x44 ./Core/Src/TeR_CAN.o
 .comment       0x0000000000000043       0x44 ./Core/Src/TeR_COMMAND.o
 .comment       0x0000000000000043       0x44 ./Core/Src/TeR_SCS.o
 .comment       0x0000000000000043       0x44 ./Core/Src/TeR_STATEMACHINE.o
 .comment       0x0000000000000043       0x44 ./Core/Src/TeR_TRQMANAGER.o
 .comment       0x0000000000000043       0x44 ./Core/Src/TeR_UTILS.o
 .comment       0x0000000000000043       0x44 ./Core/Src/can.o
 .comment       0x0000000000000043       0x44 ./Core/Src/gpio.o
 .comment       0x0000000000000043       0x44 ./Core/Src/main.o
 .comment       0x0000000000000043       0x44 ./Core/Src/stm32f4xx_hal_msp.o
 .comment       0x0000000000000043       0x44 ./Core/Src/stm32f4xx_it.o
 .comment       0x0000000000000043       0x44 ./Core/Src/system_stm32f4xx.o
 .comment       0x0000000000000043       0x44 ./Core/Src/tim.o
 .comment       0x0000000000000043       0x44 ./Drivers/STM32F4xx_HAL_Driver/Src/stm32f4xx_hal.o
 .comment       0x0000000000000043       0x44 ./Drivers/STM32F4xx_HAL_Driver/Src/stm32f4xx_hal_can.o
 .comment       0x0000000000000043       0x44 ./Drivers/STM32F4xx_HAL_Driver/Src/stm32f4xx_hal_cortex.o
 .comment       0x0000000000000043       0x44 ./Drivers/STM32F4xx_HAL_Driver/Src/stm32f4xx_hal_gpio.o
 .comment       0x0000000000000043       0x44 ./Drivers/STM32F4xx_HAL_Driver/Src/stm32f4xx_hal_rcc.o
 .comment       0x0000000000000043       0x44 ./Drivers/STM32F4xx_HAL_Driver/Src/stm32f4xx_hal_rcc_ex.o
 .comment       0x0000000000000043       0x44 ./Drivers/STM32F4xx_HAL_Driver/Src/stm32f4xx_hal_tim.o
 .comment       0x0000000000000043       0x44 ./Drivers/STM32F4xx_HAL_Driver/Src/stm32f4xx_hal_tim_ex.o
 .comment       0x0000000000000043       0x44 ./TER_DATABASES/hvbms.o
 .comment       0x0000000000000043       0x44 ./TER_DATABASES/inverter.o
 .comment       0x0000000000000043       0x44 ./TER_DATABASES/ter.o

.debug_info     0x0000000000000000    0x36478
 .debug_info    0x0000000000000000     0x21ee ./Core/Src/TeR_CAN.o
 .debug_info    0x00000000000021ee     0x174f ./Core/Src/TeR_COMMAND.o
 .debug_info    0x000000000000393d     0x139d ./Core/Src/TeR_SCS.o
 .debug_info    0x0000000000004cda     0x1737 ./Core/Src/TeR_STATEMACHINE.o
 .debug_info    0x0000000000006411      0xc6b ./Core/Src/TeR_TRQMANAGER.o
 .debug_info    0x000000000000707c      0x190 ./Core/Src/TeR_UTILS.o
 .debug_info    0x000000000000720c      0xc6f ./Core/Src/can.o
 .debug_info    0x0000000000007e7b      0x41d ./Core/Src/gpio.o
 .debug_info    0x0000000000008298     0x120e ./Core/Src/main.o
 .debug_info    0x00000000000094a6      0x299 ./Core/Src/stm32f4xx_hal_msp.o
 .debug_info    0x000000000000973f      0xd86 ./Core/Src/stm32f4xx_it.o
 .debug_info    0x000000000000a4c5      0x54a ./Core/Src/system_stm32f4xx.o
 .debug_info    0x000000000000aa0f      0xf05 ./Core/Src/tim.o
 .debug_info    0x000000000000b914       0x23 ./Core/Startup/startup_stm32f446retx.o
 .debug_info    0x000000000000b937      0x99e ./Drivers/STM32F4xx_HAL_Driver/Src/stm32f4xx_hal.o
 .debug_info    0x000000000000c2d5     0x10f6 ./Drivers/STM32F4xx_HAL_Driver/Src/stm32f4xx_hal_can.o
 .debug_info    0x000000000000d3cb      0xd64 ./Drivers/STM32F4xx_HAL_Driver/Src/stm32f4xx_hal_cortex.o
 .debug_info    0x000000000000e12f      0x70b ./Drivers/STM32F4xx_HAL_Driver/Src/stm32f4xx_hal_gpio.o
 .debug_info    0x000000000000e83a      0x8ed ./Drivers/STM32F4xx_HAL_Driver/Src/stm32f4xx_hal_rcc.o
 .debug_info    0x000000000000f127      0x956 ./Drivers/STM32F4xx_HAL_Driver/Src/stm32f4xx_hal_rcc_ex.o
 .debug_info    0x000000000000fa7d     0x2cb0 ./Drivers/STM32F4xx_HAL_Driver/Src/stm32f4xx_hal_tim.o
 .debug_info    0x000000000001272d     0x1631 ./Drivers/STM32F4xx_HAL_Driver/Src/stm32f4xx_hal_tim_ex.o
 .debug_info    0x0000000000013d5e    0x176f6 ./TER_DATABASES/hvbms.o
 .debug_info    0x000000000002b454     0x5033 ./TER_DATABASES/inverter.o
 .debug_info    0x0000000000030487     0x5ff1 ./TER_DATABASES/ter.o

.debug_abbrev   0x0000000000000000     0x3061
 .debug_abbrev  0x0000000000000000      0x25b ./Core/Src/TeR_CAN.o
 .debug_abbrev  0x000000000000025b      0x26d ./Core/Src/TeR_COMMAND.o
 .debug_abbrev  0x00000000000004c8      0x23d ./Core/Src/TeR_SCS.o
 .debug_abbrev  0x0000000000000705      0x2a0 ./Core/Src/TeR_STATEMACHINE.o
 .debug_abbrev  0x00000000000009a5      0x1c8 ./Core/Src/TeR_TRQMANAGER.o
 .debug_abbrev  0x0000000000000b6d       0xc8 ./Core/Src/TeR_UTILS.o
 .debug_abbrev  0x0000000000000c35      0x23f ./Core/Src/can.o
 .debug_abbrev  0x0000000000000e74      0x152 ./Core/Src/gpio.o
 .debug_abbrev  0x0000000000000fc6      0x27d ./Core/Src/main.o
 .debug_abbrev  0x0000000000001243       0xd8 ./Core/Src/stm32f4xx_hal_msp.o
 .debug_abbrev  0x000000000000131b      0x205 ./Core/Src/stm32f4xx_it.o
 .debug_abbrev  0x0000000000001520      0x11a ./Core/Src/system_stm32f4xx.o
 .debug_abbrev  0x000000000000163a      0x211 ./Core/Src/tim.o
 .debug_abbrev  0x000000000000184b       0x12 ./Core/Startup/startup_stm32f446retx.o
 .debug_abbrev  0x000000000000185d      0x213 ./Drivers/STM32F4xx_HAL_Driver/Src/stm32f4xx_hal.o
 .debug_abbrev  0x0000000000001a70      0x24c ./Drivers/STM32F4xx_HAL_Driver/Src/stm32f4xx_hal_can.o
 .debug_abbrev  0x0000000000001cbc      0x327 ./Drivers/STM32F4xx_HAL_Driver/Src/stm32f4xx_hal_cortex.o
 .debug_abbrev  0x0000000000001fe3      0x1d4 ./Drivers/STM32F4xx_HAL_Driver/Src/stm32f4xx_hal_gpio.o
 .debug_abbrev  0x00000000000021b7      0x2b6 ./Drivers/STM32F4xx_HAL_Driver/Src/stm32f4xx_hal_rcc.o
 .debug_abbrev  0x000000000000246d      0x20a ./Drivers/STM32F4xx_HAL_Driver/Src/stm32f4xx_hal_rcc_ex.o
 .debug_abbrev  0x0000000000002677      0x299 ./Drivers/STM32F4xx_HAL_Driver/Src/stm32f4xx_hal_tim.o
 .debug_abbrev  0x0000000000002910      0x28d ./Drivers/STM32F4xx_HAL_Driver/Src/stm32f4xx_hal_tim_ex.o
 .debug_abbrev  0x0000000000002b9d      0x16e ./TER_DATABASES/hvbms.o
 .debug_abbrev  0x0000000000002d0b      0x1a2 ./TER_DATABASES/inverter.o
 .debug_abbrev  0x0000000000002ead      0x1b4 ./TER_DATABASES/ter.o

.debug_aranges  0x0000000000000000     0x6530
 .debug_aranges
                0x0000000000000000       0x40 ./Core/Src/TeR_CAN.o
 .debug_aranges
                0x0000000000000040       0x30 ./Core/Src/TeR_COMMAND.o
 .debug_aranges
                0x0000000000000070       0x40 ./Core/Src/TeR_SCS.o
 .debug_aranges
                0x00000000000000b0       0x60 ./Core/Src/TeR_STATEMACHINE.o
 .debug_aranges
                0x0000000000000110       0x50 ./Core/Src/TeR_TRQMANAGER.o
 .debug_aranges
                0x0000000000000160       0x28 ./Core/Src/TeR_UTILS.o
 .debug_aranges
                0x0000000000000188       0x38 ./Core/Src/can.o
 .debug_aranges
                0x00000000000001c0       0x20 ./Core/Src/gpio.o
 .debug_aranges
                0x00000000000001e0       0x30 ./Core/Src/main.o
 .debug_aranges
                0x0000000000000210       0x20 ./Core/Src/stm32f4xx_hal_msp.o
 .debug_aranges
                0x0000000000000230       0x88 ./Core/Src/stm32f4xx_it.o
 .debug_aranges
                0x00000000000002b8       0x28 ./Core/Src/system_stm32f4xx.o
 .debug_aranges
                0x00000000000002e0       0x48 ./Core/Src/tim.o
 .debug_aranges
                0x0000000000000328       0x28 ./Core/Startup/startup_stm32f446retx.o
 .debug_aranges
                0x0000000000000350       0xf0 ./Drivers/STM32F4xx_HAL_Driver/Src/stm32f4xx_hal.o
 .debug_aranges
                0x0000000000000440      0x148 ./Drivers/STM32F4xx_HAL_Driver/Src/stm32f4xx_hal_can.o
 .debug_aranges
                0x0000000000000588      0x118 ./Drivers/STM32F4xx_HAL_Driver/Src/stm32f4xx_hal_cortex.o
 .debug_aranges
                0x00000000000006a0       0x58 ./Drivers/STM32F4xx_HAL_Driver/Src/stm32f4xx_hal_gpio.o
 .debug_aranges
                0x00000000000006f8       0x88 ./Drivers/STM32F4xx_HAL_Driver/Src/stm32f4xx_hal_rcc.o
 .debug_aranges
                0x0000000000000780       0x78 ./Drivers/STM32F4xx_HAL_Driver/Src/stm32f4xx_hal_rcc_ex.o
 .debug_aranges
                0x00000000000007f8      0x3e8 ./Drivers/STM32F4xx_HAL_Driver/Src/stm32f4xx_hal_tim.o
 .debug_aranges
                0x0000000000000be0      0x168 ./Drivers/STM32F4xx_HAL_Driver/Src/stm32f4xx_hal_tim_ex.o
 .debug_aranges
                0x0000000000000d48     0x3e48 ./TER_DATABASES/hvbms.o
 .debug_aranges
                0x0000000000004b90      0xb58 ./TER_DATABASES/inverter.o
 .debug_aranges
                0x00000000000056e8      0xe48 ./TER_DATABASES/ter.o

.debug_rnglists
                0x0000000000000000     0x4c9a
 .debug_rnglists
                0x0000000000000000       0x2f ./Core/Src/TeR_CAN.o
 .debug_rnglists
                0x000000000000002f       0x20 ./Core/Src/TeR_COMMAND.o
 .debug_rnglists
                0x000000000000004f       0x2b ./Core/Src/TeR_SCS.o
 .debug_rnglists
                0x000000000000007a       0x46 ./Core/Src/TeR_STATEMACHINE.o
 .debug_rnglists
                0x00000000000000c0       0x38 ./Core/Src/TeR_TRQMANAGER.o
 .debug_rnglists
                0x00000000000000f8       0x19 ./Core/Src/TeR_UTILS.o
 .debug_rnglists
                0x0000000000000111       0x27 ./Core/Src/can.o
 .debug_rnglists
                0x0000000000000138       0x14 ./Core/Src/gpio.o
 .debug_rnglists
                0x000000000000014c       0x20 ./Core/Src/main.o
 .debug_rnglists
                0x000000000000016c       0x13 ./Core/Src/stm32f4xx_hal_msp.o
 .debug_rnglists
                0x000000000000017f       0x61 ./Core/Src/stm32f4xx_it.o
 .debug_rnglists
                0x00000000000001e0       0x1a ./Core/Src/system_stm32f4xx.o
 .debug_rnglists
                0x00000000000001fa       0x37 ./Core/Src/tim.o
 .debug_rnglists
                0x0000000000000231       0x19 ./Core/Startup/startup_stm32f446retx.o
 .debug_rnglists
                0x000000000000024a       0xaf ./Drivers/STM32F4xx_HAL_Driver/Src/stm32f4xx_hal.o
 .debug_rnglists
                0x00000000000002f9       0xfc ./Drivers/STM32F4xx_HAL_Driver/Src/stm32f4xx_hal_can.o
 .debug_rnglists
                0x00000000000003f5       0xce ./Drivers/STM32F4xx_HAL_Driver/Src/stm32f4xx_hal_cortex.o
 .debug_rnglists
                0x00000000000004c3       0x3f ./Drivers/STM32F4xx_HAL_Driver/Src/stm32f4xx_hal_gpio.o
 .debug_rnglists
                0x0000000000000502       0x66 ./Drivers/STM32F4xx_HAL_Driver/Src/stm32f4xx_hal_rcc.o
 .debug_rnglists
                0x0000000000000568       0x5e ./Drivers/STM32F4xx_HAL_Driver/Src/stm32f4xx_hal_rcc_ex.o
 .debug_rnglists
                0x00000000000005c6      0x32f ./Drivers/STM32F4xx_HAL_Driver/Src/stm32f4xx_hal_tim.o
 .debug_rnglists
                0x00000000000008f5      0x125 ./Drivers/STM32F4xx_HAL_Driver/Src/stm32f4xx_hal_tim_ex.o
 .debug_rnglists
                0x0000000000000a1a     0x2ef4 ./TER_DATABASES/hvbms.o
 .debug_rnglists
                0x000000000000390e      0x8ab ./TER_DATABASES/inverter.o
 .debug_rnglists
                0x00000000000041b9      0xae1 ./TER_DATABASES/ter.o

.debug_macro    0x0000000000000000    0x276b0
 .debug_macro   0x0000000000000000      0x384 ./Core/Src/TeR_CAN.o
 .debug_macro   0x0000000000000384      0xaa8 ./Core/Src/TeR_CAN.o
 .debug_macro   0x0000000000000e2c      0x29b ./Core/Src/TeR_CAN.o
 .debug_macro   0x00000000000010c7       0x2e ./Core/Src/TeR_CAN.o
 .debug_macro   0x00000000000010f5       0x28 ./Core/Src/TeR_CAN.o
 .debug_macro   0x000000000000111d       0x22 ./Core/Src/TeR_CAN.o
 .debug_macro   0x000000000000113f       0x8e ./Core/Src/TeR_CAN.o
 .debug_macro   0x00000000000011cd       0x51 ./Core/Src/TeR_CAN.o
 .debug_macro   0x000000000000121e      0x103 ./Core/Src/TeR_CAN.o
 .debug_macro   0x0000000000001321       0x6a ./Core/Src/TeR_CAN.o
 .debug_macro   0x000000000000138b      0x1df ./Core/Src/TeR_CAN.o
 .debug_macro   0x000000000000156a       0x1c ./Core/Src/TeR_CAN.o
 .debug_macro   0x0000000000001586       0x22 ./Core/Src/TeR_CAN.o
 .debug_macro   0x00000000000015a8       0xd9 ./Core/Src/TeR_CAN.o
 .debug_macro   0x0000000000001681     0x102d ./Core/Src/TeR_CAN.o
 .debug_macro   0x00000000000026ae      0x11f ./Core/Src/TeR_CAN.o
 .debug_macro   0x00000000000027cd    0x16749 ./Core/Src/TeR_CAN.o
 .debug_macro   0x0000000000018f16       0x6d ./Core/Src/TeR_CAN.o
 .debug_macro   0x0000000000018f83     0x367e ./Core/Src/TeR_CAN.o
 .debug_macro   0x000000000001c601      0x174 ./Core/Src/TeR_CAN.o
 .debug_macro   0x000000000001c775       0x5c ./Core/Src/TeR_CAN.o
 .debug_macro   0x000000000001c7d1      0xc90 ./Core/Src/TeR_CAN.o
 .debug_macro   0x000000000001d461      0x9fe ./Core/Src/TeR_CAN.o
 .debug_macro   0x000000000001de5f      0x115 ./Core/Src/TeR_CAN.o
 .debug_macro   0x000000000001df74      0x1a0 ./Core/Src/TeR_CAN.o
 .debug_macro   0x000000000001e114       0xa5 ./Core/Src/TeR_CAN.o
 .debug_macro   0x000000000001e1b9      0x16d ./Core/Src/TeR_CAN.o
 .debug_macro   0x000000000001e326      0x287 ./Core/Src/TeR_CAN.o
 .debug_macro   0x000000000001e5ad       0x5f ./Core/Src/TeR_CAN.o
 .debug_macro   0x000000000001e60c      0x236 ./Core/Src/TeR_CAN.o
 .debug_macro   0x000000000001e842      0x416 ./Core/Src/TeR_CAN.o
 .debug_macro   0x000000000001ec58      0x132 ./Core/Src/TeR_CAN.o
 .debug_macro   0x000000000001ed8a      0x29c ./Core/Src/TeR_CAN.o
 .debug_macro   0x000000000001f026       0x2e ./Core/Src/TeR_CAN.o
 .debug_macro   0x000000000001f054      0x11a ./Core/Src/TeR_CAN.o
 .debug_macro   0x000000000001f16e       0xe8 ./Core/Src/TeR_CAN.o
 .debug_macro   0x000000000001f256       0x89 ./Core/Src/TeR_CAN.o
 .debug_macro   0x000000000001f2df      0x8e6 ./Core/Src/TeR_CAN.o
 .debug_macro   0x000000000001fbc5       0x4d ./Core/Src/TeR_CAN.o
 .debug_macro   0x000000000001fc12      0x126 ./Core/Src/TeR_CAN.o
 .debug_macro   0x000000000001fd38       0x22 ./Core/Src/TeR_CAN.o
 .debug_macro   0x000000000001fd5a      0x72d ./Core/Src/TeR_CAN.o
 .debug_macro   0x0000000000020487      0x559 ./Core/Src/TeR_CAN.o
 .debug_macro   0x00000000000209e0     0x1589 ./Core/Src/TeR_CAN.o
 .debug_macro   0x0000000000021f69       0x61 ./Core/Src/TeR_CAN.o
 .debug_macro   0x0000000000021fca       0x2a ./Core/Src/TeR_CAN.o
 .debug_macro   0x0000000000021ff4       0x43 ./Core/Src/TeR_CAN.o
 .debug_macro   0x0000000000022037       0x34 ./Core/Src/TeR_CAN.o
 .debug_macro   0x000000000002206b       0x16 ./Core/Src/TeR_CAN.o
 .debug_macro   0x0000000000022081       0x43 ./Core/Src/TeR_CAN.o
 .debug_macro   0x00000000000220c4       0x34 ./Core/Src/TeR_CAN.o
 .debug_macro   0x00000000000220f8       0x10 ./Core/Src/TeR_CAN.o
 .debug_macro   0x0000000000022108       0x58 ./Core/Src/TeR_CAN.o
 .debug_macro   0x0000000000022160       0x8e ./Core/Src/TeR_CAN.o
 .debug_macro   0x00000000000221ee       0x1c ./Core/Src/TeR_CAN.o
 .debug_macro   0x000000000002220a      0x177 ./Core/Src/TeR_CAN.o
 .debug_macro   0x0000000000022381      0x369 ./Core/Src/TeR_CAN.o
 .debug_macro   0x00000000000226ea       0x10 ./Core/Src/TeR_CAN.o
 .debug_macro   0x00000000000226fa       0x35 ./Core/Src/TeR_CAN.o
 .debug_macro   0x000000000002272f       0x20 ./Core/Src/TeR_CAN.o
 .debug_macro   0x000000000002274f       0x10 ./Core/Src/TeR_CAN.o
 .debug_macro   0x000000000002275f       0x16 ./Core/Src/TeR_CAN.o
 .debug_macro   0x0000000000022775       0x16 ./Core/Src/TeR_CAN.o
 .debug_macro   0x000000000002278b       0x29 ./Core/Src/TeR_CAN.o
 .debug_macro   0x00000000000227b4       0x3a ./Core/Src/TeR_CAN.o
 .debug_macro   0x00000000000227ee       0x10 ./Core/Src/TeR_CAN.o
 .debug_macro   0x00000000000227fe       0x28 ./Core/Src/TeR_CAN.o
 .debug_macro   0x0000000000022826      0x388 ./Core/Src/TeR_COMMAND.o
 .debug_macro   0x0000000000022bae      0x382 ./Core/Src/TeR_SCS.o
 .debug_macro   0x0000000000022f30       0x5b ./Core/Src/TeR_SCS.o
 .debug_macro   0x0000000000022f8b       0x94 ./Core/Src/TeR_SCS.o
 .debug_macro   0x000000000002301f       0x57 ./Core/Src/TeR_SCS.o
 .debug_macro   0x0000000000023076       0x56 ./Core/Src/TeR_SCS.o
 .debug_macro   0x00000000000230cc      0x384 ./Core/Src/TeR_STATEMACHINE.o
 .debug_macro   0x0000000000023450      0x388 ./Core/Src/TeR_TRQMANAGER.o
 .debug_macro   0x00000000000237d8      0x1d8 ./Core/Src/TeR_UTILS.o
 .debug_macro   0x00000000000239b0      0x1e7 ./Core/Src/can.o
 .debug_macro   0x0000000000023b97       0x34 ./Core/Src/can.o
 .debug_macro   0x0000000000023bcb      0x1e7 ./Core/Src/gpio.o
 .debug_macro   0x0000000000023db2      0x3b0 ./Core/Src/main.o
 .debug_macro   0x0000000000024162      0x1dd ./Core/Src/stm32f4xx_hal_msp.o
 .debug_macro   0x000000000002433f      0x1e7 ./Core/Src/stm32f4xx_it.o
 .debug_macro   0x0000000000024526      0x1ce ./Core/Src/system_stm32f4xx.o
 .debug_macro   0x00000000000246f4      0x1e7 ./Core/Src/tim.o
 .debug_macro   0x00000000000248db      0x22e ./Drivers/STM32F4xx_HAL_Driver/Src/stm32f4xx_hal.o
 .debug_macro   0x0000000000024b09      0x1d6 ./Drivers/STM32F4xx_HAL_Driver/Src/stm32f4xx_hal_can.o
 .debug_macro   0x0000000000024cdf      0x1ce ./Drivers/STM32F4xx_HAL_Driver/Src/stm32f4xx_hal_cortex.o
 .debug_macro   0x0000000000024ead      0x1d4 ./Drivers/STM32F4xx_HAL_Driver/Src/stm32f4xx_hal_gpio.o
 .debug_macro   0x0000000000025081      0x1f2 ./Drivers/STM32F4xx_HAL_Driver/Src/stm32f4xx_hal_rcc.o
 .debug_macro   0x0000000000025273      0x1ce ./Drivers/STM32F4xx_HAL_Driver/Src/stm32f4xx_hal_rcc_ex.o
 .debug_macro   0x0000000000025441      0x1cf ./Drivers/STM32F4xx_HAL_Driver/Src/stm32f4xx_hal_tim.o
 .debug_macro   0x0000000000025610      0x1ce ./Drivers/STM32F4xx_HAL_Driver/Src/stm32f4xx_hal_tim_ex.o
 .debug_macro   0x00000000000257de      0x14c ./TER_DATABASES/hvbms.o
 .debug_macro   0x000000000002592a     0x158f ./TER_DATABASES/hvbms.o
 .debug_macro   0x0000000000026eb9      0x14c ./TER_DATABASES/inverter.o
 .debug_macro   0x0000000000027005      0x55f ./TER_DATABASES/inverter.o
 .debug_macro   0x0000000000027564      0x14c ./TER_DATABASES/ter.o

.debug_line     0x0000000000000000    0x2d110
 .debug_line    0x0000000000000000      0xbbe ./Core/Src/TeR_CAN.o
 .debug_line    0x0000000000000bbe      0xb55 ./Core/Src/TeR_COMMAND.o
 .debug_line    0x0000000000001713      0xaa5 ./Core/Src/TeR_SCS.o
 .debug_line    0x00000000000021b8      0xc04 ./Core/Src/TeR_STATEMACHINE.o
 .debug_line    0x0000000000002dbc      0xadb ./Core/Src/TeR_TRQMANAGER.o
 .debug_line    0x0000000000003897      0x7a0 ./Core/Src/TeR_UTILS.o
 .debug_line    0x0000000000004037      0x861 ./Core/Src/can.o
 .debug_line    0x0000000000004898      0x766 ./Core/Src/gpio.o
 .debug_line    0x0000000000004ffe      0xa76 ./Core/Src/main.o
 .debug_line    0x0000000000005a74      0x74e ./Core/Src/stm32f4xx_hal_msp.o
 .debug_line    0x00000000000061c2      0x888 ./Core/Src/stm32f4xx_it.o
 .debug_line    0x0000000000006a4a      0x7cf ./Core/Src/system_stm32f4xx.o
 .debug_line    0x0000000000007219      0x914 ./Core/Src/tim.o
 .debug_line    0x0000000000007b2d       0x7a ./Core/Startup/startup_stm32f446retx.o
 .debug_line    0x0000000000007ba7      0xa35 ./Drivers/STM32F4xx_HAL_Driver/Src/stm32f4xx_hal.o
 .debug_line    0x00000000000085dc     0x1366 ./Drivers/STM32F4xx_HAL_Driver/Src/stm32f4xx_hal_can.o
 .debug_line    0x0000000000009942      0xce4 ./Drivers/STM32F4xx_HAL_Driver/Src/stm32f4xx_hal_cortex.o
 .debug_line    0x000000000000a626      0xb95 ./Drivers/STM32F4xx_HAL_Driver/Src/stm32f4xx_hal_gpio.o
 .debug_line    0x000000000000b1bb      0xdba ./Drivers/STM32F4xx_HAL_Driver/Src/stm32f4xx_hal_rcc.o
 .debug_line    0x000000000000bf75     0x1453 ./Drivers/STM32F4xx_HAL_Driver/Src/stm32f4xx_hal_rcc_ex.o
 .debug_line    0x000000000000d3c8     0x3adc ./Drivers/STM32F4xx_HAL_Driver/Src/stm32f4xx_hal_tim.o
 .debug_line    0x0000000000010ea4     0x1a53 ./Drivers/STM32F4xx_HAL_Driver/Src/stm32f4xx_hal_tim_ex.o
 .debug_line    0x00000000000128f7    0x12765 ./TER_DATABASES/hvbms.o
 .debug_line    0x000000000002505c     0x35e9 ./TER_DATABASES/inverter.o
 .debug_line    0x0000000000028645     0x4acb ./TER_DATABASES/ter.o

.debug_str      0x0000000000000000    0xf7b08
 .debug_str     0x0000000000000000    0xdb6f2 ./Core/Src/TeR_CAN.o
                                      0xdbd26 (size before relaxing)
 .debug_str     0x00000000000db6f2      0x758 ./Core/Src/TeR_COMMAND.o
                                      0xdb2ce (size before relaxing)
 .debug_str     0x00000000000dbe4a       0x83 ./Core/Src/TeR_SCS.o
                                      0xdaed7 (size before relaxing)
 .debug_str     0x00000000000dbecd      0x1b9 ./Core/Src/TeR_STATEMACHINE.o
                                      0xdb47c (size before relaxing)
 .debug_str     0x00000000000dc086       0x70 ./Core/Src/TeR_TRQMANAGER.o
                                      0xda740 (size before relaxing)
 .debug_str     0x00000000000dc0f6       0x50 ./Core/Src/TeR_UTILS.o
                                      0xc9783 (size before relaxing)
 .debug_str     0x00000000000dc146      0x214 ./Core/Src/can.o
                                      0xca35d (size before relaxing)
 .debug_str     0x00000000000dc35a       0x2c ./Core/Src/gpio.o
                                      0xc99af (size before relaxing)
 .debug_str     0x00000000000dc386      0x1fd ./Core/Src/main.o
                                      0xdada4 (size before relaxing)
 .debug_str     0x00000000000dc583       0x2c ./Core/Src/stm32f4xx_hal_msp.o
                                      0xc98e4 (size before relaxing)
 .debug_str     0x00000000000dc5af      0x147 ./Core/Src/stm32f4xx_it.o
                                      0xca442 (size before relaxing)
 .debug_str     0x00000000000dc6f6       0xdb ./Core/Src/system_stm32f4xx.o
                                      0xc98f0 (size before relaxing)
 .debug_str     0x00000000000dc7d1      0x13c ./Core/Src/tim.o
                                      0xca7b5 (size before relaxing)
 .debug_str     0x00000000000dc90d       0x34 ./Core/Startup/startup_stm32f446retx.o
                                         0x75 (size before relaxing)
 .debug_str     0x00000000000dc941      0x5dd ./Drivers/STM32F4xx_HAL_Driver/Src/stm32f4xx_hal.o
                                      0xca4b5 (size before relaxing)
 .debug_str     0x00000000000dcf1e      0x401 ./Drivers/STM32F4xx_HAL_Driver/Src/stm32f4xx_hal_can.o
                                      0xca323 (size before relaxing)
 .debug_str     0x00000000000dd31f      0x315 ./Drivers/STM32F4xx_HAL_Driver/Src/stm32f4xx_hal_cortex.o
                                      0xca1c3 (size before relaxing)
 .debug_str     0x00000000000dd634      0x10b ./Drivers/STM32F4xx_HAL_Driver/Src/stm32f4xx_hal_gpio.o
                                      0xc9a6b (size before relaxing)
 .debug_str     0x00000000000dd73f      0x233 ./Drivers/STM32F4xx_HAL_Driver/Src/stm32f4xx_hal_rcc.o
                                      0xc9d29 (size before relaxing)
 .debug_str     0x00000000000dd972      0x324 ./Drivers/STM32F4xx_HAL_Driver/Src/stm32f4xx_hal_rcc_ex.o
                                      0xc9d5c (size before relaxing)
 .debug_str     0x00000000000ddc96      0xe4d ./Drivers/STM32F4xx_HAL_Driver/Src/stm32f4xx_hal_tim.o
                                      0xcb2b8 (size before relaxing)
 .debug_str     0x00000000000deae3      0x436 ./Drivers/STM32F4xx_HAL_Driver/Src/stm32f4xx_hal_tim_ex.o
                                      0xca6bd (size before relaxing)
 .debug_str     0x00000000000def19    0x11b7c ./TER_DATABASES/hvbms.o
                                      0x212eb (size before relaxing)
 .debug_str     0x00000000000f0a95     0x4040 ./TER_DATABASES/inverter.o
                                       0xe59b (size before relaxing)
 .debug_str     0x00000000000f4ad5     0x3033 ./TER_DATABASES/ter.o
                                       0xcb3e (size before relaxing)

.debug_frame    0x0000000000000000    0x1e930
 .debug_frame   0x0000000000000000       0xc8 ./Core/Src/TeR_CAN.o
 .debug_frame   0x00000000000000c8       0x80 ./Core/Src/TeR_COMMAND.o
 .debug_frame   0x0000000000000148       0xb8 ./Core/Src/TeR_SCS.o
 .debug_frame   0x0000000000000200      0x140 ./Core/Src/TeR_STATEMACHINE.o
 .debug_frame   0x0000000000000340      0x108 ./Core/Src/TeR_TRQMANAGER.o
 .debug_frame   0x0000000000000448       0x5c ./Core/Src/TeR_UTILS.o
 .debug_frame   0x00000000000004a4       0x90 ./Core/Src/can.o
 .debug_frame   0x0000000000000534       0x34 ./Core/Src/gpio.o
 .debug_frame   0x0000000000000568       0x68 ./Core/Src/main.o
 .debug_frame   0x00000000000005d0       0x38 ./Core/Src/stm32f4xx_hal_msp.o
 .debug_frame   0x0000000000000608      0x190 ./Core/Src/stm32f4xx_it.o
 .debug_frame   0x0000000000000798       0x58 ./Core/Src/system_stm32f4xx.o
 .debug_frame   0x00000000000007f0       0xe8 ./Core/Src/tim.o
 .debug_frame   0x00000000000008d8      0x374 ./Drivers/STM32F4xx_HAL_Driver/Src/stm32f4xx_hal.o
 .debug_frame   0x0000000000000c4c      0x5f4 ./Drivers/STM32F4xx_HAL_Driver/Src/stm32f4xx_hal_can.o
 .debug_frame   0x0000000000001240      0x498 ./Drivers/STM32F4xx_HAL_Driver/Src/stm32f4xx_hal_cortex.o
 .debug_frame   0x00000000000016d8      0x14c ./Drivers/STM32F4xx_HAL_Driver/Src/stm32f4xx_hal_gpio.o
 .debug_frame   0x0000000000001824      0x1f4 ./Drivers/STM32F4xx_HAL_Driver/Src/stm32f4xx_hal_rcc.o
 .debug_frame   0x0000000000001a18      0x1e8 ./Drivers/STM32F4xx_HAL_Driver/Src/stm32f4xx_hal_rcc_ex.o
 .debug_frame   0x0000000000001c00     0x123c ./Drivers/STM32F4xx_HAL_Driver/Src/stm32f4xx_hal_tim.o
 .debug_frame   0x0000000000002e3c      0x638 ./Drivers/STM32F4xx_HAL_Driver/Src/stm32f4xx_hal_tim_ex.o
 .debug_frame   0x0000000000003474    0x13628 ./TER_DATABASES/hvbms.o
 .debug_frame   0x0000000000016a9c     0x36e8 ./TER_DATABASES/inverter.o
 .debug_frame   0x000000000001a184     0x45bc ./TER_DATABASES/ter.o
 .debug_frame   0x000000000001e740       0x20 C:/ST/STM32CubeIDE_1.13.2/STM32CubeIDE/plugins/com.st.stm32cube.ide.mcu.externaltools.gnu-tools-for-stm32.11.3.rel1.win32_1.1.100.202309141235/tools/bin/../lib/gcc/arm-none-eabi/11.3.1/../../../../arm-none-eabi/lib/thumb/v7e-m+fp/hard\libc_nano.a(libc_a-memset.o)
 .debug_frame   0x000000000001e760       0x2c C:/ST/STM32CubeIDE_1.13.2/STM32CubeIDE/plugins/com.st.stm32cube.ide.mcu.externaltools.gnu-tools-for-stm32.11.3.rel1.win32_1.1.100.202309141235/tools/bin/../lib/gcc/arm-none-eabi/11.3.1/../../../../arm-none-eabi/lib/thumb/v7e-m+fp/hard\libc_nano.a(libc_a-init.o)
 .debug_frame   0x000000000001e78c       0xac C:/ST/STM32CubeIDE_1.13.2/STM32CubeIDE/plugins/com.st.stm32cube.ide.mcu.externaltools.gnu-tools-for-stm32.11.3.rel1.win32_1.1.100.202309141235/tools/bin/../lib/gcc/arm-none-eabi/11.3.1/thumb/v7e-m+fp/hard\libgcc.a(_arm_addsubdf3.o)