../TER_DATABASES/inverter.c:115:5:inverter_emcu_status_1_pack	0	static
../TER_DATABASES/inverter.c:134:5:inverter_emcu_status_1_unpack	0	static
../TER_DATABASES/inverter.c:151:5:inverter_emcu_status_1_init	0	static
../TER_DATABASES/inverter.c:160:10:inverter_emcu_status_1_uptime_encode	0	static
../TER_DATABASES/inverter.c:165:7:inverter_emcu_status_1_uptime_decode	0	static
../TER_DATABASES/inverter.c:170:6:inverter_emcu_status_1_uptime_is_in_range	0	static
../TER_DATABASES/inverter.c:177:5:inverter_emcu_status_2_pack	0	static
../TER_DATABASES/inverter.c:195:5:inverter_emcu_status_2_unpack	0	static
../TER_DATABASES/inverter.c:211:5:inverter_emcu_status_2_init	0	static
../TER_DATABASES/inverter.c:220:9:inverter_emcu_status_2_pwr_stg_bit_state_encode	8	static
../TER_DATABASES/inverter.c:225:7:inverter_emcu_status_2_pwr_stg_bit_state_decode	0	static
../TER_DATABASES/inverter.c:230:6:inverter_emcu_status_2_pwr_stg_bit_state_is_in_range	0	static
../TER_DATABASES/inverter.c:237:9:inverter_emcu_status_2_em_ctrl_foc_bit_state_encode	8	static
../TER_DATABASES/inverter.c:242:7:inverter_emcu_status_2_em_ctrl_foc_bit_state_decode	0	static
../TER_DATABASES/inverter.c:247:6:inverter_emcu_status_2_em_ctrl_foc_bit_state_is_in_range	0	static
../TER_DATABASES/inverter.c:254:9:inverter_emcu_status_2_app_state_app_encode	8	static
../TER_DATABASES/inverter.c:259:7:inverter_emcu_status_2_app_state_app_decode	0	static
../TER_DATABASES/inverter.c:264:6:inverter_emcu_status_2_app_state_app_is_in_range	0	static
../TER_DATABASES/inverter.c:271:5:inverter_emcu_status_3_pack	0	static
../TER_DATABASES/inverter.c:297:5:inverter_emcu_status_3_unpack	0	static
../TER_DATABASES/inverter.c:321:5:inverter_emcu_status_3_init	0	static
../TER_DATABASES/inverter.c:330:9:inverter_emcu_status_3_current_d_encode	0	static
../TER_DATABASES/inverter.c:335:7:inverter_emcu_status_3_current_d_decode	0	static
../TER_DATABASES/inverter.c:340:6:inverter_emcu_status_3_current_d_is_in_range	0	static
../TER_DATABASES/inverter.c:347:9:inverter_emcu_status_3_current_q_encode	0	static
../TER_DATABASES/inverter.c:352:7:inverter_emcu_status_3_current_q_decode	0	static
../TER_DATABASES/inverter.c:357:6:inverter_emcu_status_3_current_q_is_in_range	0	static
../TER_DATABASES/inverter.c:364:10:inverter_emcu_status_3_volt_modulus_encode	0	static
../TER_DATABASES/inverter.c:369:7:inverter_emcu_status_3_volt_modulus_decode	0	static
../TER_DATABASES/inverter.c:374:6:inverter_emcu_status_3_volt_modulus_is_in_range	0	static
../TER_DATABASES/inverter.c:379:5:inverter_emcu_status_4_pack	0	static
../TER_DATABASES/inverter.c:407:5:inverter_emcu_status_4_unpack	0	static
../TER_DATABASES/inverter.c:433:5:inverter_emcu_status_4_init	0	static
../TER_DATABASES/inverter.c:442:8:inverter_emcu_status_4_pwr_stg_temp_encode	8	static
../TER_DATABASES/inverter.c:447:7:inverter_emcu_status_4_pwr_stg_temp_decode	0	static
../TER_DATABASES/inverter.c:452:6:inverter_emcu_status_4_pwr_stg_temp_is_in_range	0	static
../TER_DATABASES/inverter.c:459:8:inverter_emcu_status_4_dp_temp_encode	8	static
../TER_DATABASES/inverter.c:464:7:inverter_emcu_status_4_dp_temp_decode	0	static
../TER_DATABASES/inverter.c:469:6:inverter_emcu_status_4_dp_temp_is_in_range	0	static
../TER_DATABASES/inverter.c:476:8:inverter_emcu_status_4_e_machine_temp_1_encode	8	static
../TER_DATABASES/inverter.c:481:7:inverter_emcu_status_4_e_machine_temp_1_decode	0	static
../TER_DATABASES/inverter.c:486:6:inverter_emcu_status_4_e_machine_temp_1_is_in_range	0	static
../TER_DATABASES/inverter.c:493:8:inverter_emcu_status_4_e_machine_temp_2_encode	8	static
../TER_DATABASES/inverter.c:498:7:inverter_emcu_status_4_e_machine_temp_2_decode	0	static
../TER_DATABASES/inverter.c:503:6:inverter_emcu_status_4_e_machine_temp_2_is_in_range	0	static
../TER_DATABASES/inverter.c:510:5:inverter_emcu_status_5_pack	0	static
../TER_DATABASES/inverter.c:529:5:inverter_emcu_status_5_unpack	0	static
../TER_DATABASES/inverter.c:546:5:inverter_emcu_status_5_init	0	static
../TER_DATABASES/inverter.c:555:9:inverter_emcu_status_5_cmd_src_app_encode	8	static
../TER_DATABASES/inverter.c:560:7:inverter_emcu_status_5_cmd_src_app_decode	0	static
../TER_DATABASES/inverter.c:565:6:inverter_emcu_status_5_cmd_src_app_is_in_range	0	static
../TER_DATABASES/inverter.c:570:9:inverter_emcu_status_5_ctrl_type_app_encode	8	static
../TER_DATABASES/inverter.c:575:7:inverter_emcu_status_5_ctrl_type_app_decode	0	static
../TER_DATABASES/inverter.c:580:6:inverter_emcu_status_5_ctrl_type_app_is_in_range	0	static
../TER_DATABASES/inverter.c:585:9:inverter_emcu_status_5_ctrl_mode_app_encode	8	static
../TER_DATABASES/inverter.c:590:7:inverter_emcu_status_5_ctrl_mode_app_decode	0	static
../TER_DATABASES/inverter.c:595:6:inverter_emcu_status_5_ctrl_mode_app_is_in_range	0	static
../TER_DATABASES/inverter.c:600:9:inverter_emcu_status_5_pos_fb_src_app_encode	8	static
../TER_DATABASES/inverter.c:605:7:inverter_emcu_status_5_pos_fb_src_app_decode	0	static
../TER_DATABASES/inverter.c:610:6:inverter_emcu_status_5_pos_fb_src_app_is_in_range	0	static
../TER_DATABASES/inverter.c:615:5:inverter_emcu_status_6_pack	0	static
../TER_DATABASES/inverter.c:632:5:inverter_emcu_status_6_unpack	0	static
../TER_DATABASES/inverter.c:647:5:inverter_emcu_status_6_init	0	static
../TER_DATABASES/inverter.c:656:10:inverter_emcu_status_6_dem_encode	0	static
../TER_DATABASES/inverter.c:661:7:inverter_emcu_status_6_dem_decode	0	static
../TER_DATABASES/inverter.c:666:6:inverter_emcu_status_6_dem_is_in_range	0	static
../TER_DATABASES/inverter.c:673:5:inverter_emcu_setpoint_1_pack	0	static
../TER_DATABASES/inverter.c:689:5:inverter_emcu_setpoint_1_unpack	0	static
../TER_DATABASES/inverter.c:703:5:inverter_emcu_setpoint_1_init	0	static
../TER_DATABASES/inverter.c:712:9:inverter_emcu_setpoint_1_app_state_req_encode	8	static
../TER_DATABASES/inverter.c:717:7:inverter_emcu_setpoint_1_app_state_req_decode	0	static
../TER_DATABASES/inverter.c:722:6:inverter_emcu_setpoint_1_app_state_req_is_in_range	0	static
../TER_DATABASES/inverter.c:729:5:inverter_emcu_setpoint_2_pack	0	static
../TER_DATABASES/inverter.c:753:5:inverter_emcu_setpoint_2_unpack	0	static
../TER_DATABASES/inverter.c:775:5:inverter_emcu_setpoint_2_init	0	static
../TER_DATABASES/inverter.c:784:9:inverter_emcu_setpoint_2_current_d_req_encode	0	static
../TER_DATABASES/inverter.c:789:7:inverter_emcu_setpoint_2_current_d_req_decode	0	static
../TER_DATABASES/inverter.c:794:6:inverter_emcu_setpoint_2_current_d_req_is_in_range	0	static
../TER_DATABASES/inverter.c:801:9:inverter_emcu_setpoint_2_current_q_req_encode	0	static
../TER_DATABASES/inverter.c:806:7:inverter_emcu_setpoint_2_current_q_req_decode	0	static
../TER_DATABASES/inverter.c:811:6:inverter_emcu_setpoint_2_current_q_req_is_in_range	0	static
../TER_DATABASES/inverter.c:818:5:inverter_emcu_setpoint_3_pack	0	static
../TER_DATABASES/inverter.c:838:5:inverter_emcu_setpoint_3_unpack	0	static
../TER_DATABASES/inverter.c:856:5:inverter_emcu_setpoint_3_init	0	static
../TER_DATABASES/inverter.c:865:9:inverter_emcu_setpoint_3_torque_req_encode	0	static
../TER_DATABASES/inverter.c:870:7:inverter_emcu_setpoint_3_torque_req_decode	0	static
../TER_DATABASES/inverter.c:875:6:inverter_emcu_setpoint_3_torque_req_is_in_range	0	static
