../TER_DATABASES/ter.c:115:5:ter_rr_temp_pack	0	static
../TER_DATABASES/ter.c:147:5:ter_rr_temp_unpack	0	static
../TER_DATABASES/ter.c:177:5:ter_rr_temp_init	0	static
../TER_DATABASES/ter.c:186:9:ter_rr_temp_tw1_encode	0	static
../TER_DATABASES/ter.c:191:7:ter_rr_temp_tw1_decode	0	static
../TER_DATABASES/ter.c:196:6:ter_rr_temp_tw1_is_in_range	0	static
../TER_DATABASES/ter.c:203:9:ter_rr_temp_tw2_encode	0	static
../TER_DATABASES/ter.c:208:7:ter_rr_temp_tw2_decode	0	static
../TER_DATABASES/ter.c:213:6:ter_rr_temp_tw2_is_in_range	0	static
../TER_DATABASES/ter.c:220:9:ter_rr_temp_tw3_encode	0	static
../TER_DATABASES/ter.c:225:7:ter_rr_temp_tw3_decode	0	static
../TER_DATABASES/ter.c:230:6:ter_rr_temp_tw3_is_in_range	0	static
../TER_DATABASES/ter.c:237:9:ter_rr_temp_tw4_encode	0	static
../TER_DATABASES/ter.c:242:7:ter_rr_temp_tw4_decode	0	static
../TER_DATABASES/ter.c:247:6:ter_rr_temp_tw4_is_in_range	0	static
../TER_DATABASES/ter.c:254:5:ter_rl_temp_pack	0	static
../TER_DATABASES/ter.c:286:5:ter_rl_temp_unpack	0	static
../TER_DATABASES/ter.c:316:5:ter_rl_temp_init	0	static
../TER_DATABASES/ter.c:325:9:ter_rl_temp_tw1_encode	0	static
../TER_DATABASES/ter.c:330:7:ter_rl_temp_tw1_decode	0	static
../TER_DATABASES/ter.c:335:6:ter_rl_temp_tw1_is_in_range	0	static
../TER_DATABASES/ter.c:342:9:ter_rl_temp_tw2_encode	0	static
../TER_DATABASES/ter.c:347:7:ter_rl_temp_tw2_decode	0	static
../TER_DATABASES/ter.c:352:6:ter_rl_temp_tw2_is_in_range	0	static
../TER_DATABASES/ter.c:359:9:ter_rl_temp_tw3_encode	0	static
../TER_DATABASES/ter.c:364:7:ter_rl_temp_tw3_decode	0	static
../TER_DATABASES/ter.c:369:6:ter_rl_temp_tw3_is_in_range	0	static
../TER_DATABASES/ter.c:376:9:ter_rl_temp_tw4_encode	0	static
../TER_DATABASES/ter.c:381:7:ter_rl_temp_tw4_decode	0	static
../TER_DATABASES/ter.c:386:6:ter_rl_temp_tw4_is_in_range	0	static
../TER_DATABASES/ter.c:393:5:ter_fr_temp_pack	0	static
../TER_DATABASES/ter.c:425:5:ter_fr_temp_unpack	0	static
../TER_DATABASES/ter.c:455:5:ter_fr_temp_init	0	static
../TER_DATABASES/ter.c:464:9:ter_fr_temp_tw1_encode	0	static
../TER_DATABASES/ter.c:469:7:ter_fr_temp_tw1_decode	0	static
../TER_DATABASES/ter.c:474:6:ter_fr_temp_tw1_is_in_range	0	static
../TER_DATABASES/ter.c:481:9:ter_fr_temp_tw2_encode	0	static
../TER_DATABASES/ter.c:486:7:ter_fr_temp_tw2_decode	0	static
../TER_DATABASES/ter.c:491:6:ter_fr_temp_tw2_is_in_range	0	static
../TER_DATABASES/ter.c:498:9:ter_fr_temp_tw3_encode	0	static
../TER_DATABASES/ter.c:503:7:ter_fr_temp_tw3_decode	0	static
../TER_DATABASES/ter.c:508:6:ter_fr_temp_tw3_is_in_range	0	static
../TER_DATABASES/ter.c:515:9:ter_fr_temp_tw4_encode	0	static
../TER_DATABASES/ter.c:520:7:ter_fr_temp_tw4_decode	0	static
../TER_DATABASES/ter.c:525:6:ter_fr_temp_tw4_is_in_range	0	static
../TER_DATABASES/ter.c:532:5:ter_fl_temp_pack	0	static
../TER_DATABASES/ter.c:564:5:ter_fl_temp_unpack	0	static
../TER_DATABASES/ter.c:594:5:ter_fl_temp_init	0	static
../TER_DATABASES/ter.c:603:9:ter_fl_temp_tw1_encode	0	static
../TER_DATABASES/ter.c:608:7:ter_fl_temp_tw1_decode	0	static
../TER_DATABASES/ter.c:613:6:ter_fl_temp_tw1_is_in_range	0	static
../TER_DATABASES/ter.c:620:9:ter_fl_temp_tw2_encode	0	static
../TER_DATABASES/ter.c:625:7:ter_fl_temp_tw2_decode	0	static
../TER_DATABASES/ter.c:630:6:ter_fl_temp_tw2_is_in_range	0	static
../TER_DATABASES/ter.c:637:9:ter_fl_temp_tw3_encode	0	static
../TER_DATABASES/ter.c:642:7:ter_fl_temp_tw3_decode	0	static
../TER_DATABASES/ter.c:647:6:ter_fl_temp_tw3_is_in_range	0	static
../TER_DATABASES/ter.c:654:9:ter_fl_temp_tw4_encode	0	static
../TER_DATABASES/ter.c:659:7:ter_fl_temp_tw4_decode	0	static
../TER_DATABASES/ter.c:664:6:ter_fl_temp_tw4_is_in_range	0	static
../TER_DATABASES/ter.c:671:5:ter_buttons_bit_map_pack	0	static
../TER_DATABASES/ter.c:694:5:ter_buttons_bit_map_unpack	0	static
../TER_DATABASES/ter.c:715:5:ter_buttons_bit_map_init	0	static
../TER_DATABASES/ter.c:724:9:ter_buttons_bit_map_ld_encode	8	static
../TER_DATABASES/ter.c:729:7:ter_buttons_bit_map_ld_decode	0	static
../TER_DATABASES/ter.c:734:6:ter_buttons_bit_map_ld_is_in_range	0	static
../TER_DATABASES/ter.c:739:9:ter_buttons_bit_map_li_encode	8	static
../TER_DATABASES/ter.c:744:7:ter_buttons_bit_map_li_decode	0	static
../TER_DATABASES/ter.c:749:6:ter_buttons_bit_map_li_is_in_range	0	static
../TER_DATABASES/ter.c:754:9:ter_buttons_bit_map_r1_encode	8	static
../TER_DATABASES/ter.c:759:7:ter_buttons_bit_map_r1_decode	0	static
../TER_DATABASES/ter.c:764:6:ter_buttons_bit_map_r1_is_in_range	0	static
../TER_DATABASES/ter.c:769:9:ter_buttons_bit_map_r2_encode	8	static
../TER_DATABASES/ter.c:774:7:ter_buttons_bit_map_r2_decode	0	static
../TER_DATABASES/ter.c:779:6:ter_buttons_bit_map_r2_is_in_range	0	static
../TER_DATABASES/ter.c:784:9:ter_buttons_bit_map_r3_encode	8	static
../TER_DATABASES/ter.c:789:7:ter_buttons_bit_map_r3_decode	0	static
../TER_DATABASES/ter.c:794:6:ter_buttons_bit_map_r3_is_in_range	0	static
../TER_DATABASES/ter.c:799:9:ter_buttons_bit_map_r4_encode	8	static
../TER_DATABASES/ter.c:804:7:ter_buttons_bit_map_r4_decode	0	static
../TER_DATABASES/ter.c:809:6:ter_buttons_bit_map_r4_is_in_range	0	static
../TER_DATABASES/ter.c:814:9:ter_buttons_bit_map_r5_encode	8	static
../TER_DATABASES/ter.c:819:7:ter_buttons_bit_map_r5_decode	0	static
../TER_DATABASES/ter.c:824:6:ter_buttons_bit_map_r5_is_in_range	0	static
../TER_DATABASES/ter.c:829:9:ter_buttons_bit_map_r6_encode	8	static
../TER_DATABASES/ter.c:834:7:ter_buttons_bit_map_r6_decode	0	static
../TER_DATABASES/ter.c:839:6:ter_buttons_bit_map_r6_is_in_range	0	static
../TER_DATABASES/ter.c:844:5:ter_apps_pack	0	static
../TER_DATABASES/ter.c:863:5:ter_apps_unpack	0	static
../TER_DATABASES/ter.c:880:5:ter_apps_init	0	static
../TER_DATABASES/ter.c:889:9:ter_apps_apps_1_encode	8	static
../TER_DATABASES/ter.c:894:7:ter_apps_apps_1_decode	0	static
../TER_DATABASES/ter.c:899:6:ter_apps_apps_1_is_in_range	0	static
../TER_DATABASES/ter.c:906:9:ter_apps_apps_2_encode	8	static
../TER_DATABASES/ter.c:911:7:ter_apps_apps_2_decode	0	static
../TER_DATABASES/ter.c:916:6:ter_apps_apps_2_is_in_range	0	static
../TER_DATABASES/ter.c:923:9:ter_apps_apps_av_encode	8	static
../TER_DATABASES/ter.c:928:7:ter_apps_apps_av_decode	0	static
../TER_DATABASES/ter.c:933:6:ter_apps_apps_av_is_in_range	0	static
../TER_DATABASES/ter.c:940:9:ter_apps_imp_flag_encode	8	static
../TER_DATABASES/ter.c:945:7:ter_apps_imp_flag_decode	0	static
../TER_DATABASES/ter.c:950:6:ter_apps_imp_flag_is_in_range	0	static
../TER_DATABASES/ter.c:957:5:ter_command_pack	0	static
../TER_DATABASES/ter.c:1035:5:ter_command_unpack	0	static
../TER_DATABASES/ter.c:1111:5:ter_command_init	0	static
../TER_DATABASES/ter.c:1120:9:ter_command_cmd_encode	8	static
../TER_DATABASES/ter.c:1125:7:ter_command_cmd_decode	0	static
../TER_DATABASES/ter.c:1130:6:ter_command_cmd_is_in_range	0	static
../TER_DATABASES/ter.c:1135:9:ter_command_kw_limit_encode	8	static
../TER_DATABASES/ter.c:1140:7:ter_command_kw_limit_decode	0	static
../TER_DATABASES/ter.c:1145:6:ter_command_kw_limit_is_in_range	0	static
../TER_DATABASES/ter.c:1150:9:ter_command_cfg_limiter_encode	8	static
../TER_DATABASES/ter.c:1155:7:ter_command_cfg_limiter_decode	0	static
../TER_DATABASES/ter.c:1160:6:ter_command_cfg_limiter_is_in_range	0	static
../TER_DATABASES/ter.c:1165:9:ter_command_onoff_encode	8	static
../TER_DATABASES/ter.c:1170:7:ter_command_onoff_decode	0	static
../TER_DATABASES/ter.c:1175:6:ter_command_onoff_is_in_range	0	static
../TER_DATABASES/ter.c:1180:10:ter_command_value_encode	0	static
../TER_DATABASES/ter.c:1185:7:ter_command_value_decode	0	static
../TER_DATABASES/ter.c:1190:6:ter_command_value_is_in_range	0	static
../TER_DATABASES/ter.c:1195:9:ter_command_trq_limit_encode	8	static
../TER_DATABASES/ter.c:1200:7:ter_command_trq_limit_decode	0	static
../TER_DATABASES/ter.c:1205:6:ter_command_trq_limit_is_in_range	0	static
../TER_DATABASES/ter.c:1210:9:ter_command_cfg_mode_encode	8	static
../TER_DATABASES/ter.c:1215:7:ter_command_cfg_mode_decode	0	static
../TER_DATABASES/ter.c:1220:6:ter_command_cfg_mode_is_in_range	0	static
../TER_DATABASES/ter.c:1225:9:ter_command_speed_limit_encode	8	static
../TER_DATABASES/ter.c:1230:7:ter_command_speed_limit_decode	0	static
../TER_DATABASES/ter.c:1235:6:ter_command_speed_limit_is_in_range	0	static
../TER_DATABASES/ter.c:1240:9:ter_command_cfg_traction_control_encode	8	static
../TER_DATABASES/ter.c:1245:7:ter_command_cfg_traction_control_decode	0	static
../TER_DATABASES/ter.c:1250:6:ter_command_cfg_traction_control_is_in_range	0	static
../TER_DATABASES/ter.c:1255:5:ter_bpps_pack	0	static
../TER_DATABASES/ter.c:1271:5:ter_bpps_unpack	0	static
../TER_DATABASES/ter.c:1285:5:ter_bpps_init	0	static
../TER_DATABASES/ter.c:1294:9:ter_bpps_bpps_encode	8	static
../TER_DATABASES/ter.c:1299:7:ter_bpps_bpps_decode	0	static
../TER_DATABASES/ter.c:1304:6:ter_bpps_bpps_is_in_range	0	static
../TER_DATABASES/ter.c:1309:5:ter_steer_pack	0	static
../TER_DATABASES/ter.c:1329:5:ter_steer_unpack	0	static
../TER_DATABASES/ter.c:1347:5:ter_steer_init	0	static
../TER_DATABASES/ter.c:1356:9:ter_steer_angle_encode	0	static
../TER_DATABASES/ter.c:1361:7:ter_steer_angle_decode	0	static
../TER_DATABASES/ter.c:1366:6:ter_steer_angle_is_in_range	0	static
../TER_DATABASES/ter.c:1371:5:ter_front_rpm_pack	0	static
../TER_DATABASES/ter.c:1390:5:ter_front_rpm_unpack	0	static
../TER_DATABASES/ter.c:1407:5:ter_front_rpm_init	0	static
../TER_DATABASES/ter.c:1416:10:ter_front_rpm_rpm_l_encode	0	static
../TER_DATABASES/ter.c:1421:7:ter_front_rpm_rpm_l_decode	0	static
../TER_DATABASES/ter.c:1426:6:ter_front_rpm_rpm_l_is_in_range	0	static
../TER_DATABASES/ter.c:1431:10:ter_front_rpm_rpm_r_encode	0	static
../TER_DATABASES/ter.c:1436:7:ter_front_rpm_rpm_r_decode	0	static
../TER_DATABASES/ter.c:1441:6:ter_front_rpm_rpm_r_is_in_range	0	static
../TER_DATABASES/ter.c:1446:5:ter_front_v_pack	0	static
../TER_DATABASES/ter.c:1467:5:ter_front_v_unpack	0	static
../TER_DATABASES/ter.c:1486:5:ter_front_v_init	0	static
../TER_DATABASES/ter.c:1495:10:ter_front_v_vx_l_encode	0	static
../TER_DATABASES/ter.c:1500:7:ter_front_v_vx_l_decode	0	static
../TER_DATABASES/ter.c:1505:6:ter_front_v_vx_l_is_in_range	0	static
../TER_DATABASES/ter.c:1510:10:ter_front_v_vx_r_encode	0	static
../TER_DATABASES/ter.c:1515:7:ter_front_v_vx_r_decode	0	static
../TER_DATABASES/ter.c:1520:6:ter_front_v_vx_r_is_in_range	0	static
../TER_DATABASES/ter.c:1525:10:ter_front_v_vx_av_encode	0	static
../TER_DATABASES/ter.c:1530:7:ter_front_v_vx_av_decode	0	static
../TER_DATABASES/ter.c:1535:6:ter_front_v_vx_av_is_in_range	0	static
../TER_DATABASES/ter.c:1540:5:ter_ypr_pack	0	static
../TER_DATABASES/ter.c:1571:5:ter_ypr_unpack	0	static
../TER_DATABASES/ter.c:1615:5:ter_ypr_init	0	static
../TER_DATABASES/ter.c:1624:9:ter_ypr_pitch_encode	0	static
../TER_DATABASES/ter.c:1629:7:ter_ypr_pitch_decode	0	static
../TER_DATABASES/ter.c:1634:6:ter_ypr_pitch_is_in_range	0	static
../TER_DATABASES/ter.c:1639:9:ter_ypr_roll_encode	0	static
../TER_DATABASES/ter.c:1644:7:ter_ypr_roll_decode	0	static
../TER_DATABASES/ter.c:1649:6:ter_ypr_roll_is_in_range	0	static
../TER_DATABASES/ter.c:1654:9:ter_ypr_yaw_encode	0	static
../TER_DATABASES/ter.c:1659:7:ter_ypr_yaw_decode	0	static
../TER_DATABASES/ter.c:1664:6:ter_ypr_yaw_is_in_range	0	static
../TER_DATABASES/ter.c:1669:5:ter_lv_voltages_pack	0	static
../TER_DATABASES/ter.c:1696:5:ter_lv_voltages_unpack	0	static
../TER_DATABASES/ter.c:1721:5:ter_lv_voltages_init	0	static
../TER_DATABASES/ter.c:1730:10:ter_lv_voltages_v1_encode	0	static
../TER_DATABASES/ter.c:1735:7:ter_lv_voltages_v1_decode	0	static
../TER_DATABASES/ter.c:1740:6:ter_lv_voltages_v1_is_in_range	0	static
../TER_DATABASES/ter.c:1745:10:ter_lv_voltages_v2_encode	0	static
../TER_DATABASES/ter.c:1750:7:ter_lv_voltages_v2_decode	0	static
../TER_DATABASES/ter.c:1755:6:ter_lv_voltages_v2_is_in_range	0	static
../TER_DATABASES/ter.c:1760:10:ter_lv_voltages_v3_encode	0	static
../TER_DATABASES/ter.c:1765:7:ter_lv_voltages_v3_decode	0	static
../TER_DATABASES/ter.c:1770:6:ter_lv_voltages_v3_is_in_range	0	static
../TER_DATABASES/ter.c:1775:10:ter_lv_voltages_v4_encode	0	static
../TER_DATABASES/ter.c:1780:7:ter_lv_voltages_v4_decode	0	static
../TER_DATABASES/ter.c:1785:6:ter_lv_voltages_v4_is_in_range	0	static
../TER_DATABASES/ter.c:1790:10:ter_lv_voltages_v5_encode	0	static
../TER_DATABASES/ter.c:1795:7:ter_lv_voltages_v5_decode	0	static
../TER_DATABASES/ter.c:1800:6:ter_lv_voltages_v5_is_in_range	0	static
../TER_DATABASES/ter.c:1805:10:ter_lv_voltages_v6_encode	0	static
../TER_DATABASES/ter.c:1810:7:ter_lv_voltages_v6_decode	0	static
../TER_DATABASES/ter.c:1815:6:ter_lv_voltages_v6_is_in_range	0	static
../TER_DATABASES/ter.c:1820:5:ter_lv_temps_pack	0	static
../TER_DATABASES/ter.c:1841:5:ter_lv_temps_unpack	0	static
../TER_DATABASES/ter.c:1860:5:ter_lv_temps_init	0	static
../TER_DATABASES/ter.c:1869:10:ter_lv_temps_t1_encode	0	static
../TER_DATABASES/ter.c:1874:7:ter_lv_temps_t1_decode	0	static
../TER_DATABASES/ter.c:1879:6:ter_lv_temps_t1_is_in_range	0	static
../TER_DATABASES/ter.c:1884:10:ter_lv_temps_t2_encode	0	static
../TER_DATABASES/ter.c:1889:7:ter_lv_temps_t2_decode	0	static
../TER_DATABASES/ter.c:1894:6:ter_lv_temps_t2_is_in_range	0	static
../TER_DATABASES/ter.c:1899:10:ter_lv_temps_t3_encode	0	static
../TER_DATABASES/ter.c:1904:7:ter_lv_temps_t3_decode	0	static
../TER_DATABASES/ter.c:1909:6:ter_lv_temps_t3_is_in_range	0	static
../TER_DATABASES/ter.c:1914:5:ter_lv_status_pack	0	static
../TER_DATABASES/ter.c:1946:5:ter_lv_status_unpack	0	static
../TER_DATABASES/ter.c:1976:5:ter_lv_status_init	8	static
../TER_DATABASES/ter.c:1985:9:ter_lv_status_status_encode	8	static
../TER_DATABASES/ter.c:1990:7:ter_lv_status_status_decode	0	static
../TER_DATABASES/ter.c:1995:6:ter_lv_status_status_is_in_range	0	static
../TER_DATABASES/ter.c:2000:9:ter_lv_status_voltages_ok_encode	8	static
../TER_DATABASES/ter.c:2005:7:ter_lv_status_voltages_ok_decode	0	static
../TER_DATABASES/ter.c:2010:6:ter_lv_status_voltages_ok_is_in_range	0	static
../TER_DATABASES/ter.c:2015:9:ter_lv_status_temps_ok_encode	8	static
../TER_DATABASES/ter.c:2020:7:ter_lv_status_temps_ok_decode	0	static
../TER_DATABASES/ter.c:2025:6:ter_lv_status_temps_ok_is_in_range	0	static
../TER_DATABASES/ter.c:2030:9:ter_lv_status_current_ok_encode	8	static
../TER_DATABASES/ter.c:2035:7:ter_lv_status_current_ok_decode	0	static
../TER_DATABASES/ter.c:2040:6:ter_lv_status_current_ok_is_in_range	0	static
../TER_DATABASES/ter.c:2045:9:ter_lv_status_refri_on_encode	8	static
../TER_DATABASES/ter.c:2050:7:ter_lv_status_refri_on_decode	0	static
../TER_DATABASES/ter.c:2055:6:ter_lv_status_refri_on_is_in_range	0	static
../TER_DATABASES/ter.c:2060:9:ter_lv_status_lv_on_encode	8	static
../TER_DATABASES/ter.c:2065:7:ter_lv_status_lv_on_decode	0	static
../TER_DATABASES/ter.c:2070:6:ter_lv_status_lv_on_is_in_range	0	static
../TER_DATABASES/ter.c:2075:10:ter_lv_status_current_encode	0	static
../TER_DATABASES/ter.c:2080:7:ter_lv_status_current_decode	0	static
../TER_DATABASES/ter.c:2085:6:ter_lv_status_current_is_in_range	0	static
../TER_DATABASES/ter.c:2090:10:ter_lv_status_v_max_encode	0	static
../TER_DATABASES/ter.c:2095:7:ter_lv_status_v_max_decode	0	static
../TER_DATABASES/ter.c:2100:6:ter_lv_status_v_max_is_in_range	0	static
../TER_DATABASES/ter.c:2105:10:ter_lv_status_v_mean_encode	0	static
../TER_DATABASES/ter.c:2110:7:ter_lv_status_v_mean_decode	0	static
../TER_DATABASES/ter.c:2115:6:ter_lv_status_v_mean_is_in_range	0	static
../TER_DATABASES/ter.c:2120:10:ter_lv_status_v_min_encode	0	static
../TER_DATABASES/ter.c:2125:7:ter_lv_status_v_min_decode	0	static
../TER_DATABASES/ter.c:2130:6:ter_lv_status_v_min_is_in_range	0	static
../TER_DATABASES/ter.c:2135:10:ter_lv_status_v_tot_encode	0	static
../TER_DATABASES/ter.c:2140:7:ter_lv_status_v_tot_decode	0	static
../TER_DATABASES/ter.c:2145:6:ter_lv_status_v_tot_is_in_range	0	static
../TER_DATABASES/ter.c:2150:5:ter_ang_rate_pack	0	static
../TER_DATABASES/ter.c:2181:5:ter_ang_rate_unpack	0	static
../TER_DATABASES/ter.c:2225:5:ter_ang_rate_init	0	static
../TER_DATABASES/ter.c:2234:9:ter_ang_rate_roll_rate_x_encode	0	static
../TER_DATABASES/ter.c:2239:7:ter_ang_rate_roll_rate_x_decode	0	static
../TER_DATABASES/ter.c:2244:6:ter_ang_rate_roll_rate_x_is_in_range	0	static
../TER_DATABASES/ter.c:2249:9:ter_ang_rate_pitch_rate_y_encode	0	static
../TER_DATABASES/ter.c:2254:7:ter_ang_rate_pitch_rate_y_decode	0	static
../TER_DATABASES/ter.c:2259:6:ter_ang_rate_pitch_rate_y_is_in_range	0	static
../TER_DATABASES/ter.c:2264:9:ter_ang_rate_yaw_rate_z_encode	0	static
../TER_DATABASES/ter.c:2269:7:ter_ang_rate_yaw_rate_z_decode	0	static
../TER_DATABASES/ter.c:2274:6:ter_ang_rate_yaw_rate_z_is_in_range	0	static
../TER_DATABASES/ter.c:2279:5:ter_gps_lat_long_pack	0	static
../TER_DATABASES/ter.c:2307:5:ter_gps_lat_long_unpack	0	static
../TER_DATABASES/ter.c:2333:5:ter_gps_lat_long_init	0	static
../TER_DATABASES/ter.c:2342:9:ter_gps_lat_long_latitude_encode	0	static
../TER_DATABASES/ter.c:2347:7:ter_gps_lat_long_latitude_decode	0	static
../TER_DATABASES/ter.c:2352:6:ter_gps_lat_long_latitude_is_in_range	0	static
../TER_DATABASES/ter.c:2357:9:ter_gps_lat_long_longitude_encode	0	static
../TER_DATABASES/ter.c:2362:7:ter_gps_lat_long_longitude_decode	0	static
../TER_DATABASES/ter.c:2367:6:ter_gps_lat_long_longitude_is_in_range	0	static
../TER_DATABASES/ter.c:2372:5:ter_gps_altitude_pres_pack	0	static
../TER_DATABASES/ter.c:2398:5:ter_gps_altitude_pres_unpack	0	static
../TER_DATABASES/ter.c:2422:5:ter_gps_altitude_pres_init	0	static
../TER_DATABASES/ter.c:2431:9:ter_gps_altitude_pres_altidude_encode	0	static
../TER_DATABASES/ter.c:2436:7:ter_gps_altitude_pres_altidude_decode	0	static
../TER_DATABASES/ter.c:2441:6:ter_gps_altitude_pres_altidude_is_in_range	0	static
../TER_DATABASES/ter.c:2446:9:ter_gps_altitude_pres_barometric_pressure_encode	0	static
../TER_DATABASES/ter.c:2451:7:ter_gps_altitude_pres_barometric_pressure_decode	0	static
../TER_DATABASES/ter.c:2456:6:ter_gps_altitude_pres_barometric_pressure_is_in_range	0	static
../TER_DATABASES/ter.c:2461:5:ter_accel_pack	0	static
../TER_DATABASES/ter.c:2489:5:ter_accel_unpack	0	static
../TER_DATABASES/ter.c:2515:5:ter_accel_init	0	static
../TER_DATABASES/ter.c:2524:9:ter_accel_a_x_encode	0	static
../TER_DATABASES/ter.c:2529:7:ter_accel_a_x_decode	0	static
../TER_DATABASES/ter.c:2534:6:ter_accel_a_x_is_in_range	0	static
../TER_DATABASES/ter.c:2539:9:ter_accel_a_y_encode	0	static
../TER_DATABASES/ter.c:2544:7:ter_accel_a_y_decode	0	static
../TER_DATABASES/ter.c:2549:6:ter_accel_a_y_is_in_range	0	static
../TER_DATABASES/ter.c:2554:9:ter_accel_a_z_encode	0	static
../TER_DATABASES/ter.c:2559:7:ter_accel_a_z_decode	0	static
../TER_DATABASES/ter.c:2564:6:ter_accel_a_z_is_in_range	0	static
../TER_DATABASES/ter.c:2569:5:ter_mag_pack	0	static
../TER_DATABASES/ter.c:2589:5:ter_mag_unpack	0	static
../TER_DATABASES/ter.c:2607:5:ter_mag_init	0	static
../TER_DATABASES/ter.c:2616:9:ter_mag_heading_encode	0	static
../TER_DATABASES/ter.c:2621:7:ter_mag_heading_decode	0	static
../TER_DATABASES/ter.c:2626:6:ter_mag_heading_is_in_range	0	static
../TER_DATABASES/ter.c:2631:5:ter_vel_body_pack	0	static
../TER_DATABASES/ter.c:2659:5:ter_vel_body_unpack	0	static
../TER_DATABASES/ter.c:2685:5:ter_vel_body_init	0	static
../TER_DATABASES/ter.c:2694:9:ter_vel_body_v_x_encode	0	static
../TER_DATABASES/ter.c:2699:7:ter_vel_body_v_x_decode	0	static
../TER_DATABASES/ter.c:2704:6:ter_vel_body_v_x_is_in_range	0	static
../TER_DATABASES/ter.c:2709:9:ter_vel_body_v_y_encode	0	static
../TER_DATABASES/ter.c:2714:7:ter_vel_body_v_y_decode	0	static
../TER_DATABASES/ter.c:2719:6:ter_vel_body_v_y_is_in_range	0	static
../TER_DATABASES/ter.c:2724:9:ter_vel_body_v_z_encode	0	static
../TER_DATABASES/ter.c:2729:7:ter_vel_body_v_z_decode	0	static
../TER_DATABASES/ter.c:2734:6:ter_vel_body_v_z_is_in_range	0	static
../TER_DATABASES/ter.c:2739:5:ter_imu_status_pack	0	static
../TER_DATABASES/ter.c:2767:5:ter_imu_status_unpack	0	static
../TER_DATABASES/ter.c:2793:5:ter_imu_status_init	0	static
../TER_DATABASES/ter.c:2802:9:ter_imu_status_status_encode	0	static
../TER_DATABASES/ter.c:2807:7:ter_imu_status_status_decode	0	static
../TER_DATABASES/ter.c:2812:6:ter_imu_status_status_is_in_range	0	static
../TER_DATABASES/ter.c:2817:9:ter_imu_status_pos_u_encode	0	static
../TER_DATABASES/ter.c:2822:7:ter_imu_status_pos_u_decode	0	static
../TER_DATABASES/ter.c:2827:6:ter_imu_status_pos_u_is_in_range	0	static
../TER_DATABASES/ter.c:2832:9:ter_imu_status_vel_u_encode	0	static
../TER_DATABASES/ter.c:2837:7:ter_imu_status_vel_u_decode	0	static
../TER_DATABASES/ter.c:2842:6:ter_imu_status_vel_u_is_in_range	0	static
../TER_DATABASES/ter.c:2847:5:ter_ter_status_pack	0	static
../TER_DATABASES/ter.c:2874:5:ter_ter_status_unpack	0	static
../TER_DATABASES/ter.c:2899:5:ter_ter_status_init	0	static
../TER_DATABASES/ter.c:2908:9:ter_ter_status_state_encode	8	static
../TER_DATABASES/ter.c:2913:7:ter_ter_status_state_decode	0	static
../TER_DATABASES/ter.c:2918:6:ter_ter_status_state_is_in_range	0	static
../TER_DATABASES/ter.c:2923:9:ter_ter_status_r2_d_encode	8	static
../TER_DATABASES/ter.c:2928:7:ter_ter_status_r2_d_decode	0	static
../TER_DATABASES/ter.c:2933:6:ter_ter_status_r2_d_is_in_range	0	static
../TER_DATABASES/ter.c:2938:9:ter_ter_status_scs_encode	8	static
../TER_DATABASES/ter.c:2943:7:ter_ter_status_scs_decode	0	static
../TER_DATABASES/ter.c:2948:6:ter_ter_status_scs_is_in_range	0	static
../TER_DATABASES/ter.c:2953:9:ter_ter_status_sl_encode	8	static
../TER_DATABASES/ter.c:2958:7:ter_ter_status_sl_decode	0	static
../TER_DATABASES/ter.c:2963:6:ter_ter_status_sl_is_in_range	0	static
../TER_DATABASES/ter.c:2968:9:ter_ter_status_bspd_encode	8	static
../TER_DATABASES/ter.c:2973:7:ter_ter_status_bspd_decode	0	static
../TER_DATABASES/ter.c:2978:6:ter_ter_status_bspd_is_in_range	0	static
../TER_DATABASES/ter.c:2983:9:ter_ter_status_imd_encode	8	static
../TER_DATABASES/ter.c:2988:7:ter_ter_status_imd_decode	0	static
../TER_DATABASES/ter.c:2993:6:ter_ter_status_imd_is_in_range	0	static
../TER_DATABASES/ter.c:2998:9:ter_ter_status_ams_encode	8	static
../TER_DATABASES/ter.c:3003:7:ter_ter_status_ams_decode	0	static
../TER_DATABASES/ter.c:3008:6:ter_ter_status_ams_is_in_range	0	static
../TER_DATABASES/ter.c:3013:9:ter_ter_status_apps_encode	8	static
../TER_DATABASES/ter.c:3018:7:ter_ter_status_apps_decode	0	static
../TER_DATABASES/ter.c:3023:6:ter_ter_status_apps_is_in_range	0	static
../TER_DATABASES/ter.c:3028:9:ter_ter_status_imu_encode	8	static
../TER_DATABASES/ter.c:3033:7:ter_ter_status_imu_decode	0	static
../TER_DATABASES/ter.c:3038:6:ter_ter_status_imu_is_in_range	0	static
../TER_DATABASES/ter.c:3043:9:ter_ter_status_refri_encode	8	static
../TER_DATABASES/ter.c:3048:7:ter_ter_status_refri_decode	0	static
../TER_DATABASES/ter.c:3053:6:ter_ter_status_refri_is_in_range	0	static
../TER_DATABASES/ter.c:3058:9:ter_ter_status_right_inv_encode	8	static
../TER_DATABASES/ter.c:3063:7:ter_ter_status_right_inv_decode	0	static
../TER_DATABASES/ter.c:3068:6:ter_ter_status_right_inv_is_in_range	0	static
../TER_DATABASES/ter.c:3073:9:ter_ter_status_left_inv_encode	8	static
../TER_DATABASES/ter.c:3078:7:ter_ter_status_left_inv_decode	0	static
../TER_DATABASES/ter.c:3083:6:ter_ter_status_left_inv_is_in_range	0	static
../TER_DATABASES/ter.c:3088:5:ter_response_pack	0	static
../TER_DATABASES/ter.c:3105:5:ter_response_unpack	0	static
../TER_DATABASES/ter.c:3120:5:ter_response_init	0	static
../TER_DATABASES/ter.c:3129:9:ter_response_cmd_encode	8	static
../TER_DATABASES/ter.c:3134:7:ter_response_cmd_decode	0	static
../TER_DATABASES/ter.c:3139:6:ter_response_cmd_is_in_range	0	static
../TER_DATABASES/ter.c:3144:9:ter_response_code_encode	8	static
../TER_DATABASES/ter.c:3149:7:ter_response_code_decode	0	static
../TER_DATABASES/ter.c:3154:6:ter_response_code_is_in_range	0	static
../TER_DATABASES/ter.c:3159:5:ter_chrg_status_pack	0	static
../TER_DATABASES/ter.c:3181:5:ter_chrg_status_unpack	0	static
../TER_DATABASES/ter.c:3201:5:ter_chrg_status_init	0	static
../TER_DATABASES/ter.c:3210:9:ter_chrg_status_state_encode	8	static
../TER_DATABASES/ter.c:3215:7:ter_chrg_status_state_decode	0	static
../TER_DATABASES/ter.c:3220:6:ter_chrg_status_state_is_in_range	0	static
../TER_DATABASES/ter.c:3225:10:ter_chrg_status_voltage_encode	0	static
../TER_DATABASES/ter.c:3230:7:ter_chrg_status_voltage_decode	0	static
../TER_DATABASES/ter.c:3235:6:ter_chrg_status_voltage_is_in_range	0	static
../TER_DATABASES/ter.c:3240:9:ter_chrg_status_current_encode	8	static
../TER_DATABASES/ter.c:3245:7:ter_chrg_status_current_decode	0	static
../TER_DATABASES/ter.c:3250:6:ter_chrg_status_current_is_in_range	0	static
../TER_DATABASES/ter.c:3255:9:ter_chrg_status_ams_encode	8	static
../TER_DATABASES/ter.c:3260:7:ter_chrg_status_ams_decode	0	static
../TER_DATABASES/ter.c:3265:6:ter_chrg_status_ams_is_in_range	0	static
../TER_DATABASES/ter.c:3270:9:ter_chrg_status_imd_encode	8	static
../TER_DATABASES/ter.c:3275:7:ter_chrg_status_imd_decode	0	static
../TER_DATABASES/ter.c:3280:6:ter_chrg_status_imd_is_in_range	0	static
../TER_DATABASES/ter.c:3285:9:ter_chrg_status_sl_encode	8	static
../TER_DATABASES/ter.c:3290:7:ter_chrg_status_sl_decode	0	static
../TER_DATABASES/ter.c:3295:6:ter_chrg_status_sl_is_in_range	0	static
../TER_DATABASES/ter.c:3300:5:ter_dynamic_config_pack	0	static
../TER_DATABASES/ter.c:3339:5:ter_dynamic_config_unpack	0	static
../TER_DATABASES/ter.c:3376:5:ter_dynamic_config_init	0	static
../TER_DATABASES/ter.c:3385:9:ter_dynamic_config_limiter_encode	8	static
../TER_DATABASES/ter.c:3390:7:ter_dynamic_config_limiter_decode	0	static
../TER_DATABASES/ter.c:3395:6:ter_dynamic_config_limiter_is_in_range	0	static
../TER_DATABASES/ter.c:3400:9:ter_dynamic_config_mode_encode	8	static
../TER_DATABASES/ter.c:3405:7:ter_dynamic_config_mode_decode	0	static
../TER_DATABASES/ter.c:3410:6:ter_dynamic_config_mode_is_in_range	0	static
../TER_DATABASES/ter.c:3415:9:ter_dynamic_config_traction_control_encode	8	static
../TER_DATABASES/ter.c:3420:7:ter_dynamic_config_traction_control_decode	0	static
../TER_DATABASES/ter.c:3425:6:ter_dynamic_config_traction_control_is_in_range	0	static
../TER_DATABASES/ter.c:3430:9:ter_dynamic_config_kw_limit_encode	8	static
../TER_DATABASES/ter.c:3435:7:ter_dynamic_config_kw_limit_decode	0	static
../TER_DATABASES/ter.c:3440:6:ter_dynamic_config_kw_limit_is_in_range	0	static
../TER_DATABASES/ter.c:3445:9:ter_dynamic_config_trq_limit_encode	8	static
../TER_DATABASES/ter.c:3450:7:ter_dynamic_config_trq_limit_decode	0	static
../TER_DATABASES/ter.c:3455:6:ter_dynamic_config_trq_limit_is_in_range	0	static
../TER_DATABASES/ter.c:3460:9:ter_dynamic_config_speed_limit_encode	8	static
../TER_DATABASES/ter.c:3465:7:ter_dynamic_config_speed_limit_decode	0	static
../TER_DATABASES/ter.c:3470:6:ter_dynamic_config_speed_limit_is_in_range	0	static
../TER_DATABASES/ter.c:3475:5:ter_wheel_info_pack	0	static
../TER_DATABASES/ter.c:3497:5:ter_wheel_info_unpack	0	static
../TER_DATABASES/ter.c:3517:5:ter_wheel_info_init	0	static
../TER_DATABASES/ter.c:3526:10:ter_wheel_info_rr_rpm_encode	0	static
../TER_DATABASES/ter.c:3531:7:ter_wheel_info_rr_rpm_decode	0	static
../TER_DATABASES/ter.c:3536:6:ter_wheel_info_rr_rpm_is_in_range	0	static
../TER_DATABASES/ter.c:3541:9:ter_wheel_info_rr_trq_encode	8	static
../TER_DATABASES/ter.c:3546:7:ter_wheel_info_rr_trq_decode	0	static
../TER_DATABASES/ter.c:3551:6:ter_wheel_info_rr_trq_is_in_range	0	static
../TER_DATABASES/ter.c:3556:10:ter_wheel_info_rl_rpm_encode	0	static
../TER_DATABASES/ter.c:3561:7:ter_wheel_info_rl_rpm_decode	0	static
../TER_DATABASES/ter.c:3566:6:ter_wheel_info_rl_rpm_is_in_range	0	static
../TER_DATABASES/ter.c:3571:9:ter_wheel_info_rl_trq_encode	8	static
../TER_DATABASES/ter.c:3576:7:ter_wheel_info_rl_trq_decode	0	static
../TER_DATABASES/ter.c:3581:6:ter_wheel_info_rl_trq_is_in_range	0	static
../TER_DATABASES/ter.c:3586:9:ter_wheel_info_speed_encode	8	static
../TER_DATABASES/ter.c:3591:7:ter_wheel_info_speed_decode	0	static
../TER_DATABASES/ter.c:3596:6:ter_wheel_info_speed_is_in_range	0	static
../TER_DATABASES/ter.c:3601:5:ter_inverter_info_pack	0	static
../TER_DATABASES/ter.c:3622:5:ter_inverter_info_unpack	0	static
../TER_DATABASES/ter.c:3641:5:ter_inverter_info_init	0	static
../TER_DATABASES/ter.c:3650:9:ter_inverter_info_left_dem_encode	8	static
../TER_DATABASES/ter.c:3655:7:ter_inverter_info_left_dem_decode	0	static
../TER_DATABASES/ter.c:3660:6:ter_inverter_info_left_dem_is_in_range	0	static
../TER_DATABASES/ter.c:3665:9:ter_inverter_info_right_dem_encode	8	static
../TER_DATABASES/ter.c:3670:7:ter_inverter_info_right_dem_decode	0	static
../TER_DATABASES/ter.c:3675:6:ter_inverter_info_right_dem_is_in_range	0	static
../TER_DATABASES/ter.c:3680:9:ter_inverter_info_left_power_stage_temp_encode	8	static
../TER_DATABASES/ter.c:3685:7:ter_inverter_info_left_power_stage_temp_decode	0	static
../TER_DATABASES/ter.c:3690:6:ter_inverter_info_left_power_stage_temp_is_in_range	0	static
../TER_DATABASES/ter.c:3695:9:ter_inverter_info_right_power_stage_temp_encode	8	static
../TER_DATABASES/ter.c:3700:7:ter_inverter_info_right_power_stage_temp_decode	0	static
../TER_DATABASES/ter.c:3705:6:ter_inverter_info_right_power_stage_temp_is_in_range	0	static
../TER_DATABASES/ter.c:3710:9:ter_inverter_info_left_motor_temp_encode	8	static
../TER_DATABASES/ter.c:3715:7:ter_inverter_info_left_motor_temp_decode	0	static
../TER_DATABASES/ter.c:3720:6:ter_inverter_info_left_motor_temp_is_in_range	0	static
../TER_DATABASES/ter.c:3725:9:ter_inverter_info_right_motor_temp_encode	8	static
../TER_DATABASES/ter.c:3730:7:ter_inverter_info_right_motor_temp_decode	0	static
../TER_DATABASES/ter.c:3735:6:ter_inverter_info_right_motor_temp_is_in_range	0	static
