../Core/Src/TeR_STATEMACHINE.c:38:9:initStateMachine	16	static
../Core/Src/TeR_STATEMACHINE.c:46:9:getState	16	static
../Core/Src/TeR_STATEMACHINE.c:72:6:stateMachine	32	static
../Core/Src/TeR_STATEMACHINE.c:168:6:waitSL	4	static
../Core/Src/TeR_STATEMACHINE.c:171:6:rdy2Prech	4	static
../Core/Src/TeR_STATEMACHINE.c:174:6:precharging	4	static
../Core/Src/TeR_STATEMACHINE.c:177:6:precharged	4	static
../Core/Src/TeR_STATEMACHINE.c:180:6:driving	8	static
../Core/Src/TeR_STATEMACHINE.c:187:6:permaTask	8	static
